/home/alexcc/repos/SPIDER_25008/install/locomotion/lib/python3.10/site-packages/locomotion/gps_parser.py
/home/alexcc/repos/SPIDER_25008/install/locomotion/lib/python3.10/site-packages/locomotion/locomotion_service.py
/home/alexcc/repos/SPIDER_25008/install/locomotion/lib/python3.10/site-packages/locomotion/locomotionController.py
/home/alexcc/repos/SPIDER_25008/install/locomotion/lib/python3.10/site-packages/locomotion/testCode.py
/home/alexcc/repos/SPIDER_25008/install/locomotion/lib/python3.10/site-packages/locomotion/MockServoDriver.py
/home/alexcc/repos/SPIDER_25008/install/locomotion/lib/python3.10/site-packages/locomotion/__init__.py
/home/alexcc/repos/SPIDER_25008/install/locomotion/lib/python3.10/site-packages/locomotion/imu_pub.py
/home/alexcc/repos/SPIDER_25008/install/locomotion/lib/python3.10/site-packages/locomotion/sensorTest.py
/home/alexcc/repos/SPIDER_25008/install/locomotion/lib/python3.10/site-packages/locomotion/servoLeveler.py
/home/alexcc/repos/SPIDER_25008/install/locomotion/lib/python3.10/site-packages/locomotion/MockDoFSensor.py
/home/alexcc/repos/SPIDER_25008/install/locomotion/lib/python3.10/site-packages/locomotion/nav_client.py
/home/alexcc/repos/SPIDER_25008/install/locomotion/lib/python3.10/site-packages/locomotion/__pycache__/gps_parser.cpython-310.pyc
/home/alexcc/repos/SPIDER_25008/install/locomotion/lib/python3.10/site-packages/locomotion/__pycache__/locomotion_service.cpython-310.pyc
/home/alexcc/repos/SPIDER_25008/install/locomotion/lib/python3.10/site-packages/locomotion/__pycache__/locomotionController.cpython-310.pyc
/home/alexcc/repos/SPIDER_25008/install/locomotion/lib/python3.10/site-packages/locomotion/__pycache__/testCode.cpython-310.pyc
/home/alexcc/repos/SPIDER_25008/install/locomotion/lib/python3.10/site-packages/locomotion/__pycache__/MockServoDriver.cpython-310.pyc
/home/alexcc/repos/SPIDER_25008/install/locomotion/lib/python3.10/site-packages/locomotion/__pycache__/__init__.cpython-310.pyc
/home/alexcc/repos/SPIDER_25008/install/locomotion/lib/python3.10/site-packages/locomotion/__pycache__/imu_pub.cpython-310.pyc
/home/alexcc/repos/SPIDER_25008/install/locomotion/lib/python3.10/site-packages/locomotion/__pycache__/sensorTest.cpython-310.pyc
/home/alexcc/repos/SPIDER_25008/install/locomotion/lib/python3.10/site-packages/locomotion/__pycache__/servoLeveler.cpython-310.pyc
/home/alexcc/repos/SPIDER_25008/install/locomotion/lib/python3.10/site-packages/locomotion/__pycache__/MockDoFSensor.cpython-310.pyc
/home/alexcc/repos/SPIDER_25008/install/locomotion/lib/python3.10/site-packages/locomotion/__pycache__/nav_client.cpython-310.pyc
/home/alexcc/repos/SPIDER_25008/install/locomotion/share/ament_index/resource_index/packages/locomotion
/home/alexcc/repos/SPIDER_25008/install/locomotion/share/locomotion/package.xml
/home/alexcc/repos/SPIDER_25008/install/locomotion/lib/python3.10/site-packages/locomotion-0.0.0-py3.10.egg-info/dependency_links.txt
/home/alexcc/repos/SPIDER_25008/install/locomotion/lib/python3.10/site-packages/locomotion-0.0.0-py3.10.egg-info/PKG-INFO
/home/alexcc/repos/SPIDER_25008/install/locomotion/lib/python3.10/site-packages/locomotion-0.0.0-py3.10.egg-info/requires.txt
/home/alexcc/repos/SPIDER_25008/install/locomotion/lib/python3.10/site-packages/locomotion-0.0.0-py3.10.egg-info/SOURCES.txt
/home/alexcc/repos/SPIDER_25008/install/locomotion/lib/python3.10/site-packages/locomotion-0.0.0-py3.10.egg-info/entry_points.txt
/home/alexcc/repos/SPIDER_25008/install/locomotion/lib/python3.10/site-packages/locomotion-0.0.0-py3.10.egg-info/zip-safe
/home/alexcc/repos/SPIDER_25008/install/locomotion/lib/python3.10/site-packages/locomotion-0.0.0-py3.10.egg-info/top_level.txt
/home/alexcc/repos/SPIDER_25008/install/locomotion/lib/locomotion/client
/home/alexcc/repos/SPIDER_25008/install/locomotion/lib/locomotion/imu_pub
/home/alexcc/repos/SPIDER_25008/install/locomotion/lib/locomotion/service
