[0.017s] Invoking command in '/home/alexcc/repos/SPIDER_25008/SPIDER_ws/build/spider_interfaces': CMAKE_PREFIX_PATH=/opt/ros/humble /home/alexcc/.local/bin/cmake /home/alexcc/repos/SPIDER_25008/SPIDER_ws/src/spider_interfaces -DAMENT_CMAKE_SYMLINK_INSTALL=1 -DCMAKE_INSTALL_PREFIX=/home/alexcc/repos/SPIDER_25008/SPIDER_ws/install/spider_interfaces
[0.164s] [0mCMake Deprecation Warning at CMakeLists.txt:1 (cmake_minimum_required):
[0.165s]   Compatibility with CMake < 3.10 will be removed from a future version of
[0.165s]   CMake.
[0.165s] 
[0.165s]   Update the VERSION argument <min> value.  Or, use the <min>...<max> syntax
[0.165s]   to tell CMake that the project requires at least <min> but has been updated
[0.165s]   to work with policies introduced by <max> or earlier.
[0.165s] 
[0.165s] [0m
[0.254s] -- The C compiler identification is GNU 11.4.0
[0.379s] -- The CXX compiler identification is GNU 11.4.0
[0.402s] -- Detecting C compiler ABI info
[0.529s] -- Detecting C compiler ABI info - done
[0.565s] -- Check for working C compiler: /usr/bin/cc - skipped
[0.566s] -- Detecting C compile features
[0.567s] -- Detecting C compile features - done
[0.594s] -- Detecting CXX compiler ABI info
[0.739s] -- Detecting CXX compiler ABI info - done
[0.778s] -- Check for working CXX compiler: /usr/bin/c++ - skipped
[0.779s] -- Detecting CXX compile features
[0.781s] -- Detecting CXX compile features - done
[0.800s] -- Found ament_cmake: 1.3.11 (/opt/ros/humble/share/ament_cmake/cmake)
[1.125s] -- Found Python3: /usr/bin/python3 (found version "3.10.12") found components: Interpreter
[1.264s] -- Override CMake install command with custom implementation using symlinks instead of copying resources
[1.318s] -- Found std_msgs: 4.2.4 (/opt/ros/humble/share/std_msgs/cmake)
[1.394s] -- Found rosidl_generator_c: 3.1.6 (/opt/ros/humble/share/rosidl_generator_c/cmake)
[1.403s] -- Found rosidl_adapter: 3.1.6 (/opt/ros/humble/share/rosidl_adapter/cmake)
[1.419s] -- Found rosidl_generator_cpp: 3.1.6 (/opt/ros/humble/share/rosidl_generator_cpp/cmake)
[1.446s] -- Using all available rosidl_typesupport_c: rosidl_typesupport_fastrtps_c;rosidl_typesupport_introspection_c
[1.481s] -- Using all available rosidl_typesupport_cpp: rosidl_typesupport_fastrtps_cpp;rosidl_typesupport_introspection_cpp
[1.542s] -- Found rosidl_default_generators: 1.2.0 (/opt/ros/humble/share/rosidl_default_generators/cmake)
[2.594s] -- Found ament_cmake_ros: 0.10.0 (/opt/ros/humble/share/ament_cmake_ros/cmake)
[4.522s] -- Using all available rosidl_typesupport_c: rosidl_typesupport_fastrtps_c;rosidl_typesupport_introspection_c
[5.219s] -- Using all available rosidl_typesupport_cpp: rosidl_typesupport_fastrtps_cpp;rosidl_typesupport_introspection_cpp
[5.224s] [33mCMake Warning (dev) at /opt/ros/humble/share/rosidl_generator_py/cmake/rosidl_generator_py_generate_interfaces.cmake:20 (find_package):
[5.224s]   Policy CMP0148 is not set: The FindPythonInterp and FindPythonLibs modules
[5.224s]   are removed.  Run "cmake --help-policy CMP0148" for policy details.  Use
[5.225s]   the cmake_policy command to set the policy and suppress this warning.
[5.225s] 
[5.225s] Call Stack (most recent call first):
[5.225s]   /opt/ros/humble/share/ament_cmake_core/cmake/core/ament_execute_extensions.cmake:48 (include)
[5.225s]   /opt/ros/humble/share/rosidl_cmake/cmake/rosidl_generate_interfaces.cmake:286 (ament_execute_extensions)
[5.226s]   CMakeLists.txt:27 (rosidl_generate_interfaces)
[5.226s] This warning is for project developers.  Use -Wno-dev to suppress it.
[5.226s] [0m
[5.281s] -- Found PythonInterp: /usr/bin/python3 (found suitable version "3.10.12", minimum required is "3.6")
[5.285s] -- Found python_cmake_module: 0.10.0 (/opt/ros/humble/share/python_cmake_module/cmake)
[5.287s] [33mCMake Warning (dev) at /opt/ros/humble/share/python_cmake_module/cmake/Modules/FindPythonExtra.cmake:52 (find_package):
[5.287s]   Policy CMP0148 is not set: The FindPythonInterp and FindPythonLibs modules
[5.287s]   are removed.  Run "cmake --help-policy CMP0148" for policy details.  Use
[5.287s]   the cmake_policy command to set the policy and suppress this warning.
[5.288s] 
[5.288s] Call Stack (most recent call first):
[5.288s]   /opt/ros/humble/share/rosidl_generator_py/cmake/rosidl_generator_py_generate_interfaces.cmake:23 (find_package)
[5.288s]   /opt/ros/humble/share/ament_cmake_core/cmake/core/ament_execute_extensions.cmake:48 (include)
[5.288s]   /opt/ros/humble/share/rosidl_cmake/cmake/rosidl_generate_interfaces.cmake:286 (ament_execute_extensions)
[5.288s]   CMakeLists.txt:27 (rosidl_generate_interfaces)
[5.288s] This warning is for project developers.  Use -Wno-dev to suppress it.
[5.288s] [0m
[5.331s] [33mCMake Warning (dev) at /opt/ros/humble/share/python_cmake_module/cmake/Modules/FindPythonExtra.cmake:140 (find_package):
[5.331s]   Policy CMP0148 is not set: The FindPythonInterp and FindPythonLibs modules
[5.331s]   are removed.  Run "cmake --help-policy CMP0148" for policy details.  Use
[5.331s]   the cmake_policy command to set the policy and suppress this warning.
[5.331s] 
[5.331s] Call Stack (most recent call first):
[5.331s]   /opt/ros/humble/share/rosidl_generator_py/cmake/rosidl_generator_py_generate_interfaces.cmake:23 (find_package)
[5.332s]   /opt/ros/humble/share/ament_cmake_core/cmake/core/ament_execute_extensions.cmake:48 (include)
[5.332s]   /opt/ros/humble/share/rosidl_cmake/cmake/rosidl_generate_interfaces.cmake:286 (ament_execute_extensions)
[5.332s]   CMakeLists.txt:27 (rosidl_generate_interfaces)
[5.332s] This warning is for project developers.  Use -Wno-dev to suppress it.
[5.332s] [0m
[5.349s] -- Found PythonLibs: /usr/lib/aarch64-linux-gnu/libpython3.10.so (found suitable version "3.10.12", minimum required is "3.5")
[5.350s] -- Using PYTHON_EXECUTABLE: /usr/bin/python3
[5.350s] -- Using PYTHON_INCLUDE_DIRS: /usr/include/python3.10
[5.350s] -- Using PYTHON_LIBRARIES: /usr/lib/aarch64-linux-gnu/libpython3.10.so
[5.399s] -- Found PythonExtra: .so
[5.577s] -- Configuring done (5.4s)
[5.662s] -- Generating done (0.1s)
[5.680s] -- Build files have been written to: /home/alexcc/repos/SPIDER_25008/SPIDER_ws/build/spider_interfaces
[5.698s] Invoked command in '/home/alexcc/repos/SPIDER_25008/SPIDER_ws/build/spider_interfaces' returned '0': CMAKE_PREFIX_PATH=/opt/ros/humble /home/alexcc/.local/bin/cmake /home/alexcc/repos/SPIDER_25008/SPIDER_ws/src/spider_interfaces -DAMENT_CMAKE_SYMLINK_INSTALL=1 -DCMAKE_INSTALL_PREFIX=/home/alexcc/repos/SPIDER_25008/SPIDER_ws/install/spider_interfaces
[5.702s] Invoking command in '/home/alexcc/repos/SPIDER_25008/SPIDER_ws/build/spider_interfaces': CMAKE_PREFIX_PATH=/opt/ros/humble /home/alexcc/.local/bin/cmake --build /home/alexcc/repos/SPIDER_25008/SPIDER_ws/build/spider_interfaces -- -j6 -l6
[5.882s] [  2%] [34m[1mGenerating C code for ROS interfaces[0m
[5.889s] [  5%] [34m[1mGenerating C++ code for ROS interfaces[0m
[5.892s] [  5%] Built target ament_cmake_python_symlink_spider_interfaces
[6.380s] running egg_info
[6.381s] creating spider_interfaces.egg-info
[6.381s] writing spider_interfaces.egg-info/PKG-INFO
[6.381s] writing dependency_links to spider_interfaces.egg-info/dependency_links.txt
[6.382s] writing top-level names to spider_interfaces.egg-info/top_level.txt
[6.382s] writing manifest file 'spider_interfaces.egg-info/SOURCES.txt'
[6.387s] reading manifest file 'spider_interfaces.egg-info/SOURCES.txt'
[6.388s] writing manifest file 'spider_interfaces.egg-info/SOURCES.txt'
[6.450s] [  5%] Built target ament_cmake_python_build_spider_interfaces_egg
[6.519s] [  5%] Built target spider_interfaces__cpp
[6.527s] [  7%] [34m[1mGenerating C++ type support for eProsima Fast-RTPS[0m
[6.528s] [ 10%] [34m[1mGenerating C++ type support dispatch for ROS interfaces[0m
[6.529s] [ 12%] [34m[1mGenerating C++ introspection for ROS interfaces[0m
[6.542s] [ 17%] [32mBuilding C object CMakeFiles/spider_interfaces__rosidl_generator_c.dir/rosidl_generator_c/spider_interfaces/msg/detail/loc_commands__functions.c.o[0m
[6.543s] [ 17%] [32mBuilding C object CMakeFiles/spider_interfaces__rosidl_generator_c.dir/rosidl_generator_c/spider_interfaces/srv/detail/loc_service__functions.c.o[0m
[6.663s] [ 20%] [32m[1mLinking C shared library libspider_interfaces__rosidl_generator_c.so[0m
[6.710s] [ 20%] Built target spider_interfaces__rosidl_generator_c
[6.719s] [ 23%] [34m[1mGenerating C introspection for ROS interfaces[0m
[6.720s] [ 25%] [34m[1mGenerating C type support for eProsima Fast-RTPS[0m
[6.725s] [ 28%] [34m[1mGenerating C type support dispatch for ROS interfaces[0m
[7.096s] [ 30%] [32mBuilding CXX object CMakeFiles/spider_interfaces__rosidl_typesupport_cpp.dir/rosidl_typesupport_cpp/spider_interfaces/msg/loc_commands__type_support.cpp.o[0m
[7.125s] [ 33%] [32mBuilding CXX object CMakeFiles/spider_interfaces__rosidl_typesupport_introspection_cpp.dir/rosidl_typesupport_introspection_cpp/spider_interfaces/msg/detail/loc_commands__type_support.cpp.o[0m
[7.234s] [ 35%] [32mBuilding CXX object CMakeFiles/spider_interfaces__rosidl_typesupport_fastrtps_cpp.dir/rosidl_typesupport_fastrtps_cpp/spider_interfaces/msg/detail/dds_fastrtps/loc_commands__type_support.cpp.o[0m
[7.353s] [ 38%] [32mBuilding C object CMakeFiles/spider_interfaces__rosidl_typesupport_introspection_c.dir/rosidl_typesupport_introspection_c/spider_interfaces/msg/detail/loc_commands__type_support.c.o[0m
[7.360s] [ 41%] [32mBuilding CXX object CMakeFiles/spider_interfaces__rosidl_typesupport_fastrtps_c.dir/rosidl_typesupport_fastrtps_c/spider_interfaces/msg/detail/loc_commands__type_support_c.cpp.o[0m
[7.386s] [ 43%] [32mBuilding CXX object CMakeFiles/spider_interfaces__rosidl_typesupport_c.dir/rosidl_typesupport_c/spider_interfaces/msg/loc_commands__type_support.cpp.o[0m
[7.445s] [ 46%] [32mBuilding CXX object CMakeFiles/spider_interfaces__rosidl_typesupport_c.dir/rosidl_typesupport_c/spider_interfaces/srv/loc_service__type_support.cpp.o[0m
[7.450s] [ 48%] [32mBuilding C object CMakeFiles/spider_interfaces__rosidl_typesupport_introspection_c.dir/rosidl_typesupport_introspection_c/spider_interfaces/srv/detail/loc_service__type_support.c.o[0m
[7.508s] [ 51%] [32m[1mLinking CXX shared library libspider_interfaces__rosidl_typesupport_c.so[0m
[7.562s] [ 53%] [32m[1mLinking C shared library libspider_interfaces__rosidl_typesupport_introspection_c.so[0m
[7.567s] [ 53%] Built target spider_interfaces__rosidl_typesupport_c
[7.578s] [ 56%] [32mBuilding CXX object CMakeFiles/spider_interfaces__rosidl_typesupport_introspection_cpp.dir/rosidl_typesupport_introspection_cpp/spider_interfaces/srv/detail/loc_service__type_support.cpp.o[0m
[7.655s] [ 56%] Built target spider_interfaces__rosidl_typesupport_introspection_c
[7.663s] [ 58%] [32mBuilding CXX object CMakeFiles/spider_interfaces__rosidl_typesupport_fastrtps_c.dir/rosidl_typesupport_fastrtps_c/spider_interfaces/srv/detail/loc_service__type_support_c.cpp.o[0m
[7.826s] [ 61%] [32mBuilding CXX object CMakeFiles/spider_interfaces__rosidl_typesupport_cpp.dir/rosidl_typesupport_cpp/spider_interfaces/srv/loc_service__type_support.cpp.o[0m
[7.951s] [ 64%] [32mBuilding CXX object CMakeFiles/spider_interfaces__rosidl_typesupport_fastrtps_cpp.dir/rosidl_typesupport_fastrtps_cpp/spider_interfaces/srv/detail/dds_fastrtps/loc_service__type_support.cpp.o[0m
[8.472s] [ 66%] [32m[1mLinking CXX shared library libspider_interfaces__rosidl_typesupport_cpp.so[0m
[8.484s] [ 69%] [32m[1mLinking CXX shared library libspider_interfaces__rosidl_typesupport_introspection_cpp.so[0m
[8.513s] [ 71%] [32m[1mLinking CXX shared library libspider_interfaces__rosidl_typesupport_fastrtps_c.so[0m
[8.528s] [ 71%] Built target spider_interfaces__rosidl_typesupport_cpp
[8.597s] [ 71%] Built target spider_interfaces__rosidl_typesupport_introspection_cpp
[8.644s] [ 71%] Built target spider_interfaces__rosidl_typesupport_fastrtps_c
[8.861s] [ 74%] [32m[1mLinking CXX shared library libspider_interfaces__rosidl_typesupport_fastrtps_cpp.so[0m
[8.995s] [ 74%] Built target spider_interfaces__rosidl_typesupport_fastrtps_cpp
[9.016s] [ 74%] Built target spider_interfaces
[9.037s] [ 76%] [34m[1mGenerating Python code for ROS interfaces[0m
[9.878s] [ 76%] Built target spider_interfaces__py
[9.899s] [ 79%] [32mBuilding C object CMakeFiles/spider_interfaces__rosidl_generator_py.dir/rosidl_generator_py/spider_interfaces/msg/_loc_commands_s.c.o[0m
[9.899s] [ 82%] [32mBuilding C object CMakeFiles/spider_interfaces__rosidl_generator_py.dir/rosidl_generator_py/spider_interfaces/srv/_loc_service_s.c.o[0m
[10.111s] [ 84%] [32m[1mLinking C shared library rosidl_generator_py/spider_interfaces/libspider_interfaces__rosidl_generator_py.so[0m
[10.189s] [ 84%] Built target spider_interfaces__rosidl_generator_py
[10.209s] [ 89%] [32mBuilding C object CMakeFiles/spider_interfaces__rosidl_typesupport_introspection_c__pyext.dir/rosidl_generator_py/spider_interfaces/_spider_interfaces_s.ep.rosidl_typesupport_introspection_c.c.o[0m
[10.210s] [ 89%] [32mBuilding C object CMakeFiles/spider_interfaces__rosidl_typesupport_fastrtps_c__pyext.dir/rosidl_generator_py/spider_interfaces/_spider_interfaces_s.ep.rosidl_typesupport_fastrtps_c.c.o[0m
[10.211s] [ 92%] [32mBuilding C object CMakeFiles/spider_interfaces__rosidl_typesupport_c__pyext.dir/rosidl_generator_py/spider_interfaces/_spider_interfaces_s.ep.rosidl_typesupport_c.c.o[0m
[10.411s] [ 94%] [32m[1mLinking C shared library rosidl_generator_py/spider_interfaces/spider_interfaces_s__rosidl_typesupport_introspection_c.cpython-310-aarch64-linux-gnu.so[0m
[10.412s] [ 97%] [32m[1mLinking C shared library rosidl_generator_py/spider_interfaces/spider_interfaces_s__rosidl_typesupport_c.cpython-310-aarch64-linux-gnu.so[0m
[10.437s] [100%] [32m[1mLinking C shared library rosidl_generator_py/spider_interfaces/spider_interfaces_s__rosidl_typesupport_fastrtps_c.cpython-310-aarch64-linux-gnu.so[0m
[10.466s] [100%] Built target spider_interfaces__rosidl_typesupport_c__pyext
[10.470s] [100%] Built target spider_interfaces__rosidl_typesupport_introspection_c__pyext
[10.512s] [100%] Built target spider_interfaces__rosidl_typesupport_fastrtps_c__pyext
[10.526s] Invoked command in '/home/alexcc/repos/SPIDER_25008/SPIDER_ws/build/spider_interfaces' returned '0': CMAKE_PREFIX_PATH=/opt/ros/humble /home/alexcc/.local/bin/cmake --build /home/alexcc/repos/SPIDER_25008/SPIDER_ws/build/spider_interfaces -- -j6 -l6
[10.691s] Invoking command in '/home/alexcc/repos/SPIDER_25008/SPIDER_ws/build/spider_interfaces': CMAKE_PREFIX_PATH=/opt/ros/humble /home/alexcc/.local/bin/cmake --install /home/alexcc/repos/SPIDER_25008/SPIDER_ws/build/spider_interfaces
[10.851s] -- Install configuration: ""
[10.853s] -- Execute custom install script
[10.854s] -- Up-to-date symlink: /home/alexcc/repos/SPIDER_25008/SPIDER_ws/install/spider_interfaces/share/ament_index/resource_index/rosidl_interfaces/spider_interfaces
[10.855s] -- Up-to-date symlink: /home/alexcc/repos/SPIDER_25008/SPIDER_ws/install/spider_interfaces/include/spider_interfaces/spider_interfaces/msg/detail/loc_commands__functions.h
[10.856s] -- Up-to-date symlink: /home/alexcc/repos/SPIDER_25008/SPIDER_ws/install/spider_interfaces/include/spider_interfaces/spider_interfaces/msg/detail/loc_commands__struct.h
[10.856s] -- Up-to-date symlink: /home/alexcc/repos/SPIDER_25008/SPIDER_ws/install/spider_interfaces/include/spider_interfaces/spider_interfaces/msg/detail/loc_commands__type_support.h
[10.856s] -- Up-to-date symlink: /home/alexcc/repos/SPIDER_25008/SPIDER_ws/install/spider_interfaces/include/spider_interfaces/spider_interfaces/msg/loc_commands.h
[10.856s] -- Up-to-date symlink: /home/alexcc/repos/SPIDER_25008/SPIDER_ws/install/spider_interfaces/include/spider_interfaces/spider_interfaces/msg/rosidl_generator_c__visibility_control.h
[10.857s] -- Up-to-date symlink: /home/alexcc/repos/SPIDER_25008/SPIDER_ws/install/spider_interfaces/include/spider_interfaces/spider_interfaces/srv/detail/loc_service__functions.h
[10.857s] -- Up-to-date symlink: /home/alexcc/repos/SPIDER_25008/SPIDER_ws/install/spider_interfaces/include/spider_interfaces/spider_interfaces/srv/detail/loc_service__struct.h
[10.857s] -- Up-to-date symlink: /home/alexcc/repos/SPIDER_25008/SPIDER_ws/install/spider_interfaces/include/spider_interfaces/spider_interfaces/srv/detail/loc_service__type_support.h
[10.857s] -- Up-to-date symlink: /home/alexcc/repos/SPIDER_25008/SPIDER_ws/install/spider_interfaces/include/spider_interfaces/spider_interfaces/srv/loc_service.h
[10.858s] -- Up-to-date symlink: /home/alexcc/repos/SPIDER_25008/SPIDER_ws/install/spider_interfaces/share/spider_interfaces/environment/library_path.sh
[10.858s] -- Up-to-date symlink: /home/alexcc/repos/SPIDER_25008/SPIDER_ws/install/spider_interfaces/share/spider_interfaces/environment/library_path.dsv
[10.859s] -- Up-to-date symlink: /home/alexcc/repos/SPIDER_25008/SPIDER_ws/install/spider_interfaces/include/spider_interfaces/spider_interfaces/msg/detail/loc_commands__rosidl_typesupport_fastrtps_c.h
[10.859s] -- Up-to-date symlink: /home/alexcc/repos/SPIDER_25008/SPIDER_ws/install/spider_interfaces/include/spider_interfaces/spider_interfaces/msg/rosidl_typesupport_fastrtps_c__visibility_control.h
[10.860s] -- Up-to-date symlink: /home/alexcc/repos/SPIDER_25008/SPIDER_ws/install/spider_interfaces/include/spider_interfaces/spider_interfaces/srv/detail/loc_service__rosidl_typesupport_fastrtps_c.h
[10.861s] -- Up-to-date symlink: /home/alexcc/repos/SPIDER_25008/SPIDER_ws/install/spider_interfaces/include/spider_interfaces/spider_interfaces/msg/detail/loc_commands__builder.hpp
[10.861s] -- Up-to-date symlink: /home/alexcc/repos/SPIDER_25008/SPIDER_ws/install/spider_interfaces/include/spider_interfaces/spider_interfaces/msg/detail/loc_commands__struct.hpp
[10.861s] -- Up-to-date symlink: /home/alexcc/repos/SPIDER_25008/SPIDER_ws/install/spider_interfaces/include/spider_interfaces/spider_interfaces/msg/detail/loc_commands__traits.hpp
[10.861s] -- Up-to-date symlink: /home/alexcc/repos/SPIDER_25008/SPIDER_ws/install/spider_interfaces/include/spider_interfaces/spider_interfaces/msg/detail/loc_commands__type_support.hpp
[10.862s] -- Up-to-date symlink: /home/alexcc/repos/SPIDER_25008/SPIDER_ws/install/spider_interfaces/include/spider_interfaces/spider_interfaces/msg/loc_commands.hpp
[10.862s] -- Up-to-date symlink: /home/alexcc/repos/SPIDER_25008/SPIDER_ws/install/spider_interfaces/include/spider_interfaces/spider_interfaces/msg/rosidl_generator_cpp__visibility_control.hpp
[10.862s] -- Up-to-date symlink: /home/alexcc/repos/SPIDER_25008/SPIDER_ws/install/spider_interfaces/include/spider_interfaces/spider_interfaces/srv/detail/loc_service__builder.hpp
[10.862s] -- Up-to-date symlink: /home/alexcc/repos/SPIDER_25008/SPIDER_ws/install/spider_interfaces/include/spider_interfaces/spider_interfaces/srv/detail/loc_service__struct.hpp
[10.862s] -- Up-to-date symlink: /home/alexcc/repos/SPIDER_25008/SPIDER_ws/install/spider_interfaces/include/spider_interfaces/spider_interfaces/srv/detail/loc_service__traits.hpp
[10.863s] -- Up-to-date symlink: /home/alexcc/repos/SPIDER_25008/SPIDER_ws/install/spider_interfaces/include/spider_interfaces/spider_interfaces/srv/detail/loc_service__type_support.hpp
[10.863s] -- Up-to-date symlink: /home/alexcc/repos/SPIDER_25008/SPIDER_ws/install/spider_interfaces/include/spider_interfaces/spider_interfaces/srv/loc_service.hpp
[10.864s] -- Up-to-date symlink: /home/alexcc/repos/SPIDER_25008/SPIDER_ws/install/spider_interfaces/include/spider_interfaces/spider_interfaces/msg/detail/loc_commands__rosidl_typesupport_fastrtps_cpp.hpp
[10.864s] -- Up-to-date symlink: /home/alexcc/repos/SPIDER_25008/SPIDER_ws/install/spider_interfaces/include/spider_interfaces/spider_interfaces/msg/rosidl_typesupport_fastrtps_cpp__visibility_control.h
[10.865s] -- Up-to-date symlink: /home/alexcc/repos/SPIDER_25008/SPIDER_ws/install/spider_interfaces/include/spider_interfaces/spider_interfaces/srv/detail/loc_service__rosidl_typesupport_fastrtps_cpp.hpp
[10.865s] -- Up-to-date symlink: /home/alexcc/repos/SPIDER_25008/SPIDER_ws/install/spider_interfaces/include/spider_interfaces/spider_interfaces/msg/detail/loc_commands__rosidl_typesupport_introspection_c.h
[10.866s] -- Up-to-date symlink: /home/alexcc/repos/SPIDER_25008/SPIDER_ws/install/spider_interfaces/include/spider_interfaces/spider_interfaces/msg/rosidl_typesupport_introspection_c__visibility_control.h
[10.866s] -- Up-to-date symlink: /home/alexcc/repos/SPIDER_25008/SPIDER_ws/install/spider_interfaces/include/spider_interfaces/spider_interfaces/srv/detail/loc_service__rosidl_typesupport_introspection_c.h
[10.867s] -- Up-to-date symlink: /home/alexcc/repos/SPIDER_25008/SPIDER_ws/install/spider_interfaces/include/spider_interfaces/spider_interfaces/msg/detail/loc_commands__rosidl_typesupport_introspection_cpp.hpp
[10.867s] -- Up-to-date symlink: /home/alexcc/repos/SPIDER_25008/SPIDER_ws/install/spider_interfaces/include/spider_interfaces/spider_interfaces/srv/detail/loc_service__rosidl_typesupport_introspection_cpp.hpp
[10.867s] -- Up-to-date symlink: /home/alexcc/repos/SPIDER_25008/SPIDER_ws/install/spider_interfaces/share/spider_interfaces/environment/pythonpath.sh
[10.868s] -- Up-to-date symlink: /home/alexcc/repos/SPIDER_25008/SPIDER_ws/install/spider_interfaces/share/spider_interfaces/environment/pythonpath.dsv
[10.868s] -- Up-to-date symlink: /home/alexcc/repos/SPIDER_25008/SPIDER_ws/install/spider_interfaces/local/lib/python3.10/dist-packages/spider_interfaces-0.0.0-py3.10.egg-info/PKG-INFO
[10.869s] -- Up-to-date symlink: /home/alexcc/repos/SPIDER_25008/SPIDER_ws/install/spider_interfaces/local/lib/python3.10/dist-packages/spider_interfaces-0.0.0-py3.10.egg-info/SOURCES.txt
[10.869s] -- Up-to-date symlink: /home/alexcc/repos/SPIDER_25008/SPIDER_ws/install/spider_interfaces/local/lib/python3.10/dist-packages/spider_interfaces-0.0.0-py3.10.egg-info/dependency_links.txt
[10.870s] -- Up-to-date symlink: /home/alexcc/repos/SPIDER_25008/SPIDER_ws/install/spider_interfaces/local/lib/python3.10/dist-packages/spider_interfaces-0.0.0-py3.10.egg-info/top_level.txt
[10.871s] -- Up-to-date symlink: /home/alexcc/repos/SPIDER_25008/SPIDER_ws/install/spider_interfaces/local/lib/python3.10/dist-packages/spider_interfaces/__init__.py
[10.871s] -- Up-to-date symlink: /home/alexcc/repos/SPIDER_25008/SPIDER_ws/install/spider_interfaces/local/lib/python3.10/dist-packages/spider_interfaces/_spider_interfaces_s.ep.rosidl_typesupport_c.c
[10.871s] -- Up-to-date symlink: /home/alexcc/repos/SPIDER_25008/SPIDER_ws/install/spider_interfaces/local/lib/python3.10/dist-packages/spider_interfaces/_spider_interfaces_s.ep.rosidl_typesupport_fastrtps_c.c
[10.872s] -- Up-to-date symlink: /home/alexcc/repos/SPIDER_25008/SPIDER_ws/install/spider_interfaces/local/lib/python3.10/dist-packages/spider_interfaces/_spider_interfaces_s.ep.rosidl_typesupport_introspection_c.c
[10.872s] -- Up-to-date symlink: /home/alexcc/repos/SPIDER_25008/SPIDER_ws/install/spider_interfaces/local/lib/python3.10/dist-packages/spider_interfaces/libspider_interfaces__rosidl_generator_py.so
[10.872s] -- Up-to-date symlink: /home/alexcc/repos/SPIDER_25008/SPIDER_ws/install/spider_interfaces/local/lib/python3.10/dist-packages/spider_interfaces/msg/__init__.py
[10.872s] -- Up-to-date symlink: /home/alexcc/repos/SPIDER_25008/SPIDER_ws/install/spider_interfaces/local/lib/python3.10/dist-packages/spider_interfaces/msg/_loc_commands.py
[10.873s] -- Up-to-date symlink: /home/alexcc/repos/SPIDER_25008/SPIDER_ws/install/spider_interfaces/local/lib/python3.10/dist-packages/spider_interfaces/msg/_loc_commands_s.c
[10.873s] -- Up-to-date symlink: /home/alexcc/repos/SPIDER_25008/SPIDER_ws/install/spider_interfaces/local/lib/python3.10/dist-packages/spider_interfaces/spider_interfaces_s__rosidl_typesupport_c.cpython-310-aarch64-linux-gnu.so
[10.873s] -- Up-to-date symlink: /home/alexcc/repos/SPIDER_25008/SPIDER_ws/install/spider_interfaces/local/lib/python3.10/dist-packages/spider_interfaces/spider_interfaces_s__rosidl_typesupport_fastrtps_c.cpython-310-aarch64-linux-gnu.so
[10.873s] -- Up-to-date symlink: /home/alexcc/repos/SPIDER_25008/SPIDER_ws/install/spider_interfaces/local/lib/python3.10/dist-packages/spider_interfaces/spider_interfaces_s__rosidl_typesupport_introspection_c.cpython-310-aarch64-linux-gnu.so
[10.874s] -- Up-to-date symlink: /home/alexcc/repos/SPIDER_25008/SPIDER_ws/install/spider_interfaces/local/lib/python3.10/dist-packages/spider_interfaces/srv/__init__.py
[10.874s] -- Up-to-date symlink: /home/alexcc/repos/SPIDER_25008/SPIDER_ws/install/spider_interfaces/local/lib/python3.10/dist-packages/spider_interfaces/srv/_loc_service.py
[10.874s] -- Up-to-date symlink: /home/alexcc/repos/SPIDER_25008/SPIDER_ws/install/spider_interfaces/local/lib/python3.10/dist-packages/spider_interfaces/srv/_loc_service_s.c
[10.875s] -- Up-to-date symlink: /home/alexcc/repos/SPIDER_25008/SPIDER_ws/install/spider_interfaces/local/lib/python3.10/dist-packages/spider_interfaces/spider_interfaces_s__rosidl_typesupport_fastrtps_c.cpython-310-aarch64-linux-gnu.so
[10.875s] -- Up-to-date symlink: /home/alexcc/repos/SPIDER_25008/SPIDER_ws/install/spider_interfaces/local/lib/python3.10/dist-packages/spider_interfaces/spider_interfaces_s__rosidl_typesupport_introspection_c.cpython-310-aarch64-linux-gnu.so
[10.876s] -- Up-to-date symlink: /home/alexcc/repos/SPIDER_25008/SPIDER_ws/install/spider_interfaces/local/lib/python3.10/dist-packages/spider_interfaces/spider_interfaces_s__rosidl_typesupport_c.cpython-310-aarch64-linux-gnu.so
[10.876s] -- Up-to-date symlink: /home/alexcc/repos/SPIDER_25008/SPIDER_ws/install/spider_interfaces/share/spider_interfaces/msg/LocCommands.idl
[10.876s] -- Up-to-date symlink: /home/alexcc/repos/SPIDER_25008/SPIDER_ws/install/spider_interfaces/share/spider_interfaces/srv/LocService.idl
[10.877s] -- Up-to-date symlink: /home/alexcc/repos/SPIDER_25008/SPIDER_ws/install/spider_interfaces/share/spider_interfaces/msg/LocCommands.msg
[10.877s] -- Up-to-date symlink: /home/alexcc/repos/SPIDER_25008/SPIDER_ws/install/spider_interfaces/share/spider_interfaces/srv/LocService.srv
[10.877s] -- Up-to-date symlink: /home/alexcc/repos/SPIDER_25008/SPIDER_ws/install/spider_interfaces/share/spider_interfaces/srv/LocService_Request.msg
[10.878s] -- Up-to-date symlink: /home/alexcc/repos/SPIDER_25008/SPIDER_ws/install/spider_interfaces/share/spider_interfaces/srv/LocService_Response.msg
[10.879s] -- Up-to-date symlink: /home/alexcc/repos/SPIDER_25008/SPIDER_ws/install/spider_interfaces/share/ament_index/resource_index/package_run_dependencies/spider_interfaces
[10.880s] -- Up-to-date symlink: /home/alexcc/repos/SPIDER_25008/SPIDER_ws/install/spider_interfaces/share/ament_index/resource_index/parent_prefix_path/spider_interfaces
[10.880s] -- Up-to-date symlink: /home/alexcc/repos/SPIDER_25008/SPIDER_ws/install/spider_interfaces/share/spider_interfaces/environment/ament_prefix_path.sh
[10.881s] -- Up-to-date symlink: /home/alexcc/repos/SPIDER_25008/SPIDER_ws/install/spider_interfaces/share/spider_interfaces/environment/ament_prefix_path.dsv
[10.882s] -- Up-to-date symlink: /home/alexcc/repos/SPIDER_25008/SPIDER_ws/install/spider_interfaces/share/spider_interfaces/environment/path.sh
[10.882s] -- Up-to-date symlink: /home/alexcc/repos/SPIDER_25008/SPIDER_ws/install/spider_interfaces/share/spider_interfaces/environment/path.dsv
[10.886s] -- Up-to-date symlink: /home/alexcc/repos/SPIDER_25008/SPIDER_ws/install/spider_interfaces/share/spider_interfaces/local_setup.bash
[10.887s] -- Up-to-date symlink: /home/alexcc/repos/SPIDER_25008/SPIDER_ws/install/spider_interfaces/share/spider_interfaces/local_setup.sh
[10.887s] -- Up-to-date symlink: /home/alexcc/repos/SPIDER_25008/SPIDER_ws/install/spider_interfaces/share/spider_interfaces/local_setup.zsh
[10.887s] -- Up-to-date symlink: /home/alexcc/repos/SPIDER_25008/SPIDER_ws/install/spider_interfaces/share/spider_interfaces/local_setup.dsv
[10.887s] -- Symlinking: /home/alexcc/repos/SPIDER_25008/SPIDER_ws/install/spider_interfaces/share/spider_interfaces/package.dsv
[10.895s] -- Up-to-date symlink: /home/alexcc/repos/SPIDER_25008/SPIDER_ws/install/spider_interfaces/share/ament_index/resource_index/packages/spider_interfaces
[10.895s] -- Up-to-date symlink: /home/alexcc/repos/SPIDER_25008/SPIDER_ws/install/spider_interfaces/share/spider_interfaces/cmake/rosidl_cmake-extras.cmake
[10.896s] -- Up-to-date symlink: /home/alexcc/repos/SPIDER_25008/SPIDER_ws/install/spider_interfaces/share/spider_interfaces/cmake/ament_cmake_export_dependencies-extras.cmake
[10.896s] -- Up-to-date symlink: /home/alexcc/repos/SPIDER_25008/SPIDER_ws/install/spider_interfaces/share/spider_interfaces/cmake/ament_cmake_export_include_directories-extras.cmake
[10.896s] -- Up-to-date symlink: /home/alexcc/repos/SPIDER_25008/SPIDER_ws/install/spider_interfaces/share/spider_interfaces/cmake/ament_cmake_export_libraries-extras.cmake
[10.897s] -- Up-to-date symlink: /home/alexcc/repos/SPIDER_25008/SPIDER_ws/install/spider_interfaces/share/spider_interfaces/cmake/ament_cmake_export_targets-extras.cmake
[10.897s] -- Up-to-date symlink: /home/alexcc/repos/SPIDER_25008/SPIDER_ws/install/spider_interfaces/share/spider_interfaces/cmake/rosidl_cmake_export_typesupport_targets-extras.cmake
[10.897s] -- Up-to-date symlink: /home/alexcc/repos/SPIDER_25008/SPIDER_ws/install/spider_interfaces/share/spider_interfaces/cmake/rosidl_cmake_export_typesupport_libraries-extras.cmake
[10.898s] -- Up-to-date symlink: /home/alexcc/repos/SPIDER_25008/SPIDER_ws/install/spider_interfaces/share/spider_interfaces/cmake/spider_interfacesConfig.cmake
[10.898s] -- Up-to-date symlink: /home/alexcc/repos/SPIDER_25008/SPIDER_ws/install/spider_interfaces/share/spider_interfaces/cmake/spider_interfacesConfig-version.cmake
[10.898s] -- Up-to-date symlink: /home/alexcc/repos/SPIDER_25008/SPIDER_ws/install/spider_interfaces/share/spider_interfaces/package.xml
[10.899s] -- Installing: /home/alexcc/repos/SPIDER_25008/SPIDER_ws/install/spider_interfaces/lib/libspider_interfaces__rosidl_generator_c.so
[10.899s] -- Set non-toolchain portion of runtime path of "/home/alexcc/repos/SPIDER_25008/SPIDER_ws/install/spider_interfaces/lib/libspider_interfaces__rosidl_generator_c.so" to ""
[10.900s] -- Installing: /home/alexcc/repos/SPIDER_25008/SPIDER_ws/install/spider_interfaces/lib/libspider_interfaces__rosidl_typesupport_fastrtps_c.so
[10.900s] -- Set non-toolchain portion of runtime path of "/home/alexcc/repos/SPIDER_25008/SPIDER_ws/install/spider_interfaces/lib/libspider_interfaces__rosidl_typesupport_fastrtps_c.so" to ""
[10.901s] -- Installing: /home/alexcc/repos/SPIDER_25008/SPIDER_ws/install/spider_interfaces/lib/libspider_interfaces__rosidl_typesupport_fastrtps_cpp.so
[10.901s] -- Set non-toolchain portion of runtime path of "/home/alexcc/repos/SPIDER_25008/SPIDER_ws/install/spider_interfaces/lib/libspider_interfaces__rosidl_typesupport_fastrtps_cpp.so" to ""
[10.902s] -- Installing: /home/alexcc/repos/SPIDER_25008/SPIDER_ws/install/spider_interfaces/lib/libspider_interfaces__rosidl_typesupport_introspection_c.so
[10.902s] -- Set non-toolchain portion of runtime path of "/home/alexcc/repos/SPIDER_25008/SPIDER_ws/install/spider_interfaces/lib/libspider_interfaces__rosidl_typesupport_introspection_c.so" to ""
[10.903s] -- Installing: /home/alexcc/repos/SPIDER_25008/SPIDER_ws/install/spider_interfaces/lib/libspider_interfaces__rosidl_typesupport_c.so
[10.903s] -- Set non-toolchain portion of runtime path of "/home/alexcc/repos/SPIDER_25008/SPIDER_ws/install/spider_interfaces/lib/libspider_interfaces__rosidl_typesupport_c.so" to ""
[10.903s] -- Installing: /home/alexcc/repos/SPIDER_25008/SPIDER_ws/install/spider_interfaces/lib/libspider_interfaces__rosidl_typesupport_introspection_cpp.so
[10.904s] -- Set non-toolchain portion of runtime path of "/home/alexcc/repos/SPIDER_25008/SPIDER_ws/install/spider_interfaces/lib/libspider_interfaces__rosidl_typesupport_introspection_cpp.so" to ""
[10.904s] -- Installing: /home/alexcc/repos/SPIDER_25008/SPIDER_ws/install/spider_interfaces/lib/libspider_interfaces__rosidl_typesupport_cpp.so
[10.905s] -- Set non-toolchain portion of runtime path of "/home/alexcc/repos/SPIDER_25008/SPIDER_ws/install/spider_interfaces/lib/libspider_interfaces__rosidl_typesupport_cpp.so" to ""
[10.981s] Listing '/home/alexcc/repos/SPIDER_25008/SPIDER_ws/install/spider_interfaces/local/lib/python3.10/dist-packages/spider_interfaces'...
[10.981s] Compiling '/home/alexcc/repos/SPIDER_25008/SPIDER_ws/install/spider_interfaces/local/lib/python3.10/dist-packages/spider_interfaces/__init__.py'...
[10.981s] Listing '/home/alexcc/repos/SPIDER_25008/SPIDER_ws/install/spider_interfaces/local/lib/python3.10/dist-packages/spider_interfaces/msg'...
[10.982s] Compiling '/home/alexcc/repos/SPIDER_25008/SPIDER_ws/install/spider_interfaces/local/lib/python3.10/dist-packages/spider_interfaces/msg/__init__.py'...
[10.982s] Compiling '/home/alexcc/repos/SPIDER_25008/SPIDER_ws/install/spider_interfaces/local/lib/python3.10/dist-packages/spider_interfaces/msg/_loc_commands.py'...
[10.982s] Listing '/home/alexcc/repos/SPIDER_25008/SPIDER_ws/install/spider_interfaces/local/lib/python3.10/dist-packages/spider_interfaces/srv'...
[10.982s] Compiling '/home/alexcc/repos/SPIDER_25008/SPIDER_ws/install/spider_interfaces/local/lib/python3.10/dist-packages/spider_interfaces/srv/__init__.py'...
[10.982s] Compiling '/home/alexcc/repos/SPIDER_25008/SPIDER_ws/install/spider_interfaces/local/lib/python3.10/dist-packages/spider_interfaces/srv/_loc_service.py'...
[10.994s] -- Installing: /home/alexcc/repos/SPIDER_25008/SPIDER_ws/install/spider_interfaces/lib/libspider_interfaces__rosidl_generator_py.so
[10.994s] -- Set non-toolchain portion of runtime path of "/home/alexcc/repos/SPIDER_25008/SPIDER_ws/install/spider_interfaces/lib/libspider_interfaces__rosidl_generator_py.so" to ""
[10.995s] -- Installing: /home/alexcc/repos/SPIDER_25008/SPIDER_ws/install/spider_interfaces/share/spider_interfaces/cmake/export_spider_interfaces__rosidl_generator_cExport.cmake
[10.995s] -- Installing: /home/alexcc/repos/SPIDER_25008/SPIDER_ws/install/spider_interfaces/share/spider_interfaces/cmake/export_spider_interfaces__rosidl_generator_cExport-noconfig.cmake
[10.995s] -- Installing: /home/alexcc/repos/SPIDER_25008/SPIDER_ws/install/spider_interfaces/share/spider_interfaces/cmake/export_spider_interfaces__rosidl_typesupport_fastrtps_cExport.cmake
[10.996s] -- Installing: /home/alexcc/repos/SPIDER_25008/SPIDER_ws/install/spider_interfaces/share/spider_interfaces/cmake/export_spider_interfaces__rosidl_typesupport_fastrtps_cExport-noconfig.cmake
[10.996s] -- Installing: /home/alexcc/repos/SPIDER_25008/SPIDER_ws/install/spider_interfaces/share/spider_interfaces/cmake/export_spider_interfaces__rosidl_generator_cppExport.cmake
[10.997s] -- Installing: /home/alexcc/repos/SPIDER_25008/SPIDER_ws/install/spider_interfaces/share/spider_interfaces/cmake/export_spider_interfaces__rosidl_typesupport_fastrtps_cppExport.cmake
[10.997s] -- Installing: /home/alexcc/repos/SPIDER_25008/SPIDER_ws/install/spider_interfaces/share/spider_interfaces/cmake/export_spider_interfaces__rosidl_typesupport_fastrtps_cppExport-noconfig.cmake
[10.997s] -- Installing: /home/alexcc/repos/SPIDER_25008/SPIDER_ws/install/spider_interfaces/share/spider_interfaces/cmake/spider_interfaces__rosidl_typesupport_introspection_cExport.cmake
[10.998s] -- Installing: /home/alexcc/repos/SPIDER_25008/SPIDER_ws/install/spider_interfaces/share/spider_interfaces/cmake/spider_interfaces__rosidl_typesupport_introspection_cExport-noconfig.cmake
[10.998s] -- Installing: /home/alexcc/repos/SPIDER_25008/SPIDER_ws/install/spider_interfaces/share/spider_interfaces/cmake/spider_interfaces__rosidl_typesupport_cExport.cmake
[10.998s] -- Installing: /home/alexcc/repos/SPIDER_25008/SPIDER_ws/install/spider_interfaces/share/spider_interfaces/cmake/spider_interfaces__rosidl_typesupport_cExport-noconfig.cmake
[10.999s] -- Installing: /home/alexcc/repos/SPIDER_25008/SPIDER_ws/install/spider_interfaces/share/spider_interfaces/cmake/spider_interfaces__rosidl_typesupport_introspection_cppExport.cmake
[10.999s] -- Installing: /home/alexcc/repos/SPIDER_25008/SPIDER_ws/install/spider_interfaces/share/spider_interfaces/cmake/spider_interfaces__rosidl_typesupport_introspection_cppExport-noconfig.cmake
[11.000s] -- Installing: /home/alexcc/repos/SPIDER_25008/SPIDER_ws/install/spider_interfaces/share/spider_interfaces/cmake/spider_interfaces__rosidl_typesupport_cppExport.cmake
[11.000s] -- Installing: /home/alexcc/repos/SPIDER_25008/SPIDER_ws/install/spider_interfaces/share/spider_interfaces/cmake/spider_interfaces__rosidl_typesupport_cppExport-noconfig.cmake
[11.000s] -- Installing: /home/alexcc/repos/SPIDER_25008/SPIDER_ws/install/spider_interfaces/share/spider_interfaces/cmake/export_spider_interfaces__rosidl_generator_pyExport.cmake
[11.001s] -- Installing: /home/alexcc/repos/SPIDER_25008/SPIDER_ws/install/spider_interfaces/share/spider_interfaces/cmake/export_spider_interfaces__rosidl_generator_pyExport-noconfig.cmake
[11.006s] Invoked command in '/home/alexcc/repos/SPIDER_25008/SPIDER_ws/build/spider_interfaces' returned '0': CMAKE_PREFIX_PATH=/opt/ros/humble /home/alexcc/.local/bin/cmake --install /home/alexcc/repos/SPIDER_25008/SPIDER_ws/build/spider_interfaces
