[0.016s] Invoking command in '/home/alexcc/repos/SPIDER_25008/SPIDER_ws/build/spider_interfaces': CMAKE_PREFIX_PATH=/opt/ros/humble /home/alexcc/.local/bin/cmake /home/alexcc/repos/SPIDER_25008/SPIDER_ws/src/spider_interfaces -DAMENT_CMAKE_SYMLINK_INSTALL=1 -DCMAKE_INSTALL_PREFIX=/home/alexcc/repos/SPIDER_25008/SPIDER_ws/install/spider_interfaces
[0.167s] [0mCMake Deprecation Warning at CMakeLists.txt:1 (cmake_minimum_required):
[0.168s]   Compatibility with CMake < 3.10 will be removed from a future version of
[0.168s]   CMake.
[0.168s] 
[0.168s]   Update the VERSION argument <min> value.  Or, use the <min>...<max> syntax
[0.168s]   to tell CMake that the project requires at least <min> but has been updated
[0.169s]   to work with policies introduced by <max> or earlier.
[0.169s] 
[0.169s] [0m
[0.262s] -- The C compiler identification is GNU 11.4.0
[0.378s] -- The CXX compiler identification is GNU 11.4.0
[0.395s] -- Detecting C compiler ABI info
[0.518s] -- Detecting C compiler ABI info - done
[0.570s] -- Check for working C compiler: /usr/bin/cc - skipped
[0.571s] -- Detecting C compile features
[0.572s] -- Detecting C compile features - done
[0.604s] -- Detecting CXX compiler ABI info
[0.745s] -- Detecting CXX compiler ABI info - done
[0.798s] -- Check for working CXX compiler: /usr/bin/c++ - skipped
[0.799s] -- Detecting CXX compile features
[0.801s] -- Detecting CXX compile features - done
[0.820s] -- Found ament_cmake: 1.3.11 (/opt/ros/humble/share/ament_cmake/cmake)
[1.122s] -- Found Python3: /usr/bin/python3 (found version "3.10.12") found components: Interpreter
[1.255s] -- Override CMake install command with custom implementation using symlinks instead of copying resources
[1.326s] -- Found std_msgs: 4.2.4 (/opt/ros/humble/share/std_msgs/cmake)
[1.412s] -- Found rosidl_generator_c: 3.1.6 (/opt/ros/humble/share/rosidl_generator_c/cmake)
[1.421s] -- Found rosidl_adapter: 3.1.6 (/opt/ros/humble/share/rosidl_adapter/cmake)
[1.438s] -- Found rosidl_generator_cpp: 3.1.6 (/opt/ros/humble/share/rosidl_generator_cpp/cmake)
[1.464s] -- Using all available rosidl_typesupport_c: rosidl_typesupport_fastrtps_c;rosidl_typesupport_introspection_c
[1.499s] -- Using all available rosidl_typesupport_cpp: rosidl_typesupport_fastrtps_cpp;rosidl_typesupport_introspection_cpp
[1.559s] -- Found rosidl_default_generators: 1.2.0 (/opt/ros/humble/share/rosidl_default_generators/cmake)
[2.573s] -- Found ament_cmake_ros: 0.10.0 (/opt/ros/humble/share/ament_cmake_ros/cmake)
[4.250s] -- Using all available rosidl_typesupport_c: rosidl_typesupport_fastrtps_c;rosidl_typesupport_introspection_c
[4.969s] -- Using all available rosidl_typesupport_cpp: rosidl_typesupport_fastrtps_cpp;rosidl_typesupport_introspection_cpp
[4.977s] [33mCMake Warning (dev) at /opt/ros/humble/share/rosidl_generator_py/cmake/rosidl_generator_py_generate_interfaces.cmake:20 (find_package):
[4.977s]   Policy CMP0148 is not set: The FindPythonInterp and FindPythonLibs modules
[4.977s]   are removed.  Run "cmake --help-policy CMP0148" for policy details.  Use
[4.977s]   the cmake_policy command to set the policy and suppress this warning.
[4.978s] 
[4.978s] Call Stack (most recent call first):
[4.978s]   /opt/ros/humble/share/ament_cmake_core/cmake/core/ament_execute_extensions.cmake:48 (include)
[4.978s]   /opt/ros/humble/share/rosidl_cmake/cmake/rosidl_generate_interfaces.cmake:286 (ament_execute_extensions)
[4.978s]   CMakeLists.txt:27 (rosidl_generate_interfaces)
[4.978s] This warning is for project developers.  Use -Wno-dev to suppress it.
[4.978s] [0m
[5.022s] -- Found PythonInterp: /usr/bin/python3 (found suitable version "3.10.12", minimum required is "3.6")
[5.026s] -- Found python_cmake_module: 0.10.0 (/opt/ros/humble/share/python_cmake_module/cmake)
[5.027s] [33mCMake Warning (dev) at /opt/ros/humble/share/python_cmake_module/cmake/Modules/FindPythonExtra.cmake:52 (find_package):
[5.027s]   Policy CMP0148 is not set: The FindPythonInterp and FindPythonLibs modules
[5.027s]   are removed.  Run "cmake --help-policy CMP0148" for policy details.  Use
[5.028s]   the cmake_policy command to set the policy and suppress this warning.
[5.028s] 
[5.028s] Call Stack (most recent call first):
[5.028s]   /opt/ros/humble/share/rosidl_generator_py/cmake/rosidl_generator_py_generate_interfaces.cmake:23 (find_package)
[5.028s]   /opt/ros/humble/share/ament_cmake_core/cmake/core/ament_execute_extensions.cmake:48 (include)
[5.028s]   /opt/ros/humble/share/rosidl_cmake/cmake/rosidl_generate_interfaces.cmake:286 (ament_execute_extensions)
[5.028s]   CMakeLists.txt:27 (rosidl_generate_interfaces)
[5.028s] This warning is for project developers.  Use -Wno-dev to suppress it.
[5.029s] [0m
[5.072s] [33mCMake Warning (dev) at /opt/ros/humble/share/python_cmake_module/cmake/Modules/FindPythonExtra.cmake:140 (find_package):
[5.072s]   Policy CMP0148 is not set: The FindPythonInterp and FindPythonLibs modules
[5.072s]   are removed.  Run "cmake --help-policy CMP0148" for policy details.  Use
[5.072s]   the cmake_policy command to set the policy and suppress this warning.
[5.072s] 
[5.072s] Call Stack (most recent call first):
[5.073s]   /opt/ros/humble/share/rosidl_generator_py/cmake/rosidl_generator_py_generate_interfaces.cmake:23 (find_package)
[5.073s]   /opt/ros/humble/share/ament_cmake_core/cmake/core/ament_execute_extensions.cmake:48 (include)
[5.073s]   /opt/ros/humble/share/rosidl_cmake/cmake/rosidl_generate_interfaces.cmake:286 (ament_execute_extensions)
[5.073s]   CMakeLists.txt:27 (rosidl_generate_interfaces)
[5.073s] This warning is for project developers.  Use -Wno-dev to suppress it.
[5.073s] [0m
[5.090s] -- Found PythonLibs: /usr/lib/aarch64-linux-gnu/libpython3.10.so (found suitable version "3.10.12", minimum required is "3.5")
[5.090s] -- Using PYTHON_EXECUTABLE: /usr/bin/python3
[5.091s] -- Using PYTHON_INCLUDE_DIRS: /usr/include/python3.10
[5.091s] -- Using PYTHON_LIBRARIES: /usr/lib/aarch64-linux-gnu/libpython3.10.so
[5.137s] -- Found PythonExtra: .so
[5.315s] -- Configuring done (5.1s)
[5.400s] -- Generating done (0.1s)
[5.418s] -- Build files have been written to: /home/alexcc/repos/SPIDER_25008/SPIDER_ws/build/spider_interfaces
[5.436s] Invoked command in '/home/alexcc/repos/SPIDER_25008/SPIDER_ws/build/spider_interfaces' returned '0': CMAKE_PREFIX_PATH=/opt/ros/humble /home/alexcc/.local/bin/cmake /home/alexcc/repos/SPIDER_25008/SPIDER_ws/src/spider_interfaces -DAMENT_CMAKE_SYMLINK_INSTALL=1 -DCMAKE_INSTALL_PREFIX=/home/alexcc/repos/SPIDER_25008/SPIDER_ws/install/spider_interfaces
[5.440s] Invoking command in '/home/alexcc/repos/SPIDER_25008/SPIDER_ws/build/spider_interfaces': CMAKE_PREFIX_PATH=/opt/ros/humble /home/alexcc/.local/bin/cmake --build /home/alexcc/repos/SPIDER_25008/SPIDER_ws/build/spider_interfaces -- -j6 -l6
[5.631s] [  2%] [34m[1mGenerating C code for ROS interfaces[0m
[5.641s] [  5%] [34m[1mGenerating C++ code for ROS interfaces[0m
[5.650s] [  5%] Built target ament_cmake_python_symlink_spider_interfaces
[6.108s] running egg_info
[6.109s] creating spider_interfaces.egg-info
[6.109s] writing spider_interfaces.egg-info/PKG-INFO
[6.110s] writing dependency_links to spider_interfaces.egg-info/dependency_links.txt
[6.110s] writing top-level names to spider_interfaces.egg-info/top_level.txt
[6.110s] writing manifest file 'spider_interfaces.egg-info/SOURCES.txt'
[6.114s] reading manifest file 'spider_interfaces.egg-info/SOURCES.txt'
[6.116s] writing manifest file 'spider_interfaces.egg-info/SOURCES.txt'
[6.176s] [  5%] Built target ament_cmake_python_build_spider_interfaces_egg
[6.282s] [ 10%] [32mBuilding C object CMakeFiles/spider_interfaces__rosidl_generator_c.dir/rosidl_generator_c/spider_interfaces/msg/detail/loc_commands__functions.c.o[0m
[6.282s] [ 10%] [32mBuilding C object CMakeFiles/spider_interfaces__rosidl_generator_c.dir/rosidl_generator_c/spider_interfaces/srv/detail/loc_service__functions.c.o[0m
[6.324s] [ 10%] Built target spider_interfaces__cpp
[6.334s] [ 17%] [34m[1mGenerating C++ type support dispatch for ROS interfaces[0m
[6.334s] [ 17%] [34m[1mGenerating C++ type support for eProsima Fast-RTPS[0m
[6.334s] [ 17%] [34m[1mGenerating C++ introspection for ROS interfaces[0m
[6.412s] [ 20%] [32m[1mLinking C shared library libspider_interfaces__rosidl_generator_c.so[0m
[6.460s] [ 20%] Built target spider_interfaces__rosidl_generator_c
[6.472s] [ 25%] [34m[1mGenerating C type support for eProsima Fast-RTPS[0m
[6.472s] [ 25%] [34m[1mGenerating C type support dispatch for ROS interfaces[0m
[6.478s] [ 28%] [34m[1mGenerating C introspection for ROS interfaces[0m
[6.960s] [ 30%] [32mBuilding CXX object CMakeFiles/spider_interfaces__rosidl_typesupport_introspection_cpp.dir/rosidl_typesupport_introspection_cpp/spider_interfaces/msg/detail/loc_commands__type_support.cpp.o[0m
[6.965s] [ 33%] [32mBuilding CXX object CMakeFiles/spider_interfaces__rosidl_typesupport_cpp.dir/rosidl_typesupport_cpp/spider_interfaces/msg/loc_commands__type_support.cpp.o[0m
[7.105s] [ 35%] [32mBuilding C object CMakeFiles/spider_interfaces__rosidl_typesupport_introspection_c.dir/rosidl_typesupport_introspection_c/spider_interfaces/msg/detail/loc_commands__type_support.c.o[0m
[7.128s] [ 38%] [32mBuilding CXX object CMakeFiles/spider_interfaces__rosidl_typesupport_c.dir/rosidl_typesupport_c/spider_interfaces/msg/loc_commands__type_support.cpp.o[0m
[7.161s] [ 41%] [32mBuilding CXX object CMakeFiles/spider_interfaces__rosidl_typesupport_fastrtps_c.dir/rosidl_typesupport_fastrtps_c/spider_interfaces/msg/detail/loc_commands__type_support_c.cpp.o[0m
[7.179s] [ 43%] [32mBuilding CXX object CMakeFiles/spider_interfaces__rosidl_typesupport_c.dir/rosidl_typesupport_c/spider_interfaces/srv/loc_service__type_support.cpp.o[0m
[7.183s] [ 46%] [32mBuilding C object CMakeFiles/spider_interfaces__rosidl_typesupport_introspection_c.dir/rosidl_typesupport_introspection_c/spider_interfaces/srv/detail/loc_service__type_support.c.o[0m
[7.238s] [ 48%] [32mBuilding CXX object CMakeFiles/spider_interfaces__rosidl_typesupport_fastrtps_cpp.dir/rosidl_typesupport_fastrtps_cpp/spider_interfaces/msg/detail/dds_fastrtps/loc_commands__type_support.cpp.o[0m
[7.249s] [ 51%] [32m[1mLinking CXX shared library libspider_interfaces__rosidl_typesupport_c.so[0m
[7.284s] [ 53%] [32m[1mLinking C shared library libspider_interfaces__rosidl_typesupport_introspection_c.so[0m
[7.334s] [ 53%] Built target spider_interfaces__rosidl_typesupport_introspection_c
[7.342s] [ 56%] [32mBuilding CXX object CMakeFiles/spider_interfaces__rosidl_typesupport_fastrtps_c.dir/rosidl_typesupport_fastrtps_c/spider_interfaces/srv/detail/loc_service__type_support_c.cpp.o[0m
[7.349s] [ 56%] Built target spider_interfaces__rosidl_typesupport_c
[7.372s] [ 58%] [32mBuilding CXX object CMakeFiles/spider_interfaces__rosidl_typesupport_cpp.dir/rosidl_typesupport_cpp/spider_interfaces/srv/loc_service__type_support.cpp.o[0m
[7.653s] [ 61%] [32mBuilding CXX object CMakeFiles/spider_interfaces__rosidl_typesupport_fastrtps_cpp.dir/rosidl_typesupport_fastrtps_cpp/spider_interfaces/srv/detail/dds_fastrtps/loc_service__type_support.cpp.o[0m
[7.902s] [ 64%] [32mBuilding CXX object CMakeFiles/spider_interfaces__rosidl_typesupport_introspection_cpp.dir/rosidl_typesupport_introspection_cpp/spider_interfaces/srv/detail/loc_service__type_support.cpp.o[0m
[8.113s] [ 66%] [32m[1mLinking CXX shared library libspider_interfaces__rosidl_typesupport_cpp.so[0m
[8.174s] [ 69%] [32m[1mLinking CXX shared library libspider_interfaces__rosidl_typesupport_fastrtps_c.so[0m
[8.178s] [ 69%] Built target spider_interfaces__rosidl_typesupport_cpp
[8.309s] [ 69%] Built target spider_interfaces__rosidl_typesupport_fastrtps_c
[8.628s] [ 71%] [32m[1mLinking CXX shared library libspider_interfaces__rosidl_typesupport_fastrtps_cpp.so[0m
[8.737s] [ 74%] [32m[1mLinking CXX shared library libspider_interfaces__rosidl_typesupport_introspection_cpp.so[0m
[8.756s] [ 74%] Built target spider_interfaces__rosidl_typesupport_fastrtps_cpp
[8.845s] [ 74%] Built target spider_interfaces__rosidl_typesupport_introspection_cpp
[8.863s] [ 74%] Built target spider_interfaces
[8.884s] [ 76%] [34m[1mGenerating Python code for ROS interfaces[0m
[9.766s] [ 76%] Built target spider_interfaces__py
[9.787s] [ 82%] [32mBuilding C object CMakeFiles/spider_interfaces__rosidl_generator_py.dir/rosidl_generator_py/spider_interfaces/msg/_loc_commands_s.c.o[0m
[9.788s] [ 82%] [32mBuilding C object CMakeFiles/spider_interfaces__rosidl_generator_py.dir/rosidl_generator_py/spider_interfaces/srv/_loc_service_s.c.o[0m
[9.996s] [ 84%] [32m[1mLinking C shared library rosidl_generator_py/spider_interfaces/libspider_interfaces__rosidl_generator_py.so[0m
[10.057s] [ 84%] Built target spider_interfaces__rosidl_generator_py
[10.076s] [ 87%] [32mBuilding C object CMakeFiles/spider_interfaces__rosidl_typesupport_introspection_c__pyext.dir/rosidl_generator_py/spider_interfaces/_spider_interfaces_s.ep.rosidl_typesupport_introspection_c.c.o[0m
[10.077s] [ 89%] [32mBuilding C object CMakeFiles/spider_interfaces__rosidl_typesupport_fastrtps_c__pyext.dir/rosidl_generator_py/spider_interfaces/_spider_interfaces_s.ep.rosidl_typesupport_fastrtps_c.c.o[0m
[10.079s] [ 92%] [32mBuilding C object CMakeFiles/spider_interfaces__rosidl_typesupport_c__pyext.dir/rosidl_generator_py/spider_interfaces/_spider_interfaces_s.ep.rosidl_typesupport_c.c.o[0m
[10.279s] [ 97%] [32m[1mLinking C shared library rosidl_generator_py/spider_interfaces/spider_interfaces_s__rosidl_typesupport_fastrtps_c.cpython-310-aarch64-linux-gnu.so[0m
[10.279s] [ 97%] [32m[1mLinking C shared library rosidl_generator_py/spider_interfaces/spider_interfaces_s__rosidl_typesupport_c.cpython-310-aarch64-linux-gnu.so[0m
[10.290s] [100%] [32m[1mLinking C shared library rosidl_generator_py/spider_interfaces/spider_interfaces_s__rosidl_typesupport_introspection_c.cpython-310-aarch64-linux-gnu.so[0m
[10.334s] [100%] Built target spider_interfaces__rosidl_typesupport_fastrtps_c__pyext
[10.341s] [100%] Built target spider_interfaces__rosidl_typesupport_introspection_c__pyext
[10.343s] [100%] Built target spider_interfaces__rosidl_typesupport_c__pyext
[10.354s] Invoked command in '/home/alexcc/repos/SPIDER_25008/SPIDER_ws/build/spider_interfaces' returned '0': CMAKE_PREFIX_PATH=/opt/ros/humble /home/alexcc/.local/bin/cmake --build /home/alexcc/repos/SPIDER_25008/SPIDER_ws/build/spider_interfaces -- -j6 -l6
[10.533s] Invoking command in '/home/alexcc/repos/SPIDER_25008/SPIDER_ws/build/spider_interfaces': CMAKE_PREFIX_PATH=/opt/ros/humble /home/alexcc/.local/bin/cmake --install /home/alexcc/repos/SPIDER_25008/SPIDER_ws/build/spider_interfaces
[10.684s] -- Install configuration: ""
[10.685s] -- Execute custom install script
[10.685s] -- Up-to-date symlink: /home/alexcc/repos/SPIDER_25008/SPIDER_ws/install/spider_interfaces/share/ament_index/resource_index/rosidl_interfaces/spider_interfaces
[10.686s] -- Up-to-date symlink: /home/alexcc/repos/SPIDER_25008/SPIDER_ws/install/spider_interfaces/include/spider_interfaces/spider_interfaces/msg/detail/loc_commands__functions.h
[10.687s] -- Up-to-date symlink: /home/alexcc/repos/SPIDER_25008/SPIDER_ws/install/spider_interfaces/include/spider_interfaces/spider_interfaces/msg/detail/loc_commands__struct.h
[10.687s] -- Up-to-date symlink: /home/alexcc/repos/SPIDER_25008/SPIDER_ws/install/spider_interfaces/include/spider_interfaces/spider_interfaces/msg/detail/loc_commands__type_support.h
[10.687s] -- Up-to-date symlink: /home/alexcc/repos/SPIDER_25008/SPIDER_ws/install/spider_interfaces/include/spider_interfaces/spider_interfaces/msg/loc_commands.h
[10.688s] -- Up-to-date symlink: /home/alexcc/repos/SPIDER_25008/SPIDER_ws/install/spider_interfaces/include/spider_interfaces/spider_interfaces/msg/rosidl_generator_c__visibility_control.h
[10.688s] -- Up-to-date symlink: /home/alexcc/repos/SPIDER_25008/SPIDER_ws/install/spider_interfaces/include/spider_interfaces/spider_interfaces/srv/detail/loc_service__functions.h
[10.688s] -- Up-to-date symlink: /home/alexcc/repos/SPIDER_25008/SPIDER_ws/install/spider_interfaces/include/spider_interfaces/spider_interfaces/srv/detail/loc_service__struct.h
[10.689s] -- Up-to-date symlink: /home/alexcc/repos/SPIDER_25008/SPIDER_ws/install/spider_interfaces/include/spider_interfaces/spider_interfaces/srv/detail/loc_service__type_support.h
[10.689s] -- Up-to-date symlink: /home/alexcc/repos/SPIDER_25008/SPIDER_ws/install/spider_interfaces/include/spider_interfaces/spider_interfaces/srv/loc_service.h
[10.689s] -- Up-to-date symlink: /home/alexcc/repos/SPIDER_25008/SPIDER_ws/install/spider_interfaces/share/spider_interfaces/environment/library_path.sh
[10.689s] -- Up-to-date symlink: /home/alexcc/repos/SPIDER_25008/SPIDER_ws/install/spider_interfaces/share/spider_interfaces/environment/library_path.dsv
[10.690s] -- Up-to-date symlink: /home/alexcc/repos/SPIDER_25008/SPIDER_ws/install/spider_interfaces/include/spider_interfaces/spider_interfaces/msg/detail/loc_commands__rosidl_typesupport_fastrtps_c.h
[10.691s] -- Up-to-date symlink: /home/alexcc/repos/SPIDER_25008/SPIDER_ws/install/spider_interfaces/include/spider_interfaces/spider_interfaces/msg/rosidl_typesupport_fastrtps_c__visibility_control.h
[10.691s] -- Up-to-date symlink: /home/alexcc/repos/SPIDER_25008/SPIDER_ws/install/spider_interfaces/include/spider_interfaces/spider_interfaces/srv/detail/loc_service__rosidl_typesupport_fastrtps_c.h
[10.692s] -- Up-to-date symlink: /home/alexcc/repos/SPIDER_25008/SPIDER_ws/install/spider_interfaces/include/spider_interfaces/spider_interfaces/msg/detail/loc_commands__builder.hpp
[10.692s] -- Up-to-date symlink: /home/alexcc/repos/SPIDER_25008/SPIDER_ws/install/spider_interfaces/include/spider_interfaces/spider_interfaces/msg/detail/loc_commands__struct.hpp
[10.692s] -- Up-to-date symlink: /home/alexcc/repos/SPIDER_25008/SPIDER_ws/install/spider_interfaces/include/spider_interfaces/spider_interfaces/msg/detail/loc_commands__traits.hpp
[10.693s] -- Up-to-date symlink: /home/alexcc/repos/SPIDER_25008/SPIDER_ws/install/spider_interfaces/include/spider_interfaces/spider_interfaces/msg/detail/loc_commands__type_support.hpp
[10.693s] -- Up-to-date symlink: /home/alexcc/repos/SPIDER_25008/SPIDER_ws/install/spider_interfaces/include/spider_interfaces/spider_interfaces/msg/loc_commands.hpp
[10.693s] -- Up-to-date symlink: /home/alexcc/repos/SPIDER_25008/SPIDER_ws/install/spider_interfaces/include/spider_interfaces/spider_interfaces/msg/rosidl_generator_cpp__visibility_control.hpp
[10.694s] -- Up-to-date symlink: /home/alexcc/repos/SPIDER_25008/SPIDER_ws/install/spider_interfaces/include/spider_interfaces/spider_interfaces/srv/detail/loc_service__builder.hpp
[10.694s] -- Up-to-date symlink: /home/alexcc/repos/SPIDER_25008/SPIDER_ws/install/spider_interfaces/include/spider_interfaces/spider_interfaces/srv/detail/loc_service__struct.hpp
[10.694s] -- Up-to-date symlink: /home/alexcc/repos/SPIDER_25008/SPIDER_ws/install/spider_interfaces/include/spider_interfaces/spider_interfaces/srv/detail/loc_service__traits.hpp
[10.694s] -- Up-to-date symlink: /home/alexcc/repos/SPIDER_25008/SPIDER_ws/install/spider_interfaces/include/spider_interfaces/spider_interfaces/srv/detail/loc_service__type_support.hpp
[10.695s] -- Up-to-date symlink: /home/alexcc/repos/SPIDER_25008/SPIDER_ws/install/spider_interfaces/include/spider_interfaces/spider_interfaces/srv/loc_service.hpp
[10.695s] -- Up-to-date symlink: /home/alexcc/repos/SPIDER_25008/SPIDER_ws/install/spider_interfaces/include/spider_interfaces/spider_interfaces/msg/detail/loc_commands__rosidl_typesupport_fastrtps_cpp.hpp
[10.696s] -- Up-to-date symlink: /home/alexcc/repos/SPIDER_25008/SPIDER_ws/install/spider_interfaces/include/spider_interfaces/spider_interfaces/msg/rosidl_typesupport_fastrtps_cpp__visibility_control.h
[10.696s] -- Up-to-date symlink: /home/alexcc/repos/SPIDER_25008/SPIDER_ws/install/spider_interfaces/include/spider_interfaces/spider_interfaces/srv/detail/loc_service__rosidl_typesupport_fastrtps_cpp.hpp
[10.697s] -- Up-to-date symlink: /home/alexcc/repos/SPIDER_25008/SPIDER_ws/install/spider_interfaces/include/spider_interfaces/spider_interfaces/msg/detail/loc_commands__rosidl_typesupport_introspection_c.h
[10.697s] -- Up-to-date symlink: /home/alexcc/repos/SPIDER_25008/SPIDER_ws/install/spider_interfaces/include/spider_interfaces/spider_interfaces/msg/rosidl_typesupport_introspection_c__visibility_control.h
[10.697s] -- Up-to-date symlink: /home/alexcc/repos/SPIDER_25008/SPIDER_ws/install/spider_interfaces/include/spider_interfaces/spider_interfaces/srv/detail/loc_service__rosidl_typesupport_introspection_c.h
[10.698s] -- Up-to-date symlink: /home/alexcc/repos/SPIDER_25008/SPIDER_ws/install/spider_interfaces/include/spider_interfaces/spider_interfaces/msg/detail/loc_commands__rosidl_typesupport_introspection_cpp.hpp
[10.698s] -- Up-to-date symlink: /home/alexcc/repos/SPIDER_25008/SPIDER_ws/install/spider_interfaces/include/spider_interfaces/spider_interfaces/srv/detail/loc_service__rosidl_typesupport_introspection_cpp.hpp
[10.699s] -- Up-to-date symlink: /home/alexcc/repos/SPIDER_25008/SPIDER_ws/install/spider_interfaces/share/spider_interfaces/environment/pythonpath.sh
[10.700s] -- Up-to-date symlink: /home/alexcc/repos/SPIDER_25008/SPIDER_ws/install/spider_interfaces/share/spider_interfaces/environment/pythonpath.dsv
[10.700s] -- Up-to-date symlink: /home/alexcc/repos/SPIDER_25008/SPIDER_ws/install/spider_interfaces/local/lib/python3.10/dist-packages/spider_interfaces-0.0.0-py3.10.egg-info/PKG-INFO
[10.700s] -- Up-to-date symlink: /home/alexcc/repos/SPIDER_25008/SPIDER_ws/install/spider_interfaces/local/lib/python3.10/dist-packages/spider_interfaces-0.0.0-py3.10.egg-info/SOURCES.txt
[10.701s] -- Up-to-date symlink: /home/alexcc/repos/SPIDER_25008/SPIDER_ws/install/spider_interfaces/local/lib/python3.10/dist-packages/spider_interfaces-0.0.0-py3.10.egg-info/dependency_links.txt
[10.701s] -- Up-to-date symlink: /home/alexcc/repos/SPIDER_25008/SPIDER_ws/install/spider_interfaces/local/lib/python3.10/dist-packages/spider_interfaces-0.0.0-py3.10.egg-info/top_level.txt
[10.701s] -- Up-to-date symlink: /home/alexcc/repos/SPIDER_25008/SPIDER_ws/install/spider_interfaces/local/lib/python3.10/dist-packages/spider_interfaces/__init__.py
[10.702s] -- Up-to-date symlink: /home/alexcc/repos/SPIDER_25008/SPIDER_ws/install/spider_interfaces/local/lib/python3.10/dist-packages/spider_interfaces/_spider_interfaces_s.ep.rosidl_typesupport_c.c
[10.703s] -- Up-to-date symlink: /home/alexcc/repos/SPIDER_25008/SPIDER_ws/install/spider_interfaces/local/lib/python3.10/dist-packages/spider_interfaces/_spider_interfaces_s.ep.rosidl_typesupport_fastrtps_c.c
[10.703s] -- Up-to-date symlink: /home/alexcc/repos/SPIDER_25008/SPIDER_ws/install/spider_interfaces/local/lib/python3.10/dist-packages/spider_interfaces/_spider_interfaces_s.ep.rosidl_typesupport_introspection_c.c
[10.703s] -- Up-to-date symlink: /home/alexcc/repos/SPIDER_25008/SPIDER_ws/install/spider_interfaces/local/lib/python3.10/dist-packages/spider_interfaces/libspider_interfaces__rosidl_generator_py.so
[10.704s] -- Up-to-date symlink: /home/alexcc/repos/SPIDER_25008/SPIDER_ws/install/spider_interfaces/local/lib/python3.10/dist-packages/spider_interfaces/msg/__init__.py
[10.704s] -- Up-to-date symlink: /home/alexcc/repos/SPIDER_25008/SPIDER_ws/install/spider_interfaces/local/lib/python3.10/dist-packages/spider_interfaces/msg/_loc_commands.py
[10.704s] -- Up-to-date symlink: /home/alexcc/repos/SPIDER_25008/SPIDER_ws/install/spider_interfaces/local/lib/python3.10/dist-packages/spider_interfaces/msg/_loc_commands_s.c
[10.705s] -- Up-to-date symlink: /home/alexcc/repos/SPIDER_25008/SPIDER_ws/install/spider_interfaces/local/lib/python3.10/dist-packages/spider_interfaces/spider_interfaces_s__rosidl_typesupport_c.cpython-310-aarch64-linux-gnu.so
[10.705s] -- Up-to-date symlink: /home/alexcc/repos/SPIDER_25008/SPIDER_ws/install/spider_interfaces/local/lib/python3.10/dist-packages/spider_interfaces/spider_interfaces_s__rosidl_typesupport_fastrtps_c.cpython-310-aarch64-linux-gnu.so
[10.705s] -- Up-to-date symlink: /home/alexcc/repos/SPIDER_25008/SPIDER_ws/install/spider_interfaces/local/lib/python3.10/dist-packages/spider_interfaces/spider_interfaces_s__rosidl_typesupport_introspection_c.cpython-310-aarch64-linux-gnu.so
[10.705s] -- Up-to-date symlink: /home/alexcc/repos/SPIDER_25008/SPIDER_ws/install/spider_interfaces/local/lib/python3.10/dist-packages/spider_interfaces/srv/__init__.py
[10.706s] -- Up-to-date symlink: /home/alexcc/repos/SPIDER_25008/SPIDER_ws/install/spider_interfaces/local/lib/python3.10/dist-packages/spider_interfaces/srv/_loc_service.py
[10.706s] -- Up-to-date symlink: /home/alexcc/repos/SPIDER_25008/SPIDER_ws/install/spider_interfaces/local/lib/python3.10/dist-packages/spider_interfaces/srv/_loc_service_s.c
[10.706s] -- Up-to-date symlink: /home/alexcc/repos/SPIDER_25008/SPIDER_ws/install/spider_interfaces/local/lib/python3.10/dist-packages/spider_interfaces/spider_interfaces_s__rosidl_typesupport_fastrtps_c.cpython-310-aarch64-linux-gnu.so
[10.707s] -- Up-to-date symlink: /home/alexcc/repos/SPIDER_25008/SPIDER_ws/install/spider_interfaces/local/lib/python3.10/dist-packages/spider_interfaces/spider_interfaces_s__rosidl_typesupport_introspection_c.cpython-310-aarch64-linux-gnu.so
[10.707s] -- Up-to-date symlink: /home/alexcc/repos/SPIDER_25008/SPIDER_ws/install/spider_interfaces/local/lib/python3.10/dist-packages/spider_interfaces/spider_interfaces_s__rosidl_typesupport_c.cpython-310-aarch64-linux-gnu.so
[10.707s] -- Up-to-date symlink: /home/alexcc/repos/SPIDER_25008/SPIDER_ws/install/spider_interfaces/share/spider_interfaces/msg/LocCommands.idl
[10.707s] -- Up-to-date symlink: /home/alexcc/repos/SPIDER_25008/SPIDER_ws/install/spider_interfaces/share/spider_interfaces/srv/LocService.idl
[10.708s] -- Up-to-date symlink: /home/alexcc/repos/SPIDER_25008/SPIDER_ws/install/spider_interfaces/share/spider_interfaces/msg/LocCommands.msg
[10.708s] -- Up-to-date symlink: /home/alexcc/repos/SPIDER_25008/SPIDER_ws/install/spider_interfaces/share/spider_interfaces/srv/LocService.srv
[10.708s] -- Up-to-date symlink: /home/alexcc/repos/SPIDER_25008/SPIDER_ws/install/spider_interfaces/share/spider_interfaces/srv/LocService_Request.msg
[10.708s] -- Up-to-date symlink: /home/alexcc/repos/SPIDER_25008/SPIDER_ws/install/spider_interfaces/share/spider_interfaces/srv/LocService_Response.msg
[10.709s] -- Up-to-date symlink: /home/alexcc/repos/SPIDER_25008/SPIDER_ws/install/spider_interfaces/share/ament_index/resource_index/package_run_dependencies/spider_interfaces
[10.709s] -- Up-to-date symlink: /home/alexcc/repos/SPIDER_25008/SPIDER_ws/install/spider_interfaces/share/ament_index/resource_index/parent_prefix_path/spider_interfaces
[10.709s] -- Up-to-date symlink: /home/alexcc/repos/SPIDER_25008/SPIDER_ws/install/spider_interfaces/share/spider_interfaces/environment/ament_prefix_path.sh
[10.710s] -- Up-to-date symlink: /home/alexcc/repos/SPIDER_25008/SPIDER_ws/install/spider_interfaces/share/spider_interfaces/environment/ament_prefix_path.dsv
[10.710s] -- Up-to-date symlink: /home/alexcc/repos/SPIDER_25008/SPIDER_ws/install/spider_interfaces/share/spider_interfaces/environment/path.sh
[10.710s] -- Up-to-date symlink: /home/alexcc/repos/SPIDER_25008/SPIDER_ws/install/spider_interfaces/share/spider_interfaces/environment/path.dsv
[10.711s] -- Up-to-date symlink: /home/alexcc/repos/SPIDER_25008/SPIDER_ws/install/spider_interfaces/share/spider_interfaces/local_setup.bash
[10.711s] -- Up-to-date symlink: /home/alexcc/repos/SPIDER_25008/SPIDER_ws/install/spider_interfaces/share/spider_interfaces/local_setup.sh
[10.711s] -- Up-to-date symlink: /home/alexcc/repos/SPIDER_25008/SPIDER_ws/install/spider_interfaces/share/spider_interfaces/local_setup.zsh
[10.712s] -- Up-to-date symlink: /home/alexcc/repos/SPIDER_25008/SPIDER_ws/install/spider_interfaces/share/spider_interfaces/local_setup.dsv
[10.712s] -- Symlinking: /home/alexcc/repos/SPIDER_25008/SPIDER_ws/install/spider_interfaces/share/spider_interfaces/package.dsv
[10.718s] -- Up-to-date symlink: /home/alexcc/repos/SPIDER_25008/SPIDER_ws/install/spider_interfaces/share/ament_index/resource_index/packages/spider_interfaces
[10.719s] -- Up-to-date symlink: /home/alexcc/repos/SPIDER_25008/SPIDER_ws/install/spider_interfaces/share/spider_interfaces/cmake/rosidl_cmake-extras.cmake
[10.719s] -- Up-to-date symlink: /home/alexcc/repos/SPIDER_25008/SPIDER_ws/install/spider_interfaces/share/spider_interfaces/cmake/ament_cmake_export_dependencies-extras.cmake
[10.719s] -- Up-to-date symlink: /home/alexcc/repos/SPIDER_25008/SPIDER_ws/install/spider_interfaces/share/spider_interfaces/cmake/ament_cmake_export_include_directories-extras.cmake
[10.720s] -- Up-to-date symlink: /home/alexcc/repos/SPIDER_25008/SPIDER_ws/install/spider_interfaces/share/spider_interfaces/cmake/ament_cmake_export_libraries-extras.cmake
[10.720s] -- Up-to-date symlink: /home/alexcc/repos/SPIDER_25008/SPIDER_ws/install/spider_interfaces/share/spider_interfaces/cmake/ament_cmake_export_targets-extras.cmake
[10.720s] -- Up-to-date symlink: /home/alexcc/repos/SPIDER_25008/SPIDER_ws/install/spider_interfaces/share/spider_interfaces/cmake/rosidl_cmake_export_typesupport_targets-extras.cmake
[10.721s] -- Up-to-date symlink: /home/alexcc/repos/SPIDER_25008/SPIDER_ws/install/spider_interfaces/share/spider_interfaces/cmake/rosidl_cmake_export_typesupport_libraries-extras.cmake
[10.721s] -- Up-to-date symlink: /home/alexcc/repos/SPIDER_25008/SPIDER_ws/install/spider_interfaces/share/spider_interfaces/cmake/spider_interfacesConfig.cmake
[10.721s] -- Up-to-date symlink: /home/alexcc/repos/SPIDER_25008/SPIDER_ws/install/spider_interfaces/share/spider_interfaces/cmake/spider_interfacesConfig-version.cmake
[10.722s] -- Up-to-date symlink: /home/alexcc/repos/SPIDER_25008/SPIDER_ws/install/spider_interfaces/share/spider_interfaces/package.xml
[10.722s] -- Installing: /home/alexcc/repos/SPIDER_25008/SPIDER_ws/install/spider_interfaces/lib/libspider_interfaces__rosidl_generator_c.so
[10.723s] -- Set non-toolchain portion of runtime path of "/home/alexcc/repos/SPIDER_25008/SPIDER_ws/install/spider_interfaces/lib/libspider_interfaces__rosidl_generator_c.so" to ""
[10.723s] -- Installing: /home/alexcc/repos/SPIDER_25008/SPIDER_ws/install/spider_interfaces/lib/libspider_interfaces__rosidl_typesupport_fastrtps_c.so
[10.724s] -- Set non-toolchain portion of runtime path of "/home/alexcc/repos/SPIDER_25008/SPIDER_ws/install/spider_interfaces/lib/libspider_interfaces__rosidl_typesupport_fastrtps_c.so" to ""
[10.725s] -- Installing: /home/alexcc/repos/SPIDER_25008/SPIDER_ws/install/spider_interfaces/lib/libspider_interfaces__rosidl_typesupport_fastrtps_cpp.so
[10.725s] -- Set non-toolchain portion of runtime path of "/home/alexcc/repos/SPIDER_25008/SPIDER_ws/install/spider_interfaces/lib/libspider_interfaces__rosidl_typesupport_fastrtps_cpp.so" to ""
[10.726s] -- Installing: /home/alexcc/repos/SPIDER_25008/SPIDER_ws/install/spider_interfaces/lib/libspider_interfaces__rosidl_typesupport_introspection_c.so
[10.726s] -- Set non-toolchain portion of runtime path of "/home/alexcc/repos/SPIDER_25008/SPIDER_ws/install/spider_interfaces/lib/libspider_interfaces__rosidl_typesupport_introspection_c.so" to ""
[10.726s] -- Installing: /home/alexcc/repos/SPIDER_25008/SPIDER_ws/install/spider_interfaces/lib/libspider_interfaces__rosidl_typesupport_c.so
[10.727s] -- Set non-toolchain portion of runtime path of "/home/alexcc/repos/SPIDER_25008/SPIDER_ws/install/spider_interfaces/lib/libspider_interfaces__rosidl_typesupport_c.so" to ""
[10.727s] -- Installing: /home/alexcc/repos/SPIDER_25008/SPIDER_ws/install/spider_interfaces/lib/libspider_interfaces__rosidl_typesupport_introspection_cpp.so
[10.727s] -- Set non-toolchain portion of runtime path of "/home/alexcc/repos/SPIDER_25008/SPIDER_ws/install/spider_interfaces/lib/libspider_interfaces__rosidl_typesupport_introspection_cpp.so" to ""
[10.728s] -- Installing: /home/alexcc/repos/SPIDER_25008/SPIDER_ws/install/spider_interfaces/lib/libspider_interfaces__rosidl_typesupport_cpp.so
[10.729s] -- Set non-toolchain portion of runtime path of "/home/alexcc/repos/SPIDER_25008/SPIDER_ws/install/spider_interfaces/lib/libspider_interfaces__rosidl_typesupport_cpp.so" to ""
[10.805s] Listing '/home/alexcc/repos/SPIDER_25008/SPIDER_ws/install/spider_interfaces/local/lib/python3.10/dist-packages/spider_interfaces'...
[10.805s] Compiling '/home/alexcc/repos/SPIDER_25008/SPIDER_ws/install/spider_interfaces/local/lib/python3.10/dist-packages/spider_interfaces/__init__.py'...
[10.805s] Listing '/home/alexcc/repos/SPIDER_25008/SPIDER_ws/install/spider_interfaces/local/lib/python3.10/dist-packages/spider_interfaces/msg'...
[10.805s] Compiling '/home/alexcc/repos/SPIDER_25008/SPIDER_ws/install/spider_interfaces/local/lib/python3.10/dist-packages/spider_interfaces/msg/__init__.py'...
[10.805s] Compiling '/home/alexcc/repos/SPIDER_25008/SPIDER_ws/install/spider_interfaces/local/lib/python3.10/dist-packages/spider_interfaces/msg/_loc_commands.py'...
[10.806s] Listing '/home/alexcc/repos/SPIDER_25008/SPIDER_ws/install/spider_interfaces/local/lib/python3.10/dist-packages/spider_interfaces/srv'...
[10.806s] Compiling '/home/alexcc/repos/SPIDER_25008/SPIDER_ws/install/spider_interfaces/local/lib/python3.10/dist-packages/spider_interfaces/srv/__init__.py'...
[10.806s] Compiling '/home/alexcc/repos/SPIDER_25008/SPIDER_ws/install/spider_interfaces/local/lib/python3.10/dist-packages/spider_interfaces/srv/_loc_service.py'...
[10.819s] -- Installing: /home/alexcc/repos/SPIDER_25008/SPIDER_ws/install/spider_interfaces/lib/libspider_interfaces__rosidl_generator_py.so
[10.820s] -- Set non-toolchain portion of runtime path of "/home/alexcc/repos/SPIDER_25008/SPIDER_ws/install/spider_interfaces/lib/libspider_interfaces__rosidl_generator_py.so" to ""
[10.820s] -- Installing: /home/alexcc/repos/SPIDER_25008/SPIDER_ws/install/spider_interfaces/share/spider_interfaces/cmake/export_spider_interfaces__rosidl_generator_cExport.cmake
[10.820s] -- Installing: /home/alexcc/repos/SPIDER_25008/SPIDER_ws/install/spider_interfaces/share/spider_interfaces/cmake/export_spider_interfaces__rosidl_generator_cExport-noconfig.cmake
[10.820s] -- Installing: /home/alexcc/repos/SPIDER_25008/SPIDER_ws/install/spider_interfaces/share/spider_interfaces/cmake/export_spider_interfaces__rosidl_typesupport_fastrtps_cExport.cmake
[10.821s] -- Installing: /home/alexcc/repos/SPIDER_25008/SPIDER_ws/install/spider_interfaces/share/spider_interfaces/cmake/export_spider_interfaces__rosidl_typesupport_fastrtps_cExport-noconfig.cmake
[10.821s] -- Installing: /home/alexcc/repos/SPIDER_25008/SPIDER_ws/install/spider_interfaces/share/spider_interfaces/cmake/export_spider_interfaces__rosidl_generator_cppExport.cmake
[10.822s] -- Installing: /home/alexcc/repos/SPIDER_25008/SPIDER_ws/install/spider_interfaces/share/spider_interfaces/cmake/export_spider_interfaces__rosidl_typesupport_fastrtps_cppExport.cmake
[10.822s] -- Installing: /home/alexcc/repos/SPIDER_25008/SPIDER_ws/install/spider_interfaces/share/spider_interfaces/cmake/export_spider_interfaces__rosidl_typesupport_fastrtps_cppExport-noconfig.cmake
[10.822s] -- Installing: /home/alexcc/repos/SPIDER_25008/SPIDER_ws/install/spider_interfaces/share/spider_interfaces/cmake/spider_interfaces__rosidl_typesupport_introspection_cExport.cmake
[10.823s] -- Installing: /home/alexcc/repos/SPIDER_25008/SPIDER_ws/install/spider_interfaces/share/spider_interfaces/cmake/spider_interfaces__rosidl_typesupport_introspection_cExport-noconfig.cmake
[10.823s] -- Installing: /home/alexcc/repos/SPIDER_25008/SPIDER_ws/install/spider_interfaces/share/spider_interfaces/cmake/spider_interfaces__rosidl_typesupport_cExport.cmake
[10.823s] -- Installing: /home/alexcc/repos/SPIDER_25008/SPIDER_ws/install/spider_interfaces/share/spider_interfaces/cmake/spider_interfaces__rosidl_typesupport_cExport-noconfig.cmake
[10.824s] -- Installing: /home/alexcc/repos/SPIDER_25008/SPIDER_ws/install/spider_interfaces/share/spider_interfaces/cmake/spider_interfaces__rosidl_typesupport_introspection_cppExport.cmake
[10.824s] -- Installing: /home/alexcc/repos/SPIDER_25008/SPIDER_ws/install/spider_interfaces/share/spider_interfaces/cmake/spider_interfaces__rosidl_typesupport_introspection_cppExport-noconfig.cmake
[10.825s] -- Installing: /home/alexcc/repos/SPIDER_25008/SPIDER_ws/install/spider_interfaces/share/spider_interfaces/cmake/spider_interfaces__rosidl_typesupport_cppExport.cmake
[10.825s] -- Installing: /home/alexcc/repos/SPIDER_25008/SPIDER_ws/install/spider_interfaces/share/spider_interfaces/cmake/spider_interfaces__rosidl_typesupport_cppExport-noconfig.cmake
[10.825s] -- Installing: /home/alexcc/repos/SPIDER_25008/SPIDER_ws/install/spider_interfaces/share/spider_interfaces/cmake/export_spider_interfaces__rosidl_generator_pyExport.cmake
[10.826s] -- Installing: /home/alexcc/repos/SPIDER_25008/SPIDER_ws/install/spider_interfaces/share/spider_interfaces/cmake/export_spider_interfaces__rosidl_generator_pyExport-noconfig.cmake
[10.830s] Invoked command in '/home/alexcc/repos/SPIDER_25008/SPIDER_ws/build/spider_interfaces' returned '0': CMAKE_PREFIX_PATH=/opt/ros/humble /home/alexcc/.local/bin/cmake --install /home/alexcc/repos/SPIDER_25008/SPIDER_ws/build/spider_interfaces
