[1.248s] Invoking command in '/home/alexcc/repos/SPIDER_25008/SPIDER_ws/build/locomotion': PYTHONPATH=/home/alexcc/repos/SPIDER_25008/SPIDER_ws/build/locomotion/prefix_override:/usr/lib/python3/dist-packages/colcon_core/task/python/colcon_distutils_commands:/home/alexcc/repos/SPIDER_25008/SPIDER_ws/install/locomotion/lib/python3.10/site-packages:${PYTHONPATH} /usr/bin/python3 -W ignore:setup.py install is deprecated -W ignore:easy_install command is deprecated setup.py develop --editable --build-directory /home/alexcc/repos/SPIDER_25008/SPIDER_ws/build/locomotion/build --no-deps symlink_data
[1.744s] running develop
[2.021s] running egg_info
[2.021s] writing locomotion.egg-info/PKG-INFO
[2.022s] writing dependency_links to locomotion.egg-info/dependency_links.txt
[2.022s] writing entry points to locomotion.egg-info/entry_points.txt
[2.022s] writing requirements to locomotion.egg-info/requires.txt
[2.023s] writing top-level names to locomotion.egg-info/top_level.txt
[2.027s] reading manifest file 'locomotion.egg-info/SOURCES.txt'
[2.028s] writing manifest file 'locomotion.egg-info/SOURCES.txt'
[2.031s] running build_ext
[2.032s] Creating /home/alexcc/repos/SPIDER_25008/SPIDER_ws/install/locomotion/lib/python3.10/site-packages/locomotion.egg-link (link to .)
[2.033s] Installing client script to /home/alexcc/repos/SPIDER_25008/SPIDER_ws/install/locomotion/lib/locomotion
[2.034s] Installing imu_pub script to /home/alexcc/repos/SPIDER_25008/SPIDER_ws/install/locomotion/lib/locomotion
[2.034s] Installing service script to /home/alexcc/repos/SPIDER_25008/SPIDER_ws/install/locomotion/lib/locomotion
[2.035s] 
[2.035s] Installed /home/alexcc/repos/SPIDER_25008/SPIDER_ws/build/locomotion
[2.035s] running symlink_data
[2.035s] symbolically linking /home/alexcc/repos/SPIDER_25008/SPIDER_ws/build/locomotion/package.xml -> /home/alexcc/repos/SPIDER_25008/SPIDER_ws/install/locomotion/share/locomotion
[2.112s] Invoked command in '/home/alexcc/repos/SPIDER_25008/SPIDER_ws/build/locomotion' returned '0': PYTHONPATH=/home/alexcc/repos/SPIDER_25008/SPIDER_ws/build/locomotion/prefix_override:/usr/lib/python3/dist-packages/colcon_core/task/python/colcon_distutils_commands:/home/alexcc/repos/SPIDER_25008/SPIDER_ws/install/locomotion/lib/python3.10/site-packages:${PYTHONPATH} /usr/bin/python3 -W ignore:setup.py install is deprecated -W ignore:easy_install command is deprecated setup.py develop --editable --build-directory /home/alexcc/repos/SPIDER_25008/SPIDER_ws/build/locomotion/build --no-deps symlink_data
