running develop
running egg_info
writing spider_nav.egg-info/PKG-INFO
writing dependency_links to spider_nav.egg-info/dependency_links.txt
writing entry points to spider_nav.egg-info/entry_points.txt
writing requirements to spider_nav.egg-info/requires.txt
writing top-level names to spider_nav.egg-info/top_level.txt
reading manifest file 'spider_nav.egg-info/SOURCES.txt'
writing manifest file 'spider_nav.egg-info/SOURCES.txt'
running build_ext
Creating /home/alexcc/repos/SPIDER_25008/SPIDER_ws/install/spider_nav/lib/python3.10/site-packages/spider-nav.egg-link (link to .)
Installing gps_waypoint_logger script to /home/alexcc/repos/SPIDER_25008/SPIDER_ws/install/spider_nav/lib/spider_nav
Installing interactive_waypoint_follower script to /home/alexcc/repos/SPIDER_25008/SPIDER_ws/install/spider_nav/lib/spider_nav
Installing logged_waypoint_follower script to /home/alexcc/repos/SPIDER_25008/SPIDER_ws/install/spider_nav/lib/spider_nav
Installing spider_gps_pub script to /home/alexcc/repos/SPIDER_25008/SPIDER_ws/install/spider_nav/lib/spider_nav
Installing spider_nav_main script to /home/alexcc/repos/SPIDER_25008/SPIDER_ws/install/spider_nav/lib/spider_nav

Installed /home/alexcc/repos/SPIDER_25008/SPIDER_ws/build/spider_nav
running symlink_data
symbolically linking /home/alexcc/repos/SPIDER_25008/SPIDER_ws/build/spider_nav/resource/spider_nav -> /home/alexcc/repos/SPIDER_25008/SPIDER_ws/install/spider_nav/share/ament_index/resource_index/packages
symbolically linking /home/alexcc/repos/SPIDER_25008/SPIDER_ws/build/spider_nav/package.xml -> /home/alexcc/repos/SPIDER_25008/SPIDER_ws/install/spider_nav/share/spider_nav
error: [Errno 17] File exists: '/home/alexcc/repos/SPIDER_25008/SPIDER_ws/build/spider_nav/package.xml' -> '/home/alexcc/repos/SPIDER_25008/SPIDER_ws/install/spider_nav/share/spider_nav/package.xml'
