running egg_info
creating ../../../build/data_transfer/data_transfer.egg-info
writing ../../../build/data_transfer/data_transfer.egg-info/PKG-INFO
writing dependency_links to ../../../build/data_transfer/data_transfer.egg-info/dependency_links.txt
writing entry points to ../../../build/data_transfer/data_transfer.egg-info/entry_points.txt
writing requirements to ../../../build/data_transfer/data_transfer.egg-info/requires.txt
writing top-level names to ../../../build/data_transfer/data_transfer.egg-info/top_level.txt
writing manifest file '../../../build/data_transfer/data_transfer.egg-info/SOURCES.txt'
reading manifest file '../../../build/data_transfer/data_transfer.egg-info/SOURCES.txt'
writing manifest file '../../../build/data_transfer/data_transfer.egg-info/SOURCES.txt'
running build
running build_py
creating /home/alexcc/repos/SPIDER_25008/build/data_transfer/build
creating /home/alexcc/repos/SPIDER_25008/build/data_transfer/build/lib
creating /home/alexcc/repos/SPIDER_25008/build/data_transfer/build/lib/data_transfer
copying data_transfer/publish_transfer.py -> /home/alexcc/repos/SPIDER_25008/build/data_transfer/build/lib/data_transfer
copying data_transfer/__init__.py -> /home/alexcc/repos/SPIDER_25008/build/data_transfer/build/lib/data_transfer
copying data_transfer/SpectrometerStack.py -> /home/alexcc/repos/SPIDER_25008/build/data_transfer/build/lib/data_transfer
copying data_transfer/subscribe_transfer.py -> /home/alexcc/repos/SPIDER_25008/build/data_transfer/build/lib/data_transfer
running install
running install_lib
creating /home/alexcc/repos/SPIDER_25008/install/data_transfer/lib/python3.10/site-packages/data_transfer
copying /home/alexcc/repos/SPIDER_25008/build/data_transfer/build/lib/data_transfer/publish_transfer.py -> /home/alexcc/repos/SPIDER_25008/install/data_transfer/lib/python3.10/site-packages/data_transfer
copying /home/alexcc/repos/SPIDER_25008/build/data_transfer/build/lib/data_transfer/__init__.py -> /home/alexcc/repos/SPIDER_25008/install/data_transfer/lib/python3.10/site-packages/data_transfer
copying /home/alexcc/repos/SPIDER_25008/build/data_transfer/build/lib/data_transfer/SpectrometerStack.py -> /home/alexcc/repos/SPIDER_25008/install/data_transfer/lib/python3.10/site-packages/data_transfer
copying /home/alexcc/repos/SPIDER_25008/build/data_transfer/build/lib/data_transfer/subscribe_transfer.py -> /home/alexcc/repos/SPIDER_25008/install/data_transfer/lib/python3.10/site-packages/data_transfer
byte-compiling /home/alexcc/repos/SPIDER_25008/install/data_transfer/lib/python3.10/site-packages/data_transfer/publish_transfer.py to publish_transfer.cpython-310.pyc
byte-compiling /home/alexcc/repos/SPIDER_25008/install/data_transfer/lib/python3.10/site-packages/data_transfer/__init__.py to __init__.cpython-310.pyc
byte-compiling /home/alexcc/repos/SPIDER_25008/install/data_transfer/lib/python3.10/site-packages/data_transfer/SpectrometerStack.py to SpectrometerStack.cpython-310.pyc
byte-compiling /home/alexcc/repos/SPIDER_25008/install/data_transfer/lib/python3.10/site-packages/data_transfer/subscribe_transfer.py to subscribe_transfer.cpython-310.pyc
running install_data
creating /home/alexcc/repos/SPIDER_25008/install/data_transfer/share/ament_index
creating /home/alexcc/repos/SPIDER_25008/install/data_transfer/share/ament_index/resource_index
creating /home/alexcc/repos/SPIDER_25008/install/data_transfer/share/ament_index/resource_index/packages
copying resource/data_transfer -> /home/alexcc/repos/SPIDER_25008/install/data_transfer/share/ament_index/resource_index/packages
copying package.xml -> /home/alexcc/repos/SPIDER_25008/install/data_transfer/share/data_transfer
creating /home/alexcc/repos/SPIDER_25008/install/data_transfer/share/data_transfer/launch
copying launch/data_transfer_sim.launch.py -> /home/alexcc/repos/SPIDER_25008/install/data_transfer/share/data_transfer/launch
running install_egg_info
Copying ../../../build/data_transfer/data_transfer.egg-info to /home/alexcc/repos/SPIDER_25008/install/data_transfer/lib/python3.10/site-packages/data_transfer-0.0.0-py3.10.egg-info
running install_scripts
Installing listener script to /home/alexcc/repos/SPIDER_25008/install/data_transfer/lib/data_transfer
Installing talker script to /home/alexcc/repos/SPIDER_25008/install/data_transfer/lib/data_transfer
writing list of installed files to '/home/alexcc/repos/SPIDER_25008/build/data_transfer/install.log'
