[1.374s] Invoking command in '/home/alexcc/repos/SPIDER_25008/SPIDER_ws/src/data_transfer': AMENT_PREFIX_PATH=/home/alexcc/repos/SPIDER_25008/install/spider_nav:/home/alexcc/repos/SPIDER_25008/install/locomotion:/home/alexcc/repos/SPIDER_25008/install/spider_interfaces:${AMENT_PREFIX_PATH} CMAKE_PREFIX_PATH=/home/alexcc/repos/SPIDER_25008/install/spider_interfaces LD_LIBRARY_PATH=/home/alexcc/repos/SPIDER_25008/install/spider_interfaces/lib:${LD_LIBRARY_PATH} PYTHONPATH=/home/alexcc/repos/SPIDER_25008/build/data_transfer/prefix_override:/usr/lib/python3/dist-packages/colcon_core/task/python/colcon_distutils_commands:/home/alexcc/repos/SPIDER_25008/install/data_transfer/lib/python3.10/site-packages:/home/alexcc/repos/SPIDER_25008/install/spider_nav/lib/python3.10/site-packages:/home/alexcc/repos/SPIDER_25008/install/locomotion/lib/python3.10/site-packages:/home/alexcc/repos/SPIDER_25008/install/spider_interfaces/local/lib/python3.10/dist-packages:${PYTHONPATH} /usr/bin/python3 -W ignore:setup.py install is deprecated -W ignore:easy_install command is deprecated setup.py egg_info --egg-base ../../../build/data_transfer build --build-base /home/alexcc/repos/SPIDER_25008/build/data_transfer/build install --record /home/alexcc/repos/SPIDER_25008/build/data_transfer/install.log --single-version-externally-managed install_data
[1.879s] running egg_info
[1.880s] creating ../../../build/data_transfer/data_transfer.egg-info
[1.880s] writing ../../../build/data_transfer/data_transfer.egg-info/PKG-INFO
[1.881s] writing dependency_links to ../../../build/data_transfer/data_transfer.egg-info/dependency_links.txt
[1.881s] writing entry points to ../../../build/data_transfer/data_transfer.egg-info/entry_points.txt
[1.881s] writing requirements to ../../../build/data_transfer/data_transfer.egg-info/requires.txt
[1.882s] writing top-level names to ../../../build/data_transfer/data_transfer.egg-info/top_level.txt
[1.882s] writing manifest file '../../../build/data_transfer/data_transfer.egg-info/SOURCES.txt'
[1.885s] reading manifest file '../../../build/data_transfer/data_transfer.egg-info/SOURCES.txt'
[1.887s] writing manifest file '../../../build/data_transfer/data_transfer.egg-info/SOURCES.txt'
[1.887s] running build
[1.887s] running build_py
[1.887s] creating /home/alexcc/repos/SPIDER_25008/build/data_transfer/build
[1.888s] creating /home/alexcc/repos/SPIDER_25008/build/data_transfer/build/lib
[1.888s] creating /home/alexcc/repos/SPIDER_25008/build/data_transfer/build/lib/data_transfer
[1.888s] copying data_transfer/publish_transfer.py -> /home/alexcc/repos/SPIDER_25008/build/data_transfer/build/lib/data_transfer
[1.889s] copying data_transfer/__init__.py -> /home/alexcc/repos/SPIDER_25008/build/data_transfer/build/lib/data_transfer
[1.889s] copying data_transfer/SpectrometerStack.py -> /home/alexcc/repos/SPIDER_25008/build/data_transfer/build/lib/data_transfer
[1.890s] copying data_transfer/subscribe_transfer.py -> /home/alexcc/repos/SPIDER_25008/build/data_transfer/build/lib/data_transfer
[1.890s] running install
[1.891s] running install_lib
[1.893s] creating /home/alexcc/repos/SPIDER_25008/install/data_transfer/lib/python3.10/site-packages/data_transfer
[1.893s] copying /home/alexcc/repos/SPIDER_25008/build/data_transfer/build/lib/data_transfer/publish_transfer.py -> /home/alexcc/repos/SPIDER_25008/install/data_transfer/lib/python3.10/site-packages/data_transfer
[1.893s] copying /home/alexcc/repos/SPIDER_25008/build/data_transfer/build/lib/data_transfer/__init__.py -> /home/alexcc/repos/SPIDER_25008/install/data_transfer/lib/python3.10/site-packages/data_transfer
[1.893s] copying /home/alexcc/repos/SPIDER_25008/build/data_transfer/build/lib/data_transfer/SpectrometerStack.py -> /home/alexcc/repos/SPIDER_25008/install/data_transfer/lib/python3.10/site-packages/data_transfer
[1.893s] copying /home/alexcc/repos/SPIDER_25008/build/data_transfer/build/lib/data_transfer/subscribe_transfer.py -> /home/alexcc/repos/SPIDER_25008/install/data_transfer/lib/python3.10/site-packages/data_transfer
[1.895s] byte-compiling /home/alexcc/repos/SPIDER_25008/install/data_transfer/lib/python3.10/site-packages/data_transfer/publish_transfer.py to publish_transfer.cpython-310.pyc
[1.896s] byte-compiling /home/alexcc/repos/SPIDER_25008/install/data_transfer/lib/python3.10/site-packages/data_transfer/__init__.py to __init__.cpython-310.pyc
[1.896s] byte-compiling /home/alexcc/repos/SPIDER_25008/install/data_transfer/lib/python3.10/site-packages/data_transfer/SpectrometerStack.py to SpectrometerStack.cpython-310.pyc
[1.898s] byte-compiling /home/alexcc/repos/SPIDER_25008/install/data_transfer/lib/python3.10/site-packages/data_transfer/subscribe_transfer.py to subscribe_transfer.cpython-310.pyc
[1.899s] running install_data
[1.899s] creating /home/alexcc/repos/SPIDER_25008/install/data_transfer/share/ament_index
[1.899s] creating /home/alexcc/repos/SPIDER_25008/install/data_transfer/share/ament_index/resource_index
[1.899s] creating /home/alexcc/repos/SPIDER_25008/install/data_transfer/share/ament_index/resource_index/packages
[1.900s] copying resource/data_transfer -> /home/alexcc/repos/SPIDER_25008/install/data_transfer/share/ament_index/resource_index/packages
[1.900s] copying package.xml -> /home/alexcc/repos/SPIDER_25008/install/data_transfer/share/data_transfer
[1.900s] creating /home/alexcc/repos/SPIDER_25008/install/data_transfer/share/data_transfer/launch
[1.900s] copying launch/data_transfer_sim.launch.py -> /home/alexcc/repos/SPIDER_25008/install/data_transfer/share/data_transfer/launch
[1.900s] running install_egg_info
[1.904s] Copying ../../../build/data_transfer/data_transfer.egg-info to /home/alexcc/repos/SPIDER_25008/install/data_transfer/lib/python3.10/site-packages/data_transfer-0.0.0-py3.10.egg-info
[1.906s] running install_scripts
[1.946s] Installing listener script to /home/alexcc/repos/SPIDER_25008/install/data_transfer/lib/data_transfer
[1.947s] Installing talker script to /home/alexcc/repos/SPIDER_25008/install/data_transfer/lib/data_transfer
[1.948s] writing list of installed files to '/home/alexcc/repos/SPIDER_25008/build/data_transfer/install.log'
[2.015s] Invoked command in '/home/alexcc/repos/SPIDER_25008/SPIDER_ws/src/data_transfer' returned '0': AMENT_PREFIX_PATH=/home/alexcc/repos/SPIDER_25008/install/spider_nav:/home/alexcc/repos/SPIDER_25008/install/locomotion:/home/alexcc/repos/SPIDER_25008/install/spider_interfaces:${AMENT_PREFIX_PATH} CMAKE_PREFIX_PATH=/home/alexcc/repos/SPIDER_25008/install/spider_interfaces LD_LIBRARY_PATH=/home/alexcc/repos/SPIDER_25008/install/spider_interfaces/lib:${LD_LIBRARY_PATH} PYTHONPATH=/home/alexcc/repos/SPIDER_25008/build/data_transfer/prefix_override:/usr/lib/python3/dist-packages/colcon_core/task/python/colcon_distutils_commands:/home/alexcc/repos/SPIDER_25008/install/data_transfer/lib/python3.10/site-packages:/home/alexcc/repos/SPIDER_25008/install/spider_nav/lib/python3.10/site-packages:/home/alexcc/repos/SPIDER_25008/install/locomotion/lib/python3.10/site-packages:/home/alexcc/repos/SPIDER_25008/install/spider_interfaces/local/lib/python3.10/dist-packages:${PYTHONPATH} /usr/bin/python3 -W ignore:setup.py install is deprecated -W ignore:easy_install command is deprecated setup.py egg_info --egg-base ../../../build/data_transfer build --build-base /home/alexcc/repos/SPIDER_25008/build/data_transfer/build install --record /home/alexcc/repos/SPIDER_25008/build/data_transfer/install.log --single-version-externally-managed install_data
