[0.236s] [34mcolcon[0m [1;30mDEBUG[0m [32mCommand line arguments: ['/usr/bin/colcon', 'build', '--symlink-install'][0m
[0.236s] [34mcolcon[0m [1;30mDEBUG[0m [32mParsed command line arguments: Namespace(log_base=None, log_level=None, verb_name='build', build_base='build', install_base='install', merge_install=False, symlink_install=True, test_result_base=None, continue_on_error=False, executor='parallel', parallel_workers=6, event_handlers=None, ignore_user_meta=False, metas=['./colcon.meta'], base_paths=['.'], packages_ignore=None, packages_ignore_regex=None, paths=None, packages_up_to=None, packages_up_to_regex=None, packages_above=None, packages_above_and_dependencies=None, packages_above_depth=None, packages_select_by_dep=None, packages_skip_by_dep=None, packages_skip_up_to=None, packages_select_build_failed=False, packages_skip_build_finished=False, packages_select_test_failures=False, packages_skip_test_passed=False, packages_select=None, packages_skip=None, packages_select_regex=None, packages_skip_regex=None, packages_start=None, packages_end=None, allow_overriding=[], cmake_args=None, cmake_target=None, cmake_target_skip_unavailable=False, cmake_clean_cache=False, cmake_clean_first=False, cmake_force_configure=False, ament_cmake_args=None, catkin_cmake_args=None, catkin_skip_building_tests=False, verb_parser=<colcon_defaults.argument_parser.defaults.DefaultArgumentsDecorator object at 0xffffa4664400>, verb_extension=<colcon_core.verb.build.BuildVerb object at 0xffffa4873f70>, main=<bound method BuildVerb.main of <colcon_core.verb.build.BuildVerb object at 0xffffa4873f70>>)[0m
[0.549s] [34mcolcon.colcon_core.package_discovery[0m [1;30mLevel 1[0m discover_packages(colcon_meta) check parameters
[0.549s] [34mcolcon.colcon_core.package_discovery[0m [1;30mLevel 1[0m discover_packages(recursive) check parameters
[0.549s] [34mcolcon.colcon_core.package_discovery[0m [1;30mLevel 1[0m discover_packages(ignore) check parameters
[0.549s] [34mcolcon.colcon_core.package_discovery[0m [1;30mLevel 1[0m discover_packages(path) check parameters
[0.549s] [34mcolcon.colcon_core.package_discovery[0m [1;30mLevel 1[0m discover_packages(colcon_meta) discover
[0.549s] [34mcolcon.colcon_core.package_discovery[0m [1;30mLevel 1[0m discover_packages(recursive) discover
[0.549s] [34mcolcon.colcon_core.package_discovery[0m [1;30mINFO[0m Crawling recursively for packages in '/home/alexcc/repos/SPIDER_25008/SPIDER_ws'
[0.550s] [34mcolcon.colcon_core.package_identification[0m [1;30mLevel 1[0m _identify(.) by extensions ['ignore', 'ignore_ament_install']
[0.550s] [34mcolcon.colcon_core.package_identification[0m [1;30mLevel 1[0m _identify(.) by extension 'ignore'
[0.550s] [34mcolcon.colcon_core.package_identification[0m [1;30mLevel 1[0m _identify(.) by extension 'ignore_ament_install'
[0.550s] [34mcolcon.colcon_core.package_identification[0m [1;30mLevel 1[0m _identify(.) by extensions ['colcon_pkg']
[0.550s] [34mcolcon.colcon_core.package_identification[0m [1;30mLevel 1[0m _identify(.) by extension 'colcon_pkg'
[0.550s] [34mcolcon.colcon_core.package_identification[0m [1;30mLevel 1[0m _identify(.) by extensions ['colcon_meta']
[0.551s] [34mcolcon.colcon_core.package_identification[0m [1;30mLevel 1[0m _identify(.) by extension 'colcon_meta'
[0.551s] [34mcolcon.colcon_core.package_identification[0m [1;30mLevel 1[0m _identify(.) by extensions ['ros']
[0.551s] [34mcolcon.colcon_core.package_identification[0m [1;30mLevel 1[0m _identify(.) by extension 'ros'
[0.574s] [34mcolcon.colcon_core.package_identification[0m [1;30mLevel 1[0m _identify(.) by extensions ['cmake', 'python']
[0.575s] [34mcolcon.colcon_core.package_identification[0m [1;30mLevel 1[0m _identify(.) by extension 'cmake'
[0.575s] [34mcolcon.colcon_core.package_identification[0m [1;30mLevel 1[0m _identify(.) by extension 'python'
[0.575s] [34mcolcon.colcon_core.package_identification[0m [1;30mLevel 1[0m _identify(.) by extensions ['python_setup_py']
[0.575s] [34mcolcon.colcon_core.package_identification[0m [1;30mLevel 1[0m _identify(.) by extension 'python_setup_py'
[0.575s] [34mcolcon.colcon_core.package_identification[0m [1;30mLevel 1[0m _identify(build) by extensions ['ignore', 'ignore_ament_install']
[0.576s] [34mcolcon.colcon_core.package_identification[0m [1;30mLevel 1[0m _identify(build) by extension 'ignore'
[0.576s] [34mcolcon.colcon_core.package_identification[0m [1;30mLevel 1[0m _identify(build) ignored
[0.576s] [34mcolcon.colcon_core.package_identification[0m [1;30mLevel 1[0m _identify(config) by extensions ['ignore', 'ignore_ament_install']
[0.576s] [34mcolcon.colcon_core.package_identification[0m [1;30mLevel 1[0m _identify(config) by extension 'ignore'
[0.576s] [34mcolcon.colcon_core.package_identification[0m [1;30mLevel 1[0m _identify(config) by extension 'ignore_ament_install'
[0.577s] [34mcolcon.colcon_core.package_identification[0m [1;30mLevel 1[0m _identify(config) by extensions ['colcon_pkg']
[0.577s] [34mcolcon.colcon_core.package_identification[0m [1;30mLevel 1[0m _identify(config) by extension 'colcon_pkg'
[0.577s] [34mcolcon.colcon_core.package_identification[0m [1;30mLevel 1[0m _identify(config) by extensions ['colcon_meta']
[0.577s] [34mcolcon.colcon_core.package_identification[0m [1;30mLevel 1[0m _identify(config) by extension 'colcon_meta'
[0.577s] [34mcolcon.colcon_core.package_identification[0m [1;30mLevel 1[0m _identify(config) by extensions ['ros']
[0.577s] [34mcolcon.colcon_core.package_identification[0m [1;30mLevel 1[0m _identify(config) by extension 'ros'
[0.577s] [34mcolcon.colcon_core.package_identification[0m [1;30mLevel 1[0m _identify(config) by extensions ['cmake', 'python']
[0.577s] [34mcolcon.colcon_core.package_identification[0m [1;30mLevel 1[0m _identify(config) by extension 'cmake'
[0.577s] [34mcolcon.colcon_core.package_identification[0m [1;30mLevel 1[0m _identify(config) by extension 'python'
[0.577s] [34mcolcon.colcon_core.package_identification[0m [1;30mLevel 1[0m _identify(config) by extensions ['python_setup_py']
[0.577s] [34mcolcon.colcon_core.package_identification[0m [1;30mLevel 1[0m _identify(config) by extension 'python_setup_py'
[0.578s] [34mcolcon.colcon_core.package_identification[0m [1;30mLevel 1[0m _identify(install) by extensions ['ignore', 'ignore_ament_install']
[0.578s] [34mcolcon.colcon_core.package_identification[0m [1;30mLevel 1[0m _identify(install) by extension 'ignore'
[0.578s] [34mcolcon.colcon_core.package_identification[0m [1;30mLevel 1[0m _identify(install) ignored
[0.579s] [34mcolcon.colcon_core.package_identification[0m [1;30mLevel 1[0m _identify(log) by extensions ['ignore', 'ignore_ament_install']
[0.579s] [34mcolcon.colcon_core.package_identification[0m [1;30mLevel 1[0m _identify(log) by extension 'ignore'
[0.579s] [34mcolcon.colcon_core.package_identification[0m [1;30mLevel 1[0m _identify(log) ignored
[0.579s] [34mcolcon.colcon_core.package_identification[0m [1;30mLevel 1[0m _identify(src) by extensions ['ignore', 'ignore_ament_install']
[0.579s] [34mcolcon.colcon_core.package_identification[0m [1;30mLevel 1[0m _identify(src) by extension 'ignore'
[0.579s] [34mcolcon.colcon_core.package_identification[0m [1;30mLevel 1[0m _identify(src) by extension 'ignore_ament_install'
[0.580s] [34mcolcon.colcon_core.package_identification[0m [1;30mLevel 1[0m _identify(src) by extensions ['colcon_pkg']
[0.580s] [34mcolcon.colcon_core.package_identification[0m [1;30mLevel 1[0m _identify(src) by extension 'colcon_pkg'
[0.580s] [34mcolcon.colcon_core.package_identification[0m [1;30mLevel 1[0m _identify(src) by extensions ['colcon_meta']
[0.580s] [34mcolcon.colcon_core.package_identification[0m [1;30mLevel 1[0m _identify(src) by extension 'colcon_meta'
[0.580s] [34mcolcon.colcon_core.package_identification[0m [1;30mLevel 1[0m _identify(src) by extensions ['ros']
[0.580s] [34mcolcon.colcon_core.package_identification[0m [1;30mLevel 1[0m _identify(src) by extension 'ros'
[0.580s] [34mcolcon.colcon_core.package_identification[0m [1;30mLevel 1[0m _identify(src) by extensions ['cmake', 'python']
[0.580s] [34mcolcon.colcon_core.package_identification[0m [1;30mLevel 1[0m _identify(src) by extension 'cmake'
[0.580s] [34mcolcon.colcon_core.package_identification[0m [1;30mLevel 1[0m _identify(src) by extension 'python'
[0.580s] [34mcolcon.colcon_core.package_identification[0m [1;30mLevel 1[0m _identify(src) by extensions ['python_setup_py']
[0.580s] [34mcolcon.colcon_core.package_identification[0m [1;30mLevel 1[0m _identify(src) by extension 'python_setup_py'
[0.581s] [34mcolcon.colcon_core.package_identification[0m [1;30mLevel 1[0m _identify(src/data_transfer) by extensions ['ignore', 'ignore_ament_install']
[0.581s] [34mcolcon.colcon_core.package_identification[0m [1;30mLevel 1[0m _identify(src/data_transfer) by extension 'ignore'
[0.581s] [34mcolcon.colcon_core.package_identification[0m [1;30mLevel 1[0m _identify(src/data_transfer) by extension 'ignore_ament_install'
[0.581s] [34mcolcon.colcon_core.package_identification[0m [1;30mLevel 1[0m _identify(src/data_transfer) by extensions ['colcon_pkg']
[0.581s] [34mcolcon.colcon_core.package_identification[0m [1;30mLevel 1[0m _identify(src/data_transfer) by extension 'colcon_pkg'
[0.581s] [34mcolcon.colcon_core.package_identification[0m [1;30mLevel 1[0m _identify(src/data_transfer) by extensions ['colcon_meta']
[0.581s] [34mcolcon.colcon_core.package_identification[0m [1;30mLevel 1[0m _identify(src/data_transfer) by extension 'colcon_meta'
[0.581s] [34mcolcon.colcon_core.package_identification[0m [1;30mLevel 1[0m _identify(src/data_transfer) by extensions ['ros']
[0.582s] [34mcolcon.colcon_core.package_identification[0m [1;30mLevel 1[0m _identify(src/data_transfer) by extension 'ros'
[0.587s] [34mcolcon.colcon_core.package_identification[0m [1;30mDEBUG[0m [32mPackage 'src/data_transfer' with type 'ros.ament_python' and name 'data_transfer'[0m
[0.587s] [34mcolcon.colcon_core.package_identification[0m [1;30mLevel 1[0m _identify(src/locomotion) by extensions ['ignore', 'ignore_ament_install']
[0.587s] [34mcolcon.colcon_core.package_identification[0m [1;30mLevel 1[0m _identify(src/locomotion) by extension 'ignore'
[0.588s] [34mcolcon.colcon_core.package_identification[0m [1;30mLevel 1[0m _identify(src/locomotion) by extension 'ignore_ament_install'
[0.588s] [34mcolcon.colcon_core.package_identification[0m [1;30mLevel 1[0m _identify(src/locomotion) by extensions ['colcon_pkg']
[0.588s] [34mcolcon.colcon_core.package_identification[0m [1;30mLevel 1[0m _identify(src/locomotion) by extension 'colcon_pkg'
[0.588s] [34mcolcon.colcon_core.package_identification[0m [1;30mLevel 1[0m _identify(src/locomotion) by extensions ['colcon_meta']
[0.588s] [34mcolcon.colcon_core.package_identification[0m [1;30mLevel 1[0m _identify(src/locomotion) by extension 'colcon_meta'
[0.588s] [34mcolcon.colcon_core.package_identification[0m [1;30mLevel 1[0m _identify(src/locomotion) by extensions ['ros']
[0.588s] [34mcolcon.colcon_core.package_identification[0m [1;30mLevel 1[0m _identify(src/locomotion) by extension 'ros'
[0.589s] [34mcolcon.colcon_core.package_identification[0m [1;30mDEBUG[0m [32mPackage 'src/locomotion' with type 'ros.ament_python' and name 'locomotion'[0m
[0.590s] [34mcolcon.colcon_core.package_identification[0m [1;30mLevel 1[0m _identify(src/spider_interfaces) by extensions ['ignore', 'ignore_ament_install']
[0.590s] [34mcolcon.colcon_core.package_identification[0m [1;30mLevel 1[0m _identify(src/spider_interfaces) by extension 'ignore'
[0.590s] [34mcolcon.colcon_core.package_identification[0m [1;30mLevel 1[0m _identify(src/spider_interfaces) by extension 'ignore_ament_install'
[0.590s] [34mcolcon.colcon_core.package_identification[0m [1;30mLevel 1[0m _identify(src/spider_interfaces) by extensions ['colcon_pkg']
[0.590s] [34mcolcon.colcon_core.package_identification[0m [1;30mLevel 1[0m _identify(src/spider_interfaces) by extension 'colcon_pkg'
[0.590s] [34mcolcon.colcon_core.package_identification[0m [1;30mLevel 1[0m _identify(src/spider_interfaces) by extensions ['colcon_meta']
[0.590s] [34mcolcon.colcon_core.package_identification[0m [1;30mLevel 1[0m _identify(src/spider_interfaces) by extension 'colcon_meta'
[0.591s] [34mcolcon.colcon_core.package_identification[0m [1;30mLevel 1[0m _identify(src/spider_interfaces) by extensions ['ros']
[0.591s] [34mcolcon.colcon_core.package_identification[0m [1;30mLevel 1[0m _identify(src/spider_interfaces) by extension 'ros'
[0.592s] [34mcolcon.colcon_core.package_identification[0m [1;30mDEBUG[0m [32mPackage 'src/spider_interfaces' with type 'ros.ament_cmake' and name 'spider_interfaces'[0m
[0.592s] [34mcolcon.colcon_core.package_identification[0m [1;30mLevel 1[0m _identify(src/spider_nav) by extensions ['ignore', 'ignore_ament_install']
[0.592s] [34mcolcon.colcon_core.package_identification[0m [1;30mLevel 1[0m _identify(src/spider_nav) by extension 'ignore'
[0.592s] [34mcolcon.colcon_core.package_identification[0m [1;30mLevel 1[0m _identify(src/spider_nav) by extension 'ignore_ament_install'
[0.592s] [34mcolcon.colcon_core.package_identification[0m [1;30mLevel 1[0m _identify(src/spider_nav) by extensions ['colcon_pkg']
[0.592s] [34mcolcon.colcon_core.package_identification[0m [1;30mLevel 1[0m _identify(src/spider_nav) by extension 'colcon_pkg'
[0.592s] [34mcolcon.colcon_core.package_identification[0m [1;30mLevel 1[0m _identify(src/spider_nav) by extensions ['colcon_meta']
[0.593s] [34mcolcon.colcon_core.package_identification[0m [1;30mLevel 1[0m _identify(src/spider_nav) by extension 'colcon_meta'
[0.593s] [34mcolcon.colcon_core.package_identification[0m [1;30mLevel 1[0m _identify(src/spider_nav) by extensions ['ros']
[0.593s] [34mcolcon.colcon_core.package_identification[0m [1;30mLevel 1[0m _identify(src/spider_nav) by extension 'ros'
[0.595s] [34mcolcon.colcon_core.package_identification[0m [1;30mDEBUG[0m [32mPackage 'src/spider_nav' with type 'ros.ament_python' and name 'spider_nav'[0m
[0.595s] [34mcolcon.colcon_core.package_discovery[0m [1;30mLevel 1[0m discover_packages(recursive) using defaults
[0.595s] [34mcolcon.colcon_core.package_discovery[0m [1;30mLevel 1[0m discover_packages(ignore) discover
[0.595s] [34mcolcon.colcon_core.package_discovery[0m [1;30mLevel 1[0m discover_packages(ignore) using defaults
[0.595s] [34mcolcon.colcon_core.package_discovery[0m [1;30mLevel 1[0m discover_packages(path) discover
[0.595s] [34mcolcon.colcon_core.package_discovery[0m [1;30mLevel 1[0m discover_packages(path) using defaults
[0.630s] [34mcolcon.colcon_core.package_discovery[0m [1;30mLevel 1[0m discover_packages(prefix_path) check parameters
[0.630s] [34mcolcon.colcon_core.package_discovery[0m [1;30mLevel 1[0m discover_packages(prefix_path) discover
[0.634s] [34mcolcon.colcon_installed_package_information.package_discovery[0m [1;30mDEBUG[0m [32mFound 7 installed packages in /home/alexcc/repos/SPIDER_25008/SPIDER_ws/install[0m
[0.636s] [34mcolcon.colcon_installed_package_information.package_discovery[0m [1;30mDEBUG[0m [32mFound 172 installed packages in /opt/ros/humble[0m
[0.667s] [34mcolcon.colcon_core.package_discovery[0m [1;30mLevel 1[0m discover_packages(prefix_path) using defaults
[0.710s] [34mcolcon.colcon_core.verb[0m [1;30mLevel 5[0m set package 'spider_interfaces' build argument 'cmake_args' from command line to 'None'
[0.710s] [34mcolcon.colcon_core.verb[0m [1;30mLevel 5[0m set package 'spider_interfaces' build argument 'cmake_target' from command line to 'None'
[0.710s] [34mcolcon.colcon_core.verb[0m [1;30mLevel 5[0m set package 'spider_interfaces' build argument 'cmake_target_skip_unavailable' from command line to 'False'
[0.710s] [34mcolcon.colcon_core.verb[0m [1;30mLevel 5[0m set package 'spider_interfaces' build argument 'cmake_clean_cache' from command line to 'False'
[0.710s] [34mcolcon.colcon_core.verb[0m [1;30mLevel 5[0m set package 'spider_interfaces' build argument 'cmake_clean_first' from command line to 'False'
[0.710s] [34mcolcon.colcon_core.verb[0m [1;30mLevel 5[0m set package 'spider_interfaces' build argument 'cmake_force_configure' from command line to 'False'
[0.711s] [34mcolcon.colcon_core.verb[0m [1;30mLevel 5[0m set package 'spider_interfaces' build argument 'ament_cmake_args' from command line to 'None'
[0.711s] [34mcolcon.colcon_core.verb[0m [1;30mLevel 5[0m set package 'spider_interfaces' build argument 'catkin_cmake_args' from command line to 'None'
[0.711s] [34mcolcon.colcon_core.verb[0m [1;30mLevel 5[0m set package 'spider_interfaces' build argument 'catkin_skip_building_tests' from command line to 'False'
[0.711s] [34mcolcon.colcon_core.verb[0m [1;30mDEBUG[0m [32mBuilding package 'spider_interfaces' with the following arguments: {'ament_cmake_args': None, 'build_base': '/home/alexcc/repos/SPIDER_25008/SPIDER_ws/build/spider_interfaces', 'catkin_cmake_args': None, 'catkin_skip_building_tests': False, 'cmake_args': None, 'cmake_clean_cache': False, 'cmake_clean_first': False, 'cmake_force_configure': False, 'cmake_target': None, 'cmake_target_skip_unavailable': False, 'install_base': '/home/alexcc/repos/SPIDER_25008/SPIDER_ws/install/spider_interfaces', 'merge_install': False, 'path': '/home/alexcc/repos/SPIDER_25008/SPIDER_ws/src/spider_interfaces', 'symlink_install': True, 'test_result_base': None}[0m
[0.711s] [34mcolcon.colcon_core.verb[0m [1;30mLevel 5[0m set package 'locomotion' build argument 'cmake_args' from command line to 'None'
[0.712s] [34mcolcon.colcon_core.verb[0m [1;30mLevel 5[0m set package 'locomotion' build argument 'cmake_target' from command line to 'None'
[0.712s] [34mcolcon.colcon_core.verb[0m [1;30mLevel 5[0m set package 'locomotion' build argument 'cmake_target_skip_unavailable' from command line to 'False'
[0.712s] [34mcolcon.colcon_core.verb[0m [1;30mLevel 5[0m set package 'locomotion' build argument 'cmake_clean_cache' from command line to 'False'
[0.712s] [34mcolcon.colcon_core.verb[0m [1;30mLevel 5[0m set package 'locomotion' build argument 'cmake_clean_first' from command line to 'False'
[0.712s] [34mcolcon.colcon_core.verb[0m [1;30mLevel 5[0m set package 'locomotion' build argument 'cmake_force_configure' from command line to 'False'
[0.712s] [34mcolcon.colcon_core.verb[0m [1;30mLevel 5[0m set package 'locomotion' build argument 'ament_cmake_args' from command line to 'None'
[0.712s] [34mcolcon.colcon_core.verb[0m [1;30mLevel 5[0m set package 'locomotion' build argument 'catkin_cmake_args' from command line to 'None'
[0.712s] [34mcolcon.colcon_core.verb[0m [1;30mLevel 5[0m set package 'locomotion' build argument 'catkin_skip_building_tests' from command line to 'False'
[0.712s] [34mcolcon.colcon_core.verb[0m [1;30mDEBUG[0m [32mBuilding package 'locomotion' with the following arguments: {'ament_cmake_args': None, 'build_base': '/home/alexcc/repos/SPIDER_25008/SPIDER_ws/build/locomotion', 'catkin_cmake_args': None, 'catkin_skip_building_tests': False, 'cmake_args': None, 'cmake_clean_cache': False, 'cmake_clean_first': False, 'cmake_force_configure': False, 'cmake_target': None, 'cmake_target_skip_unavailable': False, 'install_base': '/home/alexcc/repos/SPIDER_25008/SPIDER_ws/install/locomotion', 'merge_install': False, 'path': '/home/alexcc/repos/SPIDER_25008/SPIDER_ws/src/locomotion', 'symlink_install': True, 'test_result_base': None}[0m
[0.713s] [34mcolcon.colcon_core.verb[0m [1;30mLevel 5[0m set package 'spider_nav' build argument 'cmake_args' from command line to 'None'
[0.713s] [34mcolcon.colcon_core.verb[0m [1;30mLevel 5[0m set package 'spider_nav' build argument 'cmake_target' from command line to 'None'
[0.713s] [34mcolcon.colcon_core.verb[0m [1;30mLevel 5[0m set package 'spider_nav' build argument 'cmake_target_skip_unavailable' from command line to 'False'
[0.713s] [34mcolcon.colcon_core.verb[0m [1;30mLevel 5[0m set package 'spider_nav' build argument 'cmake_clean_cache' from command line to 'False'
[0.713s] [34mcolcon.colcon_core.verb[0m [1;30mLevel 5[0m set package 'spider_nav' build argument 'cmake_clean_first' from command line to 'False'
[0.713s] [34mcolcon.colcon_core.verb[0m [1;30mLevel 5[0m set package 'spider_nav' build argument 'cmake_force_configure' from command line to 'False'
[0.713s] [34mcolcon.colcon_core.verb[0m [1;30mLevel 5[0m set package 'spider_nav' build argument 'ament_cmake_args' from command line to 'None'
[0.713s] [34mcolcon.colcon_core.verb[0m [1;30mLevel 5[0m set package 'spider_nav' build argument 'catkin_cmake_args' from command line to 'None'
[0.713s] [34mcolcon.colcon_core.verb[0m [1;30mLevel 5[0m set package 'spider_nav' build argument 'catkin_skip_building_tests' from command line to 'False'
[0.713s] [34mcolcon.colcon_core.verb[0m [1;30mDEBUG[0m [32mBuilding package 'spider_nav' with the following arguments: {'ament_cmake_args': None, 'build_base': '/home/alexcc/repos/SPIDER_25008/SPIDER_ws/build/spider_nav', 'catkin_cmake_args': None, 'catkin_skip_building_tests': False, 'cmake_args': None, 'cmake_clean_cache': False, 'cmake_clean_first': False, 'cmake_force_configure': False, 'cmake_target': None, 'cmake_target_skip_unavailable': False, 'install_base': '/home/alexcc/repos/SPIDER_25008/SPIDER_ws/install/spider_nav', 'merge_install': False, 'path': '/home/alexcc/repos/SPIDER_25008/SPIDER_ws/src/spider_nav', 'symlink_install': True, 'test_result_base': None}[0m
[0.714s] [34mcolcon.colcon_core.verb[0m [1;30mLevel 5[0m set package 'data_transfer' build argument 'cmake_args' from command line to 'None'
[0.714s] [34mcolcon.colcon_core.verb[0m [1;30mLevel 5[0m set package 'data_transfer' build argument 'cmake_target' from command line to 'None'
[0.714s] [34mcolcon.colcon_core.verb[0m [1;30mLevel 5[0m set package 'data_transfer' build argument 'cmake_target_skip_unavailable' from command line to 'False'
[0.714s] [34mcolcon.colcon_core.verb[0m [1;30mLevel 5[0m set package 'data_transfer' build argument 'cmake_clean_cache' from command line to 'False'
[0.714s] [34mcolcon.colcon_core.verb[0m [1;30mLevel 5[0m set package 'data_transfer' build argument 'cmake_clean_first' from command line to 'False'
[0.714s] [34mcolcon.colcon_core.verb[0m [1;30mLevel 5[0m set package 'data_transfer' build argument 'cmake_force_configure' from command line to 'False'
[0.714s] [34mcolcon.colcon_core.verb[0m [1;30mLevel 5[0m set package 'data_transfer' build argument 'ament_cmake_args' from command line to 'None'
[0.714s] [34mcolcon.colcon_core.verb[0m [1;30mLevel 5[0m set package 'data_transfer' build argument 'catkin_cmake_args' from command line to 'None'
[0.714s] [34mcolcon.colcon_core.verb[0m [1;30mLevel 5[0m set package 'data_transfer' build argument 'catkin_skip_building_tests' from command line to 'False'
[0.714s] [34mcolcon.colcon_core.verb[0m [1;30mDEBUG[0m [32mBuilding package 'data_transfer' with the following arguments: {'ament_cmake_args': None, 'build_base': '/home/alexcc/repos/SPIDER_25008/SPIDER_ws/build/data_transfer', 'catkin_cmake_args': None, 'catkin_skip_building_tests': False, 'cmake_args': None, 'cmake_clean_cache': False, 'cmake_clean_first': False, 'cmake_force_configure': False, 'cmake_target': None, 'cmake_target_skip_unavailable': False, 'install_base': '/home/alexcc/repos/SPIDER_25008/SPIDER_ws/install/data_transfer', 'merge_install': False, 'path': '/home/alexcc/repos/SPIDER_25008/SPIDER_ws/src/data_transfer', 'symlink_install': True, 'test_result_base': None}[0m
[0.715s] [34mcolcon.colcon_core.executor[0m [1;30mINFO[0m Executing jobs using 'parallel' executor
[0.717s] [34mcolcon.colcon_parallel_executor.executor.parallel[0m [1;30mDEBUG[0m [32mrun_until_complete[0m
[0.717s] [34mcolcon.colcon_ros.task.ament_cmake.build[0m [1;30mINFO[0m Building ROS package in '/home/alexcc/repos/SPIDER_25008/SPIDER_ws/src/spider_interfaces' with build type 'ament_cmake'
[0.718s] [34mcolcon.colcon_cmake.task.cmake.build[0m [1;30mINFO[0m Building CMake package in '/home/alexcc/repos/SPIDER_25008/SPIDER_ws/src/spider_interfaces'
[0.722s] [34mcolcon.colcon_core.plugin_system[0m [1;30mINFO[0m Skipping extension 'colcon_core.shell.bat': Not used on non-Windows systems
[0.723s] [34mcolcon.colcon_core.shell[0m [1;30mINFO[0m Skip shell extension 'powershell' for command environment: Not usable outside of PowerShell
[0.723s] [34mcolcon.colcon_core.shell[0m [1;30mDEBUG[0m [32mSkip shell extension 'dsv' for command environment[0m
[0.739s] [34mcolcon.colcon_core.event_handler.log_command[0m [1;30mDEBUG[0m [32mInvoking command in '/home/alexcc/repos/SPIDER_25008/SPIDER_ws/build/spider_interfaces': CMAKE_PREFIX_PATH=${CMAKE_PREFIX_PATH}:/home/alexcc/repos/SPIDER_25008/SPIDER_ws/install/data_transfer:/home/alexcc/repos/SPIDER_25008/SPIDER_ws/install/spider_nav:/home/alexcc/repos/SPIDER_25008/SPIDER_ws/install/locomotion:/home/alexcc/repos/SPIDER_25008/SPIDER_ws/install/oak_d_lite:/home/alexcc/repos/SPIDER_25008/SPIDER_ws/install/nav2_gps_waypoint_follower_demo:/opt/ros/humble /home/alexcc/.local/bin/cmake --build /home/alexcc/repos/SPIDER_25008/SPIDER_ws/build/spider_interfaces -- -j6 -l6[0m
[1.507s] [34mcolcon.colcon_core.event_handler.log_command[0m [1;30mDEBUG[0m [32mInvoked command in '/home/alexcc/repos/SPIDER_25008/SPIDER_ws/build/spider_interfaces' returned '0': CMAKE_PREFIX_PATH=${CMAKE_PREFIX_PATH}:/home/alexcc/repos/SPIDER_25008/SPIDER_ws/install/data_transfer:/home/alexcc/repos/SPIDER_25008/SPIDER_ws/install/spider_nav:/home/alexcc/repos/SPIDER_25008/SPIDER_ws/install/locomotion:/home/alexcc/repos/SPIDER_25008/SPIDER_ws/install/oak_d_lite:/home/alexcc/repos/SPIDER_25008/SPIDER_ws/install/nav2_gps_waypoint_follower_demo:/opt/ros/humble /home/alexcc/.local/bin/cmake --build /home/alexcc/repos/SPIDER_25008/SPIDER_ws/build/spider_interfaces -- -j6 -l6[0m
[1.684s] [34mcolcon.colcon_core.event_handler.log_command[0m [1;30mDEBUG[0m [32mInvoking command in '/home/alexcc/repos/SPIDER_25008/SPIDER_ws/build/spider_interfaces': CMAKE_PREFIX_PATH=${CMAKE_PREFIX_PATH}:/home/alexcc/repos/SPIDER_25008/SPIDER_ws/install/data_transfer:/home/alexcc/repos/SPIDER_25008/SPIDER_ws/install/spider_nav:/home/alexcc/repos/SPIDER_25008/SPIDER_ws/install/locomotion:/home/alexcc/repos/SPIDER_25008/SPIDER_ws/install/oak_d_lite:/home/alexcc/repos/SPIDER_25008/SPIDER_ws/install/nav2_gps_waypoint_follower_demo:/opt/ros/humble /home/alexcc/.local/bin/cmake --install /home/alexcc/repos/SPIDER_25008/SPIDER_ws/build/spider_interfaces[0m
[1.989s] [34mcolcon.colcon_core.environment[0m [1;30mLevel 1[0m create_environment_scripts_only(spider_interfaces)
[1.990s] [34mcolcon.colcon_core.event_handler.log_command[0m [1;30mDEBUG[0m [32mInvoked command in '/home/alexcc/repos/SPIDER_25008/SPIDER_ws/build/spider_interfaces' returned '0': CMAKE_PREFIX_PATH=${CMAKE_PREFIX_PATH}:/home/alexcc/repos/SPIDER_25008/SPIDER_ws/install/data_transfer:/home/alexcc/repos/SPIDER_25008/SPIDER_ws/install/spider_nav:/home/alexcc/repos/SPIDER_25008/SPIDER_ws/install/locomotion:/home/alexcc/repos/SPIDER_25008/SPIDER_ws/install/oak_d_lite:/home/alexcc/repos/SPIDER_25008/SPIDER_ws/install/nav2_gps_waypoint_follower_demo:/opt/ros/humble /home/alexcc/.local/bin/cmake --install /home/alexcc/repos/SPIDER_25008/SPIDER_ws/build/spider_interfaces[0m
[1.998s] [34mcolcon.colcon_core.environment[0m [1;30mLevel 1[0m checking '/home/alexcc/repos/SPIDER_25008/SPIDER_ws/install/spider_interfaces' for CMake module files
[2.001s] [34mcolcon.colcon_core.environment[0m [1;30mLevel 1[0m checking '/home/alexcc/repos/SPIDER_25008/SPIDER_ws/install/spider_interfaces' for CMake config files
[2.005s] [34mcolcon.colcon_core.shell[0m [1;30mLevel 1[0m create_environment_hook('spider_interfaces', 'cmake_prefix_path')
[2.006s] [34mcolcon.colcon_core.shell[0m [1;30mINFO[0m Creating environment hook '/home/alexcc/repos/SPIDER_25008/SPIDER_ws/install/spider_interfaces/share/spider_interfaces/hook/cmake_prefix_path.ps1'
[2.008s] [34mcolcon.colcon_core.shell[0m [1;30mINFO[0m Creating environment descriptor '/home/alexcc/repos/SPIDER_25008/SPIDER_ws/install/spider_interfaces/share/spider_interfaces/hook/cmake_prefix_path.dsv'
[2.009s] [34mcolcon.colcon_core.shell[0m [1;30mINFO[0m Creating environment hook '/home/alexcc/repos/SPIDER_25008/SPIDER_ws/install/spider_interfaces/share/spider_interfaces/hook/cmake_prefix_path.sh'
[2.012s] [34mcolcon.colcon_core.environment[0m [1;30mLevel 1[0m checking '/home/alexcc/repos/SPIDER_25008/SPIDER_ws/install/spider_interfaces/lib'
[2.012s] [34mcolcon.colcon_core.shell[0m [1;30mLevel 1[0m create_environment_hook('spider_interfaces', 'ld_library_path_lib')
[2.013s] [34mcolcon.colcon_core.shell[0m [1;30mINFO[0m Creating environment hook '/home/alexcc/repos/SPIDER_25008/SPIDER_ws/install/spider_interfaces/share/spider_interfaces/hook/ld_library_path_lib.ps1'
[2.015s] [34mcolcon.colcon_core.shell[0m [1;30mINFO[0m Creating environment descriptor '/home/alexcc/repos/SPIDER_25008/SPIDER_ws/install/spider_interfaces/share/spider_interfaces/hook/ld_library_path_lib.dsv'
[2.016s] [34mcolcon.colcon_core.shell[0m [1;30mINFO[0m Creating environment hook '/home/alexcc/repos/SPIDER_25008/SPIDER_ws/install/spider_interfaces/share/spider_interfaces/hook/ld_library_path_lib.sh'
[2.017s] [34mcolcon.colcon_core.environment[0m [1;30mLevel 1[0m checking '/home/alexcc/repos/SPIDER_25008/SPIDER_ws/install/spider_interfaces/bin'
[2.018s] [34mcolcon.colcon_core.environment[0m [1;30mLevel 1[0m checking '/home/alexcc/repos/SPIDER_25008/SPIDER_ws/install/spider_interfaces/lib/pkgconfig/spider_interfaces.pc'
[2.019s] [34mcolcon.colcon_core.environment[0m [1;30mLevel 1[0m checking '/home/alexcc/repos/SPIDER_25008/SPIDER_ws/install/spider_interfaces/lib/python3.10/site-packages'
[2.019s] [34mcolcon.colcon_core.environment[0m [1;30mLevel 1[0m checking '/home/alexcc/repos/SPIDER_25008/SPIDER_ws/install/spider_interfaces/bin'
[2.020s] [34mcolcon.colcon_core.shell[0m [1;30mINFO[0m Creating package script '/home/alexcc/repos/SPIDER_25008/SPIDER_ws/install/spider_interfaces/share/spider_interfaces/package.ps1'
[2.023s] [34mcolcon.colcon_core.shell[0m [1;30mINFO[0m Creating package descriptor '/home/alexcc/repos/SPIDER_25008/SPIDER_ws/install/spider_interfaces/share/spider_interfaces/package.dsv'
[2.024s] [34mcolcon.colcon_core.shell[0m [1;30mINFO[0m Creating package script '/home/alexcc/repos/SPIDER_25008/SPIDER_ws/install/spider_interfaces/share/spider_interfaces/package.sh'
[2.026s] [34mcolcon.colcon_core.shell[0m [1;30mINFO[0m Creating package script '/home/alexcc/repos/SPIDER_25008/SPIDER_ws/install/spider_interfaces/share/spider_interfaces/package.bash'
[2.027s] [34mcolcon.colcon_core.shell[0m [1;30mINFO[0m Creating package script '/home/alexcc/repos/SPIDER_25008/SPIDER_ws/install/spider_interfaces/share/spider_interfaces/package.zsh'
[2.030s] [34mcolcon.colcon_core.environment[0m [1;30mLevel 1[0m create_file_with_runtime_dependencies(/home/alexcc/repos/SPIDER_25008/SPIDER_ws/install/spider_interfaces/share/colcon-core/packages/spider_interfaces)
[2.033s] [34mcolcon.colcon_core.environment[0m [1;30mLevel 1[0m create_environment_scripts_only(spider_interfaces)
[2.033s] [34mcolcon.colcon_core.environment[0m [1;30mLevel 1[0m checking '/home/alexcc/repos/SPIDER_25008/SPIDER_ws/install/spider_interfaces' for CMake module files
[2.036s] [34mcolcon.colcon_core.environment[0m [1;30mLevel 1[0m checking '/home/alexcc/repos/SPIDER_25008/SPIDER_ws/install/spider_interfaces' for CMake config files
[2.040s] [34mcolcon.colcon_core.shell[0m [1;30mLevel 1[0m create_environment_hook('spider_interfaces', 'cmake_prefix_path')
[2.040s] [34mcolcon.colcon_core.shell[0m [1;30mINFO[0m Creating environment hook '/home/alexcc/repos/SPIDER_25008/SPIDER_ws/install/spider_interfaces/share/spider_interfaces/hook/cmake_prefix_path.ps1'
[2.041s] [34mcolcon.colcon_core.shell[0m [1;30mINFO[0m Creating environment descriptor '/home/alexcc/repos/SPIDER_25008/SPIDER_ws/install/spider_interfaces/share/spider_interfaces/hook/cmake_prefix_path.dsv'
[2.042s] [34mcolcon.colcon_core.shell[0m [1;30mINFO[0m Creating environment hook '/home/alexcc/repos/SPIDER_25008/SPIDER_ws/install/spider_interfaces/share/spider_interfaces/hook/cmake_prefix_path.sh'
[2.043s] [34mcolcon.colcon_core.environment[0m [1;30mLevel 1[0m checking '/home/alexcc/repos/SPIDER_25008/SPIDER_ws/install/spider_interfaces/lib'
[2.044s] [34mcolcon.colcon_core.shell[0m [1;30mLevel 1[0m create_environment_hook('spider_interfaces', 'ld_library_path_lib')
[2.044s] [34mcolcon.colcon_core.shell[0m [1;30mINFO[0m Creating environment hook '/home/alexcc/repos/SPIDER_25008/SPIDER_ws/install/spider_interfaces/share/spider_interfaces/hook/ld_library_path_lib.ps1'
[2.045s] [34mcolcon.colcon_core.shell[0m [1;30mINFO[0m Creating environment descriptor '/home/alexcc/repos/SPIDER_25008/SPIDER_ws/install/spider_interfaces/share/spider_interfaces/hook/ld_library_path_lib.dsv'
[2.046s] [34mcolcon.colcon_core.shell[0m [1;30mINFO[0m Creating environment hook '/home/alexcc/repos/SPIDER_25008/SPIDER_ws/install/spider_interfaces/share/spider_interfaces/hook/ld_library_path_lib.sh'
[2.047s] [34mcolcon.colcon_core.environment[0m [1;30mLevel 1[0m checking '/home/alexcc/repos/SPIDER_25008/SPIDER_ws/install/spider_interfaces/bin'
[2.047s] [34mcolcon.colcon_core.environment[0m [1;30mLevel 1[0m checking '/home/alexcc/repos/SPIDER_25008/SPIDER_ws/install/spider_interfaces/lib/pkgconfig/spider_interfaces.pc'
[2.048s] [34mcolcon.colcon_core.environment[0m [1;30mLevel 1[0m checking '/home/alexcc/repos/SPIDER_25008/SPIDER_ws/install/spider_interfaces/lib/python3.10/site-packages'
[2.049s] [34mcolcon.colcon_core.environment[0m [1;30mLevel 1[0m checking '/home/alexcc/repos/SPIDER_25008/SPIDER_ws/install/spider_interfaces/bin'
[2.050s] [34mcolcon.colcon_core.shell[0m [1;30mINFO[0m Creating package script '/home/alexcc/repos/SPIDER_25008/SPIDER_ws/install/spider_interfaces/share/spider_interfaces/package.ps1'
[2.051s] [34mcolcon.colcon_core.shell[0m [1;30mINFO[0m Creating package descriptor '/home/alexcc/repos/SPIDER_25008/SPIDER_ws/install/spider_interfaces/share/spider_interfaces/package.dsv'
[2.053s] [34mcolcon.colcon_core.shell[0m [1;30mINFO[0m Creating package script '/home/alexcc/repos/SPIDER_25008/SPIDER_ws/install/spider_interfaces/share/spider_interfaces/package.sh'
[2.054s] [34mcolcon.colcon_core.shell[0m [1;30mINFO[0m Creating package script '/home/alexcc/repos/SPIDER_25008/SPIDER_ws/install/spider_interfaces/share/spider_interfaces/package.bash'
[2.055s] [34mcolcon.colcon_core.shell[0m [1;30mINFO[0m Creating package script '/home/alexcc/repos/SPIDER_25008/SPIDER_ws/install/spider_interfaces/share/spider_interfaces/package.zsh'
[2.056s] [34mcolcon.colcon_core.environment[0m [1;30mLevel 1[0m create_file_with_runtime_dependencies(/home/alexcc/repos/SPIDER_25008/SPIDER_ws/install/spider_interfaces/share/colcon-core/packages/spider_interfaces)
[2.058s] [34mcolcon.colcon_ros.task.ament_python.build[0m [1;30mINFO[0m Building ROS package in '/home/alexcc/repos/SPIDER_25008/SPIDER_ws/src/locomotion' with build type 'ament_python'
[2.058s] [34mcolcon.colcon_core.shell[0m [1;30mLevel 1[0m create_environment_hook('locomotion', 'ament_prefix_path')
[2.059s] [34mcolcon.colcon_core.shell[0m [1;30mINFO[0m Creating environment hook '/home/alexcc/repos/SPIDER_25008/SPIDER_ws/install/locomotion/share/locomotion/hook/ament_prefix_path.ps1'
[2.060s] [34mcolcon.colcon_core.shell[0m [1;30mINFO[0m Creating environment descriptor '/home/alexcc/repos/SPIDER_25008/SPIDER_ws/install/locomotion/share/locomotion/hook/ament_prefix_path.dsv'
[2.061s] [34mcolcon.colcon_core.shell[0m [1;30mINFO[0m Creating environment hook '/home/alexcc/repos/SPIDER_25008/SPIDER_ws/install/locomotion/share/locomotion/hook/ament_prefix_path.sh'
[2.063s] [34mcolcon.colcon_core.shell[0m [1;30mINFO[0m Skip shell extension 'powershell' for command environment: Not usable outside of PowerShell
[2.063s] [34mcolcon.colcon_core.shell[0m [1;30mDEBUG[0m [32mSkip shell extension 'dsv' for command environment[0m
[2.609s] [34mcolcon.colcon_core.task.python.build[0m [1;30mINFO[0m Building Python package in '/home/alexcc/repos/SPIDER_25008/SPIDER_ws/src/locomotion'
[2.610s] [34mcolcon.colcon_core.shell[0m [1;30mINFO[0m Skip shell extension 'powershell' for command environment: Not usable outside of PowerShell
[2.610s] [34mcolcon.colcon_core.shell[0m [1;30mDEBUG[0m [32mSkip shell extension 'dsv' for command environment[0m
[3.345s] [34mcolcon.colcon_core.event_handler.log_command[0m [1;30mDEBUG[0m [32mInvoking command in '/home/alexcc/repos/SPIDER_25008/SPIDER_ws/build/locomotion': PYTHONPATH=/home/alexcc/repos/SPIDER_25008/SPIDER_ws/build/locomotion/prefix_override:/usr/lib/python3/dist-packages/colcon_core/task/python/colcon_distutils_commands:/home/alexcc/repos/SPIDER_25008/SPIDER_ws/install/locomotion/lib/python3.10/site-packages:${PYTHONPATH} /usr/bin/python3 -W ignore:setup.py install is deprecated -W ignore:easy_install command is deprecated setup.py develop --editable --build-directory /home/alexcc/repos/SPIDER_25008/SPIDER_ws/build/locomotion/build --no-deps symlink_data[0m
[4.220s] [34mcolcon.colcon_core.shell[0m [1;30mLevel 1[0m create_environment_hook('locomotion', 'pythonpath_develop')
[4.221s] [34mcolcon.colcon_core.shell[0m [1;30mINFO[0m Creating environment hook '/home/alexcc/repos/SPIDER_25008/SPIDER_ws/build/locomotion/share/locomotion/hook/pythonpath_develop.ps1'
[4.222s] [34mcolcon.colcon_core.event_handler.log_command[0m [1;30mDEBUG[0m [32mInvoked command in '/home/alexcc/repos/SPIDER_25008/SPIDER_ws/build/locomotion' returned '0': PYTHONPATH=/home/alexcc/repos/SPIDER_25008/SPIDER_ws/build/locomotion/prefix_override:/usr/lib/python3/dist-packages/colcon_core/task/python/colcon_distutils_commands:/home/alexcc/repos/SPIDER_25008/SPIDER_ws/install/locomotion/lib/python3.10/site-packages:${PYTHONPATH} /usr/bin/python3 -W ignore:setup.py install is deprecated -W ignore:easy_install command is deprecated setup.py develop --editable --build-directory /home/alexcc/repos/SPIDER_25008/SPIDER_ws/build/locomotion/build --no-deps symlink_data[0m
[4.224s] [34mcolcon.colcon_core.shell[0m [1;30mINFO[0m Creating environment descriptor '/home/alexcc/repos/SPIDER_25008/SPIDER_ws/build/locomotion/share/locomotion/hook/pythonpath_develop.dsv'
[4.225s] [34mcolcon.colcon_core.shell[0m [1;30mINFO[0m Creating environment hook '/home/alexcc/repos/SPIDER_25008/SPIDER_ws/build/locomotion/share/locomotion/hook/pythonpath_develop.sh'
[4.228s] [34mcolcon.colcon_core.environment[0m [1;30mLevel 1[0m checking '/home/alexcc/repos/SPIDER_25008/SPIDER_ws/install/locomotion' for CMake module files
[4.230s] [34mcolcon.colcon_core.environment[0m [1;30mLevel 1[0m checking '/home/alexcc/repos/SPIDER_25008/SPIDER_ws/install/locomotion' for CMake config files
[4.232s] [34mcolcon.colcon_core.environment[0m [1;30mLevel 1[0m checking '/home/alexcc/repos/SPIDER_25008/SPIDER_ws/install/locomotion/lib'
[4.232s] [34mcolcon.colcon_core.environment[0m [1;30mLevel 1[0m checking '/home/alexcc/repos/SPIDER_25008/SPIDER_ws/install/locomotion/bin'
[4.233s] [34mcolcon.colcon_core.environment[0m [1;30mLevel 1[0m checking '/home/alexcc/repos/SPIDER_25008/SPIDER_ws/install/locomotion/lib/pkgconfig/locomotion.pc'
[4.234s] [34mcolcon.colcon_core.environment[0m [1;30mLevel 1[0m checking '/home/alexcc/repos/SPIDER_25008/SPIDER_ws/install/locomotion/lib/python3.10/site-packages'
[4.234s] [34mcolcon.colcon_core.shell[0m [1;30mLevel 1[0m create_environment_hook('locomotion', 'pythonpath')
[4.235s] [34mcolcon.colcon_core.shell[0m [1;30mINFO[0m Creating environment hook '/home/alexcc/repos/SPIDER_25008/SPIDER_ws/install/locomotion/share/locomotion/hook/pythonpath.ps1'
[4.237s] [34mcolcon.colcon_core.shell[0m [1;30mINFO[0m Creating environment descriptor '/home/alexcc/repos/SPIDER_25008/SPIDER_ws/install/locomotion/share/locomotion/hook/pythonpath.dsv'
[4.238s] [34mcolcon.colcon_core.shell[0m [1;30mINFO[0m Creating environment hook '/home/alexcc/repos/SPIDER_25008/SPIDER_ws/install/locomotion/share/locomotion/hook/pythonpath.sh'
[4.240s] [34mcolcon.colcon_core.environment[0m [1;30mLevel 1[0m checking '/home/alexcc/repos/SPIDER_25008/SPIDER_ws/install/locomotion/bin'
[4.240s] [34mcolcon.colcon_core.environment[0m [1;30mLevel 1[0m create_environment_scripts_only(locomotion)
[4.242s] [34mcolcon.colcon_core.shell[0m [1;30mINFO[0m Creating package script '/home/alexcc/repos/SPIDER_25008/SPIDER_ws/install/locomotion/share/locomotion/package.ps1'
[4.244s] [34mcolcon.colcon_core.shell[0m [1;30mINFO[0m Creating package descriptor '/home/alexcc/repos/SPIDER_25008/SPIDER_ws/install/locomotion/share/locomotion/package.dsv'
[4.246s] [34mcolcon.colcon_core.shell[0m [1;30mINFO[0m Creating package script '/home/alexcc/repos/SPIDER_25008/SPIDER_ws/install/locomotion/share/locomotion/package.sh'
[4.248s] [34mcolcon.colcon_core.shell[0m [1;30mINFO[0m Creating package script '/home/alexcc/repos/SPIDER_25008/SPIDER_ws/install/locomotion/share/locomotion/package.bash'
[4.249s] [34mcolcon.colcon_core.shell[0m [1;30mINFO[0m Creating package script '/home/alexcc/repos/SPIDER_25008/SPIDER_ws/install/locomotion/share/locomotion/package.zsh'
[4.250s] [34mcolcon.colcon_core.environment[0m [1;30mLevel 1[0m create_file_with_runtime_dependencies(/home/alexcc/repos/SPIDER_25008/SPIDER_ws/install/locomotion/share/colcon-core/packages/locomotion)
[4.252s] [34mcolcon.colcon_ros.task.ament_python.build[0m [1;30mINFO[0m Building ROS package in '/home/alexcc/repos/SPIDER_25008/SPIDER_ws/src/spider_nav' with build type 'ament_python'
[4.253s] [34mcolcon.colcon_core.shell[0m [1;30mLevel 1[0m create_environment_hook('spider_nav', 'ament_prefix_path')
[4.254s] [34mcolcon.colcon_core.shell[0m [1;30mINFO[0m Creating environment hook '/home/alexcc/repos/SPIDER_25008/SPIDER_ws/install/spider_nav/share/spider_nav/hook/ament_prefix_path.ps1'
[4.256s] [34mcolcon.colcon_core.shell[0m [1;30mINFO[0m Creating environment descriptor '/home/alexcc/repos/SPIDER_25008/SPIDER_ws/install/spider_nav/share/spider_nav/hook/ament_prefix_path.dsv'
[4.258s] [34mcolcon.colcon_core.shell[0m [1;30mINFO[0m Creating environment hook '/home/alexcc/repos/SPIDER_25008/SPIDER_ws/install/spider_nav/share/spider_nav/hook/ament_prefix_path.sh'
[4.260s] [34mcolcon.colcon_core.shell[0m [1;30mINFO[0m Skip shell extension 'powershell' for command environment: Not usable outside of PowerShell
[4.261s] [34mcolcon.colcon_core.shell[0m [1;30mDEBUG[0m [32mSkip shell extension 'dsv' for command environment[0m
[4.807s] [34mcolcon.colcon_core.task.python.build[0m [1;30mINFO[0m Building Python package in '/home/alexcc/repos/SPIDER_25008/SPIDER_ws/src/spider_nav'
[4.808s] [34mcolcon.colcon_core.shell[0m [1;30mINFO[0m Skip shell extension 'powershell' for command environment: Not usable outside of PowerShell
[4.808s] [34mcolcon.colcon_core.shell[0m [1;30mDEBUG[0m [32mSkip shell extension 'dsv' for command environment[0m
[5.568s] [34mcolcon.colcon_core.event_handler.log_command[0m [1;30mDEBUG[0m [32mInvoking command in '/home/alexcc/repos/SPIDER_25008/SPIDER_ws/build/spider_nav': AMENT_PREFIX_PATH=/home/alexcc/repos/SPIDER_25008/SPIDER_ws/install/locomotion:/home/alexcc/repos/SPIDER_25008/SPIDER_ws/install/data_transfer:/home/alexcc/repos/SPIDER_25008/SPIDER_ws/install/spider_nav:/home/alexcc/repos/SPIDER_25008/SPIDER_ws/install/spider_interfaces:/home/alexcc/repos/SPIDER_25008/SPIDER_ws/install/spider_description:/home/alexcc/repos/SPIDER_25008/SPIDER_ws/install/oak_d_lite:/home/alexcc/repos/SPIDER_25008/SPIDER_ws/install/nav2_gps_waypoint_follower_demo:/opt/ros/humble PYTHONPATH=/home/alexcc/repos/SPIDER_25008/SPIDER_ws/build/spider_nav/prefix_override:/usr/lib/python3/dist-packages/colcon_core/task/python/colcon_distutils_commands:/home/alexcc/repos/SPIDER_25008/SPIDER_ws/install/spider_nav/lib/python3.10/site-packages:/home/alexcc/repos/SPIDER_25008/SPIDER_ws/build/locomotion:/home/alexcc/repos/SPIDER_25008/SPIDER_ws/install/locomotion/lib/python3.10/site-packages:${PYTHONPATH} /usr/bin/python3 -W ignore:setup.py install is deprecated -W ignore:easy_install command is deprecated setup.py develop --editable --build-directory /home/alexcc/repos/SPIDER_25008/SPIDER_ws/build/spider_nav/build --no-deps symlink_data[0m
[6.472s] [34mcolcon.colcon_core.event_handler.log_command[0m [1;30mDEBUG[0m [32mInvoked command in '/home/alexcc/repos/SPIDER_25008/SPIDER_ws/build/spider_nav' returned '1': AMENT_PREFIX_PATH=/home/alexcc/repos/SPIDER_25008/SPIDER_ws/install/locomotion:/home/alexcc/repos/SPIDER_25008/SPIDER_ws/install/data_transfer:/home/alexcc/repos/SPIDER_25008/SPIDER_ws/install/spider_nav:/home/alexcc/repos/SPIDER_25008/SPIDER_ws/install/spider_interfaces:/home/alexcc/repos/SPIDER_25008/SPIDER_ws/install/spider_description:/home/alexcc/repos/SPIDER_25008/SPIDER_ws/install/oak_d_lite:/home/alexcc/repos/SPIDER_25008/SPIDER_ws/install/nav2_gps_waypoint_follower_demo:/opt/ros/humble PYTHONPATH=/home/alexcc/repos/SPIDER_25008/SPIDER_ws/build/spider_nav/prefix_override:/usr/lib/python3/dist-packages/colcon_core/task/python/colcon_distutils_commands:/home/alexcc/repos/SPIDER_25008/SPIDER_ws/install/spider_nav/lib/python3.10/site-packages:/home/alexcc/repos/SPIDER_25008/SPIDER_ws/build/locomotion:/home/alexcc/repos/SPIDER_25008/SPIDER_ws/install/locomotion/lib/python3.10/site-packages:${PYTHONPATH} /usr/bin/python3 -W ignore:setup.py install is deprecated -W ignore:easy_install command is deprecated setup.py develop --editable --build-directory /home/alexcc/repos/SPIDER_25008/SPIDER_ws/build/spider_nav/build --no-deps symlink_data[0m
[6.481s] [34mcolcon.colcon_parallel_executor.executor.parallel[0m [1;30mDEBUG[0m [32mclosing loop[0m
[6.482s] [34mcolcon.colcon_parallel_executor.executor.parallel[0m [1;30mDEBUG[0m [32mloop closed[0m
[6.483s] [34mcolcon.colcon_parallel_executor.executor.parallel[0m [1;30mDEBUG[0m [32mrun_until_complete finished with '1'[0m
[6.483s] [34mcolcon.colcon_core.event_reactor[0m [1;30mDEBUG[0m [32mjoining thread[0m
[6.500s] [34mcolcon.colcon_core.plugin_system[0m [1;30mINFO[0m Skipping extension 'colcon_notification.desktop_notification.terminal_notifier': Not used on non-Darwin systems
[6.501s] [34mcolcon.colcon_core.plugin_system[0m [1;30mINFO[0m Skipping extension 'colcon_notification.desktop_notification.win32': Not used on non-Windows systems
[6.501s] [34mcolcon.colcon_notification.desktop_notification[0m [1;30mINFO[0m Sending desktop notification using 'notify2'
[6.551s] [34mcolcon.colcon_core.event_reactor[0m [1;30mDEBUG[0m [32mjoined thread[0m
[6.552s] [34mcolcon.colcon_core.shell[0m [1;30mINFO[0m Creating prefix script '/home/alexcc/repos/SPIDER_25008/SPIDER_ws/install/local_setup.ps1'
[6.557s] [34mcolcon.colcon_core.shell[0m [1;30mINFO[0m Creating prefix util module '/home/alexcc/repos/SPIDER_25008/SPIDER_ws/install/_local_setup_util_ps1.py'
[6.563s] [34mcolcon.colcon_core.shell[0m [1;30mINFO[0m Creating prefix chain script '/home/alexcc/repos/SPIDER_25008/SPIDER_ws/install/setup.ps1'
[6.567s] [34mcolcon.colcon_core.shell[0m [1;30mINFO[0m Creating prefix script '/home/alexcc/repos/SPIDER_25008/SPIDER_ws/install/local_setup.sh'
[6.570s] [34mcolcon.colcon_core.shell[0m [1;30mINFO[0m Creating prefix util module '/home/alexcc/repos/SPIDER_25008/SPIDER_ws/install/_local_setup_util_sh.py'
[6.572s] [34mcolcon.colcon_core.shell[0m [1;30mINFO[0m Creating prefix chain script '/home/alexcc/repos/SPIDER_25008/SPIDER_ws/install/setup.sh'
[6.577s] [34mcolcon.colcon_core.shell[0m [1;30mINFO[0m Creating prefix script '/home/alexcc/repos/SPIDER_25008/SPIDER_ws/install/local_setup.bash'
[6.579s] [34mcolcon.colcon_core.shell[0m [1;30mINFO[0m Creating prefix chain script '/home/alexcc/repos/SPIDER_25008/SPIDER_ws/install/setup.bash'
[6.584s] [34mcolcon.colcon_core.shell[0m [1;30mINFO[0m Creating prefix script '/home/alexcc/repos/SPIDER_25008/SPIDER_ws/install/local_setup.zsh'
[6.586s] [34mcolcon.colcon_core.shell[0m [1;30mINFO[0m Creating prefix chain script '/home/alexcc/repos/SPIDER_25008/SPIDER_ws/install/setup.zsh'
