[1.255s] Invoking command in '/home/alexcc/repos/SPIDER_25008/SPIDER_ws/build/locomotion': PYTHONPATH=/home/alexcc/repos/SPIDER_25008/SPIDER_ws/build/locomotion/prefix_override:/usr/lib/python3/dist-packages/colcon_core/task/python/colcon_distutils_commands:/home/alexcc/repos/SPIDER_25008/SPIDER_ws/install/locomotion/lib/python3.10/site-packages:${PYTHONPATH} /usr/bin/python3 -W ignore:setup.py install is deprecated -W ignore:easy_install command is deprecated setup.py develop --editable --build-directory /home/alexcc/repos/SPIDER_25008/SPIDER_ws/build/locomotion/build --no-deps symlink_data
[1.758s] running develop
[2.042s] running egg_info
[2.043s] creating locomotion.egg-info
[2.043s] writing locomotion.egg-info/PKG-INFO
[2.043s] writing dependency_links to locomotion.egg-info/dependency_links.txt
[2.043s] writing entry points to locomotion.egg-info/entry_points.txt
[2.044s] writing requirements to locomotion.egg-info/requires.txt
[2.044s] writing top-level names to locomotion.egg-info/top_level.txt
[2.045s] writing manifest file 'locomotion.egg-info/SOURCES.txt'
[2.048s] reading manifest file 'locomotion.egg-info/SOURCES.txt'
[2.049s] writing manifest file 'locomotion.egg-info/SOURCES.txt'
[2.052s] running build_ext
[2.053s] Creating /home/alexcc/repos/SPIDER_25008/SPIDER_ws/install/locomotion/lib/python3.10/site-packages/locomotion.egg-link (link to .)
[2.055s] Installing client script to /home/alexcc/repos/SPIDER_25008/SPIDER_ws/install/locomotion/lib/locomotion
[2.056s] Installing imu_pub script to /home/alexcc/repos/SPIDER_25008/SPIDER_ws/install/locomotion/lib/locomotion
[2.056s] Installing service script to /home/alexcc/repos/SPIDER_25008/SPIDER_ws/install/locomotion/lib/locomotion
[2.056s] 
[2.056s] Installed /home/alexcc/repos/SPIDER_25008/SPIDER_ws/build/locomotion
[2.056s] running symlink_data
[2.057s] symbolically linking /home/alexcc/repos/SPIDER_25008/SPIDER_ws/build/locomotion/package.xml -> /home/alexcc/repos/SPIDER_25008/SPIDER_ws/install/locomotion/share/locomotion
[2.057s] error: [Errno 17] File exists: '/home/alexcc/repos/SPIDER_25008/SPIDER_ws/build/locomotion/package.xml' -> '/home/alexcc/repos/SPIDER_25008/SPIDER_ws/install/locomotion/share/locomotion/package.xml'
[2.135s] Invoked command in '/home/alexcc/repos/SPIDER_25008/SPIDER_ws/build/locomotion' returned '1': PYTHONPATH=/home/alexcc/repos/SPIDER_25008/SPIDER_ws/build/locomotion/prefix_override:/usr/lib/python3/dist-packages/colcon_core/task/python/colcon_distutils_commands:/home/alexcc/repos/SPIDER_25008/SPIDER_ws/install/locomotion/lib/python3.10/site-packages:${PYTHONPATH} /usr/bin/python3 -W ignore:setup.py install is deprecated -W ignore:easy_install command is deprecated setup.py develop --editable --build-directory /home/alexcc/repos/SPIDER_25008/SPIDER_ws/build/locomotion/build --no-deps symlink_data
