[1.286s] Invoking command in '/home/alexcc/repos/SPIDER_25008/SPIDER_ws/build/locomotion': PYTHONPATH=/home/alexcc/repos/SPIDER_25008/SPIDER_ws/build/locomotion/prefix_override:/usr/lib/python3/dist-packages/colcon_core/task/python/colcon_distutils_commands:/home/alexcc/repos/SPIDER_25008/SPIDER_ws/install/locomotion/lib/python3.10/site-packages:${PYTHONPATH} /usr/bin/python3 -W ignore:setup.py install is deprecated -W ignore:easy_install command is deprecated setup.py develop --editable --build-directory /home/alexcc/repos/SPIDER_25008/SPIDER_ws/build/locomotion/build --no-deps symlink_data
[1.831s] running develop
[2.110s] running egg_info
[2.110s] writing locomotion.egg-info/PKG-INFO
[2.110s] writing dependency_links to locomotion.egg-info/dependency_links.txt
[2.111s] writing entry points to locomotion.egg-info/entry_points.txt
[2.111s] writing requirements to locomotion.egg-info/requires.txt
[2.111s] writing top-level names to locomotion.egg-info/top_level.txt
[2.115s] reading manifest file 'locomotion.egg-info/SOURCES.txt'
[2.117s] writing manifest file 'locomotion.egg-info/SOURCES.txt'
[2.120s] running build_ext
[2.120s] Creating /home/alexcc/repos/SPIDER_25008/SPIDER_ws/install/locomotion/lib/python3.10/site-packages/locomotion.egg-link (link to .)
[2.122s] Installing client script to /home/alexcc/repos/SPIDER_25008/SPIDER_ws/install/locomotion/lib/locomotion
[2.123s] Installing imu_pub script to /home/alexcc/repos/SPIDER_25008/SPIDER_ws/install/locomotion/lib/locomotion
[2.123s] Installing service script to /home/alexcc/repos/SPIDER_25008/SPIDER_ws/install/locomotion/lib/locomotion
[2.123s] 
[2.123s] Installed /home/alexcc/repos/SPIDER_25008/SPIDER_ws/build/locomotion
[2.124s] running symlink_data
[2.124s] symbolically linking /home/alexcc/repos/SPIDER_25008/SPIDER_ws/build/locomotion/resource/locomotion -> /home/alexcc/repos/SPIDER_25008/SPIDER_ws/install/locomotion/share/ament_index/resource_index/packages
[2.124s] symbolically linking /home/alexcc/repos/SPIDER_25008/SPIDER_ws/build/locomotion/package.xml -> /home/alexcc/repos/SPIDER_25008/SPIDER_ws/install/locomotion/share/locomotion
[2.125s] error: [Errno 17] File exists: '/home/alexcc/repos/SPIDER_25008/SPIDER_ws/build/locomotion/package.xml' -> '/home/alexcc/repos/SPIDER_25008/SPIDER_ws/install/locomotion/share/locomotion/package.xml'
[2.203s] Invoked command in '/home/alexcc/repos/SPIDER_25008/SPIDER_ws/build/locomotion' returned '1': PYTHONPATH=/home/alexcc/repos/SPIDER_25008/SPIDER_ws/build/locomotion/prefix_override:/usr/lib/python3/dist-packages/colcon_core/task/python/colcon_distutils_commands:/home/alexcc/repos/SPIDER_25008/SPIDER_ws/install/locomotion/lib/python3.10/site-packages:${PYTHONPATH} /usr/bin/python3 -W ignore:setup.py install is deprecated -W ignore:easy_install command is deprecated setup.py develop --editable --build-directory /home/alexcc/repos/SPIDER_25008/SPIDER_ws/build/locomotion/build --no-deps symlink_data
