running egg_info
creating ../../../build/locomotion/locomotion.egg-info
writing ../../../build/locomotion/locomotion.egg-info/PKG-INFO
writing dependency_links to ../../../build/locomotion/locomotion.egg-info/dependency_links.txt
writing entry points to ../../../build/locomotion/locomotion.egg-info/entry_points.txt
writing requirements to ../../../build/locomotion/locomotion.egg-info/requires.txt
writing top-level names to ../../../build/locomotion/locomotion.egg-info/top_level.txt
writing manifest file '../../../build/locomotion/locomotion.egg-info/SOURCES.txt'
reading manifest file '../../../build/locomotion/locomotion.egg-info/SOURCES.txt'
writing manifest file '../../../build/locomotion/locomotion.egg-info/SOURCES.txt'
running build
running build_py
creating /home/alexcc/repos/SPIDER_25008/build/locomotion/build
creating /home/alexcc/repos/SPIDER_25008/build/locomotion/build/lib
creating /home/alexcc/repos/SPIDER_25008/build/locomotion/build/lib/locomotion
copying locomotion/gps_parser.py -> /home/alexcc/repos/SPIDER_25008/build/locomotion/build/lib/locomotion
copying locomotion/locomotion_service.py -> /home/alexcc/repos/SPIDER_25008/build/locomotion/build/lib/locomotion
copying locomotion/locomotionController.py -> /home/alexcc/repos/SPIDER_25008/build/locomotion/build/lib/locomotion
copying locomotion/testCode.py -> /home/alexcc/repos/SPIDER_25008/build/locomotion/build/lib/locomotion
copying locomotion/MockServoDriver.py -> /home/alexcc/repos/SPIDER_25008/build/locomotion/build/lib/locomotion
copying locomotion/__init__.py -> /home/alexcc/repos/SPIDER_25008/build/locomotion/build/lib/locomotion
copying locomotion/imu_pub.py -> /home/alexcc/repos/SPIDER_25008/build/locomotion/build/lib/locomotion
copying locomotion/sensorTest.py -> /home/alexcc/repos/SPIDER_25008/build/locomotion/build/lib/locomotion
copying locomotion/servoLeveler.py -> /home/alexcc/repos/SPIDER_25008/build/locomotion/build/lib/locomotion
copying locomotion/MockDoFSensor.py -> /home/alexcc/repos/SPIDER_25008/build/locomotion/build/lib/locomotion
copying locomotion/nav_client.py -> /home/alexcc/repos/SPIDER_25008/build/locomotion/build/lib/locomotion
running install
running install_lib
creating /home/alexcc/repos/SPIDER_25008/install/locomotion/lib/python3.10/site-packages/locomotion
copying /home/alexcc/repos/SPIDER_25008/build/locomotion/build/lib/locomotion/gps_parser.py -> /home/alexcc/repos/SPIDER_25008/install/locomotion/lib/python3.10/site-packages/locomotion
copying /home/alexcc/repos/SPIDER_25008/build/locomotion/build/lib/locomotion/locomotion_service.py -> /home/alexcc/repos/SPIDER_25008/install/locomotion/lib/python3.10/site-packages/locomotion
copying /home/alexcc/repos/SPIDER_25008/build/locomotion/build/lib/locomotion/locomotionController.py -> /home/alexcc/repos/SPIDER_25008/install/locomotion/lib/python3.10/site-packages/locomotion
copying /home/alexcc/repos/SPIDER_25008/build/locomotion/build/lib/locomotion/testCode.py -> /home/alexcc/repos/SPIDER_25008/install/locomotion/lib/python3.10/site-packages/locomotion
copying /home/alexcc/repos/SPIDER_25008/build/locomotion/build/lib/locomotion/MockServoDriver.py -> /home/alexcc/repos/SPIDER_25008/install/locomotion/lib/python3.10/site-packages/locomotion
copying /home/alexcc/repos/SPIDER_25008/build/locomotion/build/lib/locomotion/__init__.py -> /home/alexcc/repos/SPIDER_25008/install/locomotion/lib/python3.10/site-packages/locomotion
copying /home/alexcc/repos/SPIDER_25008/build/locomotion/build/lib/locomotion/imu_pub.py -> /home/alexcc/repos/SPIDER_25008/install/locomotion/lib/python3.10/site-packages/locomotion
copying /home/alexcc/repos/SPIDER_25008/build/locomotion/build/lib/locomotion/sensorTest.py -> /home/alexcc/repos/SPIDER_25008/install/locomotion/lib/python3.10/site-packages/locomotion
copying /home/alexcc/repos/SPIDER_25008/build/locomotion/build/lib/locomotion/servoLeveler.py -> /home/alexcc/repos/SPIDER_25008/install/locomotion/lib/python3.10/site-packages/locomotion
copying /home/alexcc/repos/SPIDER_25008/build/locomotion/build/lib/locomotion/MockDoFSensor.py -> /home/alexcc/repos/SPIDER_25008/install/locomotion/lib/python3.10/site-packages/locomotion
copying /home/alexcc/repos/SPIDER_25008/build/locomotion/build/lib/locomotion/nav_client.py -> /home/alexcc/repos/SPIDER_25008/install/locomotion/lib/python3.10/site-packages/locomotion
byte-compiling /home/alexcc/repos/SPIDER_25008/install/locomotion/lib/python3.10/site-packages/locomotion/gps_parser.py to gps_parser.cpython-310.pyc
byte-compiling /home/alexcc/repos/SPIDER_25008/install/locomotion/lib/python3.10/site-packages/locomotion/locomotion_service.py to locomotion_service.cpython-310.pyc
byte-compiling /home/alexcc/repos/SPIDER_25008/install/locomotion/lib/python3.10/site-packages/locomotion/locomotionController.py to locomotionController.cpython-310.pyc
byte-compiling /home/alexcc/repos/SPIDER_25008/install/locomotion/lib/python3.10/site-packages/locomotion/testCode.py to testCode.cpython-310.pyc
byte-compiling /home/alexcc/repos/SPIDER_25008/install/locomotion/lib/python3.10/site-packages/locomotion/MockServoDriver.py to MockServoDriver.cpython-310.pyc
byte-compiling /home/alexcc/repos/SPIDER_25008/install/locomotion/lib/python3.10/site-packages/locomotion/__init__.py to __init__.cpython-310.pyc
byte-compiling /home/alexcc/repos/SPIDER_25008/install/locomotion/lib/python3.10/site-packages/locomotion/imu_pub.py to imu_pub.cpython-310.pyc
byte-compiling /home/alexcc/repos/SPIDER_25008/install/locomotion/lib/python3.10/site-packages/locomotion/sensorTest.py to sensorTest.cpython-310.pyc
byte-compiling /home/alexcc/repos/SPIDER_25008/install/locomotion/lib/python3.10/site-packages/locomotion/servoLeveler.py to servoLeveler.cpython-310.pyc
byte-compiling /home/alexcc/repos/SPIDER_25008/install/locomotion/lib/python3.10/site-packages/locomotion/MockDoFSensor.py to MockDoFSensor.cpython-310.pyc
byte-compiling /home/alexcc/repos/SPIDER_25008/install/locomotion/lib/python3.10/site-packages/locomotion/nav_client.py to nav_client.cpython-310.pyc
running install_data
creating /home/alexcc/repos/SPIDER_25008/install/locomotion/share/ament_index
creating /home/alexcc/repos/SPIDER_25008/install/locomotion/share/ament_index/resource_index
creating /home/alexcc/repos/SPIDER_25008/install/locomotion/share/ament_index/resource_index/packages
copying resource/locomotion -> /home/alexcc/repos/SPIDER_25008/install/locomotion/share/ament_index/resource_index/packages
copying package.xml -> /home/alexcc/repos/SPIDER_25008/install/locomotion/share/locomotion
running install_egg_info
Copying ../../../build/locomotion/locomotion.egg-info to /home/alexcc/repos/SPIDER_25008/install/locomotion/lib/python3.10/site-packages/locomotion-0.0.0-py3.10.egg-info
running install_scripts
Installing client script to /home/alexcc/repos/SPIDER_25008/install/locomotion/lib/locomotion
Installing imu_pub script to /home/alexcc/repos/SPIDER_25008/install/locomotion/lib/locomotion
Installing service script to /home/alexcc/repos/SPIDER_25008/install/locomotion/lib/locomotion
writing list of installed files to '/home/alexcc/repos/SPIDER_25008/build/locomotion/install.log'
