[1.357s] Invoking command in '/home/alexcc/repos/SPIDER_25008/SPIDER_ws/src/spider_nav': AMENT_PREFIX_PATH=/home/alexcc/repos/SPIDER_25008/install/locomotion:/home/alexcc/repos/SPIDER_25008/install/spider_interfaces:${AMENT_PREFIX_PATH} CMAKE_PREFIX_PATH=/home/alexcc/repos/SPIDER_25008/install/spider_interfaces LD_LIBRARY_PATH=/home/alexcc/repos/SPIDER_25008/install/spider_interfaces/lib:${LD_LIBRARY_PATH} PYTHONPATH=/home/alexcc/repos/SPIDER_25008/build/spider_nav/prefix_override:/usr/lib/python3/dist-packages/colcon_core/task/python/colcon_distutils_commands:/home/alexcc/repos/SPIDER_25008/install/spider_nav/lib/python3.10/site-packages:/home/alexcc/repos/SPIDER_25008/install/locomotion/lib/python3.10/site-packages:/home/alexcc/repos/SPIDER_25008/install/spider_interfaces/local/lib/python3.10/dist-packages:${PYTHONPATH} /usr/bin/python3 -W ignore:setup.py install is deprecated -W ignore:easy_install command is deprecated setup.py egg_info --egg-base ../../../build/spider_nav build --build-base /home/alexcc/repos/SPIDER_25008/build/spider_nav/build install --record /home/alexcc/repos/SPIDER_25008/build/spider_nav/install.log --single-version-externally-managed install_data
[1.867s] running egg_info
[1.867s] creating ../../../build/spider_nav/spider_nav.egg-info
[1.868s] writing ../../../build/spider_nav/spider_nav.egg-info/PKG-INFO
[1.868s] writing dependency_links to ../../../build/spider_nav/spider_nav.egg-info/dependency_links.txt
[1.869s] writing entry points to ../../../build/spider_nav/spider_nav.egg-info/entry_points.txt
[1.869s] writing requirements to ../../../build/spider_nav/spider_nav.egg-info/requires.txt
[1.869s] writing top-level names to ../../../build/spider_nav/spider_nav.egg-info/top_level.txt
[1.870s] writing manifest file '../../../build/spider_nav/spider_nav.egg-info/SOURCES.txt'
[1.873s] reading manifest file '../../../build/spider_nav/spider_nav.egg-info/SOURCES.txt'
[1.875s] writing manifest file '../../../build/spider_nav/spider_nav.egg-info/SOURCES.txt'
[1.875s] running build
[1.875s] running build_py
[1.876s] creating /home/alexcc/repos/SPIDER_25008/build/spider_nav/build
[1.876s] creating /home/alexcc/repos/SPIDER_25008/build/spider_nav/build/lib
[1.876s] creating /home/alexcc/repos/SPIDER_25008/build/spider_nav/build/lib/spider_nav
[1.876s] copying spider_nav/__init__.py -> /home/alexcc/repos/SPIDER_25008/build/spider_nav/build/lib/spider_nav
[1.877s] copying spider_nav/spider_nav_main.py -> /home/alexcc/repos/SPIDER_25008/build/spider_nav/build/lib/spider_nav
[1.877s] copying spider_nav/spider_gps_pub.py -> /home/alexcc/repos/SPIDER_25008/build/spider_nav/build/lib/spider_nav
[1.878s] creating /home/alexcc/repos/SPIDER_25008/build/spider_nav/build/lib/spider_nav/utils
[1.878s] copying spider_nav/utils/MockGps.py -> /home/alexcc/repos/SPIDER_25008/build/spider_nav/build/lib/spider_nav/utils
[1.878s] copying spider_nav/utils/__init__.py -> /home/alexcc/repos/SPIDER_25008/build/spider_nav/build/lib/spider_nav/utils
[1.879s] copying spider_nav/utils/adafruit_gps_ros.py -> /home/alexcc/repos/SPIDER_25008/build/spider_nav/build/lib/spider_nav/utils
[1.879s] copying spider_nav/utils/gps_utils.py -> /home/alexcc/repos/SPIDER_25008/build/spider_nav/build/lib/spider_nav/utils
[1.880s] running install
[1.880s] running install_lib
[1.882s] creating /home/alexcc/repos/SPIDER_25008/install/spider_nav/lib/python3.10/site-packages/spider_nav
[1.882s] creating /home/alexcc/repos/SPIDER_25008/install/spider_nav/lib/python3.10/site-packages/spider_nav/utils
[1.883s] copying /home/alexcc/repos/SPIDER_25008/build/spider_nav/build/lib/spider_nav/utils/MockGps.py -> /home/alexcc/repos/SPIDER_25008/install/spider_nav/lib/python3.10/site-packages/spider_nav/utils
[1.883s] copying /home/alexcc/repos/SPIDER_25008/build/spider_nav/build/lib/spider_nav/utils/__init__.py -> /home/alexcc/repos/SPIDER_25008/install/spider_nav/lib/python3.10/site-packages/spider_nav/utils
[1.883s] copying /home/alexcc/repos/SPIDER_25008/build/spider_nav/build/lib/spider_nav/utils/adafruit_gps_ros.py -> /home/alexcc/repos/SPIDER_25008/install/spider_nav/lib/python3.10/site-packages/spider_nav/utils
[1.883s] copying /home/alexcc/repos/SPIDER_25008/build/spider_nav/build/lib/spider_nav/utils/gps_utils.py -> /home/alexcc/repos/SPIDER_25008/install/spider_nav/lib/python3.10/site-packages/spider_nav/utils
[1.884s] copying /home/alexcc/repos/SPIDER_25008/build/spider_nav/build/lib/spider_nav/__init__.py -> /home/alexcc/repos/SPIDER_25008/install/spider_nav/lib/python3.10/site-packages/spider_nav
[1.884s] copying /home/alexcc/repos/SPIDER_25008/build/spider_nav/build/lib/spider_nav/spider_nav_main.py -> /home/alexcc/repos/SPIDER_25008/install/spider_nav/lib/python3.10/site-packages/spider_nav
[1.884s] copying /home/alexcc/repos/SPIDER_25008/build/spider_nav/build/lib/spider_nav/spider_gps_pub.py -> /home/alexcc/repos/SPIDER_25008/install/spider_nav/lib/python3.10/site-packages/spider_nav
[1.885s] byte-compiling /home/alexcc/repos/SPIDER_25008/install/spider_nav/lib/python3.10/site-packages/spider_nav/utils/MockGps.py to MockGps.cpython-310.pyc
[1.886s] byte-compiling /home/alexcc/repos/SPIDER_25008/install/spider_nav/lib/python3.10/site-packages/spider_nav/utils/__init__.py to __init__.cpython-310.pyc
[1.886s] byte-compiling /home/alexcc/repos/SPIDER_25008/install/spider_nav/lib/python3.10/site-packages/spider_nav/utils/adafruit_gps_ros.py to adafruit_gps_ros.cpython-310.pyc
[1.887s] byte-compiling /home/alexcc/repos/SPIDER_25008/install/spider_nav/lib/python3.10/site-packages/spider_nav/utils/gps_utils.py to gps_utils.cpython-310.pyc
[1.888s] byte-compiling /home/alexcc/repos/SPIDER_25008/install/spider_nav/lib/python3.10/site-packages/spider_nav/__init__.py to __init__.cpython-310.pyc
[1.888s] byte-compiling /home/alexcc/repos/SPIDER_25008/install/spider_nav/lib/python3.10/site-packages/spider_nav/spider_nav_main.py to spider_nav_main.cpython-310.pyc
[1.892s] byte-compiling /home/alexcc/repos/SPIDER_25008/install/spider_nav/lib/python3.10/site-packages/spider_nav/spider_gps_pub.py to spider_gps_pub.cpython-310.pyc
[1.894s] running install_data
[1.894s] creating /home/alexcc/repos/SPIDER_25008/install/spider_nav/share/ament_index
[1.894s] creating /home/alexcc/repos/SPIDER_25008/install/spider_nav/share/ament_index/resource_index
[1.895s] creating /home/alexcc/repos/SPIDER_25008/install/spider_nav/share/ament_index/resource_index/packages
[1.895s] copying resource/spider_nav -> /home/alexcc/repos/SPIDER_25008/install/spider_nav/share/ament_index/resource_index/packages
[1.895s] copying package.xml -> /home/alexcc/repos/SPIDER_25008/install/spider_nav/share/spider_nav
[1.895s] creating /home/alexcc/repos/SPIDER_25008/install/spider_nav/share/spider_nav/launch
[1.895s] copying launch/spider_nav_rpi.launch.py -> /home/alexcc/repos/SPIDER_25008/install/spider_nav/share/spider_nav/launch
[1.897s] copying launch/spider_nav_jetson_embed.launch.py -> /home/alexcc/repos/SPIDER_25008/install/spider_nav/share/spider_nav/launch
[1.897s] copying launch/spider_nav_embed.launch.py -> /home/alexcc/repos/SPIDER_25008/install/spider_nav/share/spider_nav/launch
[1.897s] copying launch/spider_nav_sim.launch.py -> /home/alexcc/repos/SPIDER_25008/install/spider_nav/share/spider_nav/launch
[1.898s] copying launch/spider_nav_jetson.launch.py -> /home/alexcc/repos/SPIDER_25008/install/spider_nav/share/spider_nav/launch
[1.898s] copying launch/spider_nav_rpi_embed.launch.py -> /home/alexcc/repos/SPIDER_25008/install/spider_nav/share/spider_nav/launch
[1.899s] creating /home/alexcc/repos/SPIDER_25008/install/spider_nav/share/spider_nav/config
[1.899s] running install_egg_info
[1.903s] Copying ../../../build/spider_nav/spider_nav.egg-info to /home/alexcc/repos/SPIDER_25008/install/spider_nav/lib/python3.10/site-packages/spider_nav-0.0.0-py3.10.egg-info
[1.904s] running install_scripts
[1.945s] Installing gps_waypoint_logger script to /home/alexcc/repos/SPIDER_25008/install/spider_nav/lib/spider_nav
[1.945s] Installing interactive_waypoint_follower script to /home/alexcc/repos/SPIDER_25008/install/spider_nav/lib/spider_nav
[1.946s] Installing logged_waypoint_follower script to /home/alexcc/repos/SPIDER_25008/install/spider_nav/lib/spider_nav
[1.946s] Installing spider_gps_pub script to /home/alexcc/repos/SPIDER_25008/install/spider_nav/lib/spider_nav
[1.946s] Installing spider_nav_main script to /home/alexcc/repos/SPIDER_25008/install/spider_nav/lib/spider_nav
[1.946s] writing list of installed files to '/home/alexcc/repos/SPIDER_25008/build/spider_nav/install.log'
[2.014s] Invoked command in '/home/alexcc/repos/SPIDER_25008/SPIDER_ws/src/spider_nav' returned '0': AMENT_PREFIX_PATH=/home/alexcc/repos/SPIDER_25008/install/locomotion:/home/alexcc/repos/SPIDER_25008/install/spider_interfaces:${AMENT_PREFIX_PATH} CMAKE_PREFIX_PATH=/home/alexcc/repos/SPIDER_25008/install/spider_interfaces LD_LIBRARY_PATH=/home/alexcc/repos/SPIDER_25008/install/spider_interfaces/lib:${LD_LIBRARY_PATH} PYTHONPATH=/home/alexcc/repos/SPIDER_25008/build/spider_nav/prefix_override:/usr/lib/python3/dist-packages/colcon_core/task/python/colcon_distutils_commands:/home/alexcc/repos/SPIDER_25008/install/spider_nav/lib/python3.10/site-packages:/home/alexcc/repos/SPIDER_25008/install/locomotion/lib/python3.10/site-packages:/home/alexcc/repos/SPIDER_25008/install/spider_interfaces/local/lib/python3.10/dist-packages:${PYTHONPATH} /usr/bin/python3 -W ignore:setup.py install is deprecated -W ignore:easy_install command is deprecated setup.py egg_info --egg-base ../../../build/spider_nav build --build-base /home/alexcc/repos/SPIDER_25008/build/spider_nav/build install --record /home/alexcc/repos/SPIDER_25008/build/spider_nav/install.log --single-version-externally-managed install_data
