/home/alexcc/repos/SPIDER_25008/install/data_transfer/lib/python3.10/site-packages/data_transfer/publish_transfer.py
/home/alexcc/repos/SPIDER_25008/install/data_transfer/lib/python3.10/site-packages/data_transfer/__init__.py
/home/alexcc/repos/SPIDER_25008/install/data_transfer/lib/python3.10/site-packages/data_transfer/SpectrometerStack.py
/home/alexcc/repos/SPIDER_25008/install/data_transfer/lib/python3.10/site-packages/data_transfer/subscribe_transfer.py
/home/alexcc/repos/SPIDER_25008/install/data_transfer/lib/python3.10/site-packages/data_transfer/__pycache__/publish_transfer.cpython-310.pyc
/home/alexcc/repos/SPIDER_25008/install/data_transfer/lib/python3.10/site-packages/data_transfer/__pycache__/__init__.cpython-310.pyc
/home/alexcc/repos/SPIDER_25008/install/data_transfer/lib/python3.10/site-packages/data_transfer/__pycache__/SpectrometerStack.cpython-310.pyc
/home/alexcc/repos/SPIDER_25008/install/data_transfer/lib/python3.10/site-packages/data_transfer/__pycache__/subscribe_transfer.cpython-310.pyc
/home/alexcc/repos/SPIDER_25008/install/data_transfer/share/ament_index/resource_index/packages/data_transfer
/home/alexcc/repos/SPIDER_25008/install/data_transfer/share/data_transfer/package.xml
/home/alexcc/repos/SPIDER_25008/install/data_transfer/share/data_transfer/launch/data_transfer_sim.launch.py
/home/alexcc/repos/SPIDER_25008/install/data_transfer/lib/python3.10/site-packages/data_transfer-0.0.0-py3.10.egg-info/dependency_links.txt
/home/alexcc/repos/SPIDER_25008/install/data_transfer/lib/python3.10/site-packages/data_transfer-0.0.0-py3.10.egg-info/PKG-INFO
/home/alexcc/repos/SPIDER_25008/install/data_transfer/lib/python3.10/site-packages/data_transfer-0.0.0-py3.10.egg-info/requires.txt
/home/alexcc/repos/SPIDER_25008/install/data_transfer/lib/python3.10/site-packages/data_transfer-0.0.0-py3.10.egg-info/SOURCES.txt
/home/alexcc/repos/SPIDER_25008/install/data_transfer/lib/python3.10/site-packages/data_transfer-0.0.0-py3.10.egg-info/entry_points.txt
/home/alexcc/repos/SPIDER_25008/install/data_transfer/lib/python3.10/site-packages/data_transfer-0.0.0-py3.10.egg-info/zip-safe
/home/alexcc/repos/SPIDER_25008/install/data_transfer/lib/python3.10/site-packages/data_transfer-0.0.0-py3.10.egg-info/top_level.txt
/home/alexcc/repos/SPIDER_25008/install/data_transfer/lib/data_transfer/listener
/home/alexcc/repos/SPIDER_25008/install/data_transfer/lib/data_transfer/talker
