[1.279s] Invoking command in '/home/alexcc/repos/SPIDER_25008/SPIDER_ws/build/spider_nav': AMENT_PREFIX_PATH=/home/alexcc/repos/SPIDER_25008/SPIDER_ws/install/locomotion:/home/alexcc/repos/SPIDER_25008/SPIDER_ws/install/data_transfer:/home/alexcc/repos/SPIDER_25008/SPIDER_ws/install/spider_nav:/home/alexcc/repos/SPIDER_25008/SPIDER_ws/install/spider_interfaces:/home/alexcc/repos/SPIDER_25008/SPIDER_ws/install/spider_description:/home/alexcc/repos/SPIDER_25008/SPIDER_ws/install/oak_d_lite:/home/alexcc/repos/SPIDER_25008/SPIDER_ws/install/nav2_gps_waypoint_follower_demo:/opt/ros/humble PYTHONPATH=/home/alexcc/repos/SPIDER_25008/SPIDER_ws/build/spider_nav/prefix_override:/usr/lib/python3/dist-packages/colcon_core/task/python/colcon_distutils_commands:/home/alexcc/repos/SPIDER_25008/SPIDER_ws/install/spider_nav/lib/python3.10/site-packages:/home/alexcc/repos/SPIDER_25008/SPIDER_ws/build/locomotion:/home/alexcc/repos/SPIDER_25008/SPIDER_ws/install/locomotion/lib/python3.10/site-packages:${PYTHONPATH} /usr/bin/python3 -W ignore:setup.py install is deprecated -W ignore:easy_install command is deprecated setup.py develop --editable --build-directory /home/alexcc/repos/SPIDER_25008/SPIDER_ws/build/spider_nav/build --no-deps symlink_data
[1.793s] running develop
[2.074s] running egg_info
[2.074s] writing spider_nav.egg-info/PKG-INFO
[2.074s] writing dependency_links to spider_nav.egg-info/dependency_links.txt
[2.075s] writing entry points to spider_nav.egg-info/entry_points.txt
[2.075s] writing requirements to spider_nav.egg-info/requires.txt
[2.075s] writing top-level names to spider_nav.egg-info/top_level.txt
[2.079s] reading manifest file 'spider_nav.egg-info/SOURCES.txt'
[2.081s] writing manifest file 'spider_nav.egg-info/SOURCES.txt'
[2.084s] running build_ext
[2.084s] Creating /home/alexcc/repos/SPIDER_25008/SPIDER_ws/install/spider_nav/lib/python3.10/site-packages/spider-nav.egg-link (link to .)
[2.086s] Installing gps_waypoint_logger script to /home/alexcc/repos/SPIDER_25008/SPIDER_ws/install/spider_nav/lib/spider_nav
[2.087s] Installing interactive_waypoint_follower script to /home/alexcc/repos/SPIDER_25008/SPIDER_ws/install/spider_nav/lib/spider_nav
[2.087s] Installing logged_waypoint_follower script to /home/alexcc/repos/SPIDER_25008/SPIDER_ws/install/spider_nav/lib/spider_nav
[2.087s] Installing spider_gps_pub script to /home/alexcc/repos/SPIDER_25008/SPIDER_ws/install/spider_nav/lib/spider_nav
[2.087s] Installing spider_nav_main script to /home/alexcc/repos/SPIDER_25008/SPIDER_ws/install/spider_nav/lib/spider_nav
[2.088s] 
[2.088s] Installed /home/alexcc/repos/SPIDER_25008/SPIDER_ws/build/spider_nav
[2.088s] running symlink_data
[2.169s] Invoked command in '/home/alexcc/repos/SPIDER_25008/SPIDER_ws/build/spider_nav' returned '0': AMENT_PREFIX_PATH=/home/alexcc/repos/SPIDER_25008/SPIDER_ws/install/locomotion:/home/alexcc/repos/SPIDER_25008/SPIDER_ws/install/data_transfer:/home/alexcc/repos/SPIDER_25008/SPIDER_ws/install/spider_nav:/home/alexcc/repos/SPIDER_25008/SPIDER_ws/install/spider_interfaces:/home/alexcc/repos/SPIDER_25008/SPIDER_ws/install/spider_description:/home/alexcc/repos/SPIDER_25008/SPIDER_ws/install/oak_d_lite:/home/alexcc/repos/SPIDER_25008/SPIDER_ws/install/nav2_gps_waypoint_follower_demo:/opt/ros/humble PYTHONPATH=/home/alexcc/repos/SPIDER_25008/SPIDER_ws/build/spider_nav/prefix_override:/usr/lib/python3/dist-packages/colcon_core/task/python/colcon_distutils_commands:/home/alexcc/repos/SPIDER_25008/SPIDER_ws/install/spider_nav/lib/python3.10/site-packages:/home/alexcc/repos/SPIDER_25008/SPIDER_ws/build/locomotion:/home/alexcc/repos/SPIDER_25008/SPIDER_ws/install/locomotion/lib/python3.10/site-packages:${PYTHONPATH} /usr/bin/python3 -W ignore:setup.py install is deprecated -W ignore:easy_install command is deprecated setup.py develop --editable --build-directory /home/alexcc/repos/SPIDER_25008/SPIDER_ws/build/spider_nav/build --no-deps symlink_data
