[1.587s] Invoking command in '/home/alexcc/repos/SPIDER_25008/SPIDER_ws/src/weed_detection': PYTHONPATH=/home/alexcc/repos/SPIDER_25008/build/weed_detection/prefix_override:/usr/lib/python3/dist-packages/colcon_core/task/python/colcon_distutils_commands:/home/alexcc/repos/SPIDER_25008/install/weed_detection/lib/python3.10/site-packages:${PYTHONPATH} /usr/bin/python3 -W ignore:setup.py install is deprecated -W ignore:easy_install command is deprecated setup.py egg_info --egg-base ../../../build/weed_detection build --build-base /home/alexcc/repos/SPIDER_25008/build/weed_detection/build install --record /home/alexcc/repos/SPIDER_25008/build/weed_detection/install.log --single-version-externally-managed install_data
[2.099s] running egg_info
[2.100s] creating ../../../build/weed_detection/weed_detection.egg-info
[2.100s] writing ../../../build/weed_detection/weed_detection.egg-info/PKG-INFO
[2.100s] writing dependency_links to ../../../build/weed_detection/weed_detection.egg-info/dependency_links.txt
[2.101s] writing entry points to ../../../build/weed_detection/weed_detection.egg-info/entry_points.txt
[2.101s] writing requirements to ../../../build/weed_detection/weed_detection.egg-info/requires.txt
[2.101s] writing top-level names to ../../../build/weed_detection/weed_detection.egg-info/top_level.txt
[2.102s] writing manifest file '../../../build/weed_detection/weed_detection.egg-info/SOURCES.txt'
[2.105s] reading manifest file '../../../build/weed_detection/weed_detection.egg-info/SOURCES.txt'
[2.106s] writing manifest file '../../../build/weed_detection/weed_detection.egg-info/SOURCES.txt'
[2.107s] running build
[2.107s] running build_py
[2.107s] creating /home/alexcc/repos/SPIDER_25008/build/weed_detection/build
[2.108s] creating /home/alexcc/repos/SPIDER_25008/build/weed_detection/build/lib
[2.108s] creating /home/alexcc/repos/SPIDER_25008/build/weed_detection/build/lib/weed_detection
[2.108s] copying weed_detection/__init__.py -> /home/alexcc/repos/SPIDER_25008/build/weed_detection/build/lib/weed_detection
[2.108s] running install
[2.109s] running install_lib
[2.110s] creating /home/alexcc/repos/SPIDER_25008/install/weed_detection/lib/python3.10/site-packages/weed_detection
[2.111s] copying /home/alexcc/repos/SPIDER_25008/build/weed_detection/build/lib/weed_detection/__init__.py -> /home/alexcc/repos/SPIDER_25008/install/weed_detection/lib/python3.10/site-packages/weed_detection
[2.112s] byte-compiling /home/alexcc/repos/SPIDER_25008/install/weed_detection/lib/python3.10/site-packages/weed_detection/__init__.py to __init__.cpython-310.pyc
[2.113s] running install_data
[2.113s] creating /home/alexcc/repos/SPIDER_25008/install/weed_detection/share
[2.114s] creating /home/alexcc/repos/SPIDER_25008/install/weed_detection/share/ament_index
[2.114s] creating /home/alexcc/repos/SPIDER_25008/install/weed_detection/share/ament_index/resource_index
[2.114s] creating /home/alexcc/repos/SPIDER_25008/install/weed_detection/share/ament_index/resource_index/packages
[2.114s] error: can't copy 'resource/weed_detection': doesn't exist or not a regular file
[2.175s] Invoked command in '/home/alexcc/repos/SPIDER_25008/SPIDER_ws/src/weed_detection' returned '1': PYTHONPATH=/home/alexcc/repos/SPIDER_25008/build/weed_detection/prefix_override:/usr/lib/python3/dist-packages/colcon_core/task/python/colcon_distutils_commands:/home/alexcc/repos/SPIDER_25008/install/weed_detection/lib/python3.10/site-packages:${PYTHONPATH} /usr/bin/python3 -W ignore:setup.py install is deprecated -W ignore:easy_install command is deprecated setup.py egg_info --egg-base ../../../build/weed_detection build --build-base /home/alexcc/repos/SPIDER_25008/build/weed_detection/build install --record /home/alexcc/repos/SPIDER_25008/build/weed_detection/install.log --single-version-externally-managed install_data
