/home/alexcc/repos/SPIDER_25008/install/spider_nav/lib/python3.10/site-packages/spider_nav/__init__.py
/home/alexcc/repos/SPIDER_25008/install/spider_nav/lib/python3.10/site-packages/spider_nav/spider_nav_main.py
/home/alexcc/repos/SPIDER_25008/install/spider_nav/lib/python3.10/site-packages/spider_nav/spider_gps_pub.py
/home/alexcc/repos/SPIDER_25008/install/spider_nav/lib/python3.10/site-packages/spider_nav/utils/MockGps.py
/home/alexcc/repos/SPIDER_25008/install/spider_nav/lib/python3.10/site-packages/spider_nav/utils/__init__.py
/home/alexcc/repos/SPIDER_25008/install/spider_nav/lib/python3.10/site-packages/spider_nav/utils/adafruit_gps_ros.py
/home/alexcc/repos/SPIDER_25008/install/spider_nav/lib/python3.10/site-packages/spider_nav/utils/gps_utils.py
/home/alexcc/repos/SPIDER_25008/install/spider_nav/lib/python3.10/site-packages/spider_nav/__pycache__/__init__.cpython-310.pyc
/home/alexcc/repos/SPIDER_25008/install/spider_nav/lib/python3.10/site-packages/spider_nav/__pycache__/spider_nav_main.cpython-310.pyc
/home/alexcc/repos/SPIDER_25008/install/spider_nav/lib/python3.10/site-packages/spider_nav/__pycache__/spider_gps_pub.cpython-310.pyc
/home/alexcc/repos/SPIDER_25008/install/spider_nav/lib/python3.10/site-packages/spider_nav/utils/__pycache__/MockGps.cpython-310.pyc
/home/alexcc/repos/SPIDER_25008/install/spider_nav/lib/python3.10/site-packages/spider_nav/utils/__pycache__/__init__.cpython-310.pyc
/home/alexcc/repos/SPIDER_25008/install/spider_nav/lib/python3.10/site-packages/spider_nav/utils/__pycache__/adafruit_gps_ros.cpython-310.pyc
/home/alexcc/repos/SPIDER_25008/install/spider_nav/lib/python3.10/site-packages/spider_nav/utils/__pycache__/gps_utils.cpython-310.pyc
/home/alexcc/repos/SPIDER_25008/install/spider_nav/share/ament_index/resource_index/packages/spider_nav
/home/alexcc/repos/SPIDER_25008/install/spider_nav/share/spider_nav/package.xml
/home/alexcc/repos/SPIDER_25008/install/spider_nav/share/spider_nav/launch/spider_nav_rpi.launch.py
/home/alexcc/repos/SPIDER_25008/install/spider_nav/share/spider_nav/launch/spider_nav_jetson_embed.launch.py
/home/alexcc/repos/SPIDER_25008/install/spider_nav/share/spider_nav/launch/spider_nav_embed.launch.py
/home/alexcc/repos/SPIDER_25008/install/spider_nav/share/spider_nav/launch/spider_nav_sim.launch.py
/home/alexcc/repos/SPIDER_25008/install/spider_nav/share/spider_nav/launch/spider_nav_jetson.launch.py
/home/alexcc/repos/SPIDER_25008/install/spider_nav/share/spider_nav/launch/spider_nav_rpi_embed.launch.py
/home/alexcc/repos/SPIDER_25008/install/spider_nav/share/spider_nav/config
/home/alexcc/repos/SPIDER_25008/install/spider_nav/lib/python3.10/site-packages/spider_nav-0.0.0-py3.10.egg-info/dependency_links.txt
/home/alexcc/repos/SPIDER_25008/install/spider_nav/lib/python3.10/site-packages/spider_nav-0.0.0-py3.10.egg-info/PKG-INFO
/home/alexcc/repos/SPIDER_25008/install/spider_nav/lib/python3.10/site-packages/spider_nav-0.0.0-py3.10.egg-info/requires.txt
/home/alexcc/repos/SPIDER_25008/install/spider_nav/lib/python3.10/site-packages/spider_nav-0.0.0-py3.10.egg-info/SOURCES.txt
/home/alexcc/repos/SPIDER_25008/install/spider_nav/lib/python3.10/site-packages/spider_nav-0.0.0-py3.10.egg-info/entry_points.txt
/home/alexcc/repos/SPIDER_25008/install/spider_nav/lib/python3.10/site-packages/spider_nav-0.0.0-py3.10.egg-info/zip-safe
/home/alexcc/repos/SPIDER_25008/install/spider_nav/lib/python3.10/site-packages/spider_nav-0.0.0-py3.10.egg-info/top_level.txt
/home/alexcc/repos/SPIDER_25008/install/spider_nav/lib/spider_nav/gps_waypoint_logger
/home/alexcc/repos/SPIDER_25008/install/spider_nav/lib/spider_nav/interactive_waypoint_follower
/home/alexcc/repos/SPIDER_25008/install/spider_nav/lib/spider_nav/logged_waypoint_follower
/home/alexcc/repos/SPIDER_25008/install/spider_nav/lib/spider_nav/spider_gps_pub
/home/alexcc/repos/SPIDER_25008/install/spider_nav/lib/spider_nav/spider_nav_main
