[0.234s] [34mcolcon[0m [1;30mDEBUG[0m [32mCommand line arguments: ['/usr/bin/colcon', 'build'][0m
[0.234s] [34mcolcon[0m [1;30mDEBUG[0m [32mParsed command line arguments: Namespace(log_base=None, log_level=None, verb_name='build', build_base='build', install_base='install', merge_install=False, symlink_install=False, test_result_base=None, continue_on_error=False, executor='parallel', parallel_workers=6, event_handlers=None, ignore_user_meta=False, metas=['./colcon.meta'], base_paths=['.'], packages_ignore=None, packages_ignore_regex=None, paths=None, packages_up_to=None, packages_up_to_regex=None, packages_above=None, packages_above_and_dependencies=None, packages_above_depth=None, packages_select_by_dep=None, packages_skip_by_dep=None, packages_skip_up_to=None, packages_select_build_failed=False, packages_skip_build_finished=False, packages_select_test_failures=False, packages_skip_test_passed=False, packages_select=None, packages_skip=None, packages_select_regex=None, packages_skip_regex=None, packages_start=None, packages_end=None, allow_overriding=[], cmake_args=None, cmake_target=None, cmake_target_skip_unavailable=False, cmake_clean_cache=False, cmake_clean_first=False, cmake_force_configure=False, ament_cmake_args=None, catkin_cmake_args=None, catkin_skip_building_tests=False, verb_parser=<colcon_defaults.argument_parser.defaults.DefaultArgumentsDecorator object at 0xffff8c5729b0>, verb_extension=<colcon_core.verb.build.BuildVerb object at 0xffff8c957d30>, main=<bound method BuildVerb.main of <colcon_core.verb.build.BuildVerb object at 0xffff8c957d30>>)[0m
[0.588s] [34mcolcon.colcon_core.package_discovery[0m [1;30mLevel 1[0m discover_packages(colcon_meta) check parameters
[0.588s] [34mcolcon.colcon_core.package_discovery[0m [1;30mLevel 1[0m discover_packages(recursive) check parameters
[0.589s] [34mcolcon.colcon_core.package_discovery[0m [1;30mLevel 1[0m discover_packages(ignore) check parameters
[0.589s] [34mcolcon.colcon_core.package_discovery[0m [1;30mLevel 1[0m discover_packages(path) check parameters
[0.589s] [34mcolcon.colcon_core.package_discovery[0m [1;30mLevel 1[0m discover_packages(colcon_meta) discover
[0.589s] [34mcolcon.colcon_core.package_discovery[0m [1;30mLevel 1[0m discover_packages(recursive) discover
[0.589s] [34mcolcon.colcon_core.package_discovery[0m [1;30mINFO[0m Crawling recursively for packages in '/home/alexcc/repos/SPIDER_25008'
[0.589s] [34mcolcon.colcon_core.package_identification[0m [1;30mLevel 1[0m _identify(.) by extensions ['ignore', 'ignore_ament_install']
[0.589s] [34mcolcon.colcon_core.package_identification[0m [1;30mLevel 1[0m _identify(.) by extension 'ignore'
[0.590s] [34mcolcon.colcon_core.package_identification[0m [1;30mLevel 1[0m _identify(.) by extension 'ignore_ament_install'
[0.590s] [34mcolcon.colcon_core.package_identification[0m [1;30mLevel 1[0m _identify(.) by extensions ['colcon_pkg']
[0.590s] [34mcolcon.colcon_core.package_identification[0m [1;30mLevel 1[0m _identify(.) by extension 'colcon_pkg'
[0.590s] [34mcolcon.colcon_core.package_identification[0m [1;30mLevel 1[0m _identify(.) by extensions ['colcon_meta']
[0.590s] [34mcolcon.colcon_core.package_identification[0m [1;30mLevel 1[0m _identify(.) by extension 'colcon_meta'
[0.590s] [34mcolcon.colcon_core.package_identification[0m [1;30mLevel 1[0m _identify(.) by extensions ['ros']
[0.590s] [34mcolcon.colcon_core.package_identification[0m [1;30mLevel 1[0m _identify(.) by extension 'ros'
[0.612s] [34mcolcon.colcon_core.package_identification[0m [1;30mLevel 1[0m _identify(.) by extensions ['cmake', 'python']
[0.612s] [34mcolcon.colcon_core.package_identification[0m [1;30mLevel 1[0m _identify(.) by extension 'cmake'
[0.613s] [34mcolcon.colcon_core.package_identification[0m [1;30mLevel 1[0m _identify(.) by extension 'python'
[0.613s] [34mcolcon.colcon_core.package_identification[0m [1;30mLevel 1[0m _identify(.) by extensions ['python_setup_py']
[0.613s] [34mcolcon.colcon_core.package_identification[0m [1;30mLevel 1[0m _identify(.) by extension 'python_setup_py'
[0.613s] [34mcolcon.colcon_core.package_identification[0m [1;30mLevel 1[0m _identify(SPIDER_ws) by extensions ['ignore', 'ignore_ament_install']
[0.613s] [34mcolcon.colcon_core.package_identification[0m [1;30mLevel 1[0m _identify(SPIDER_ws) by extension 'ignore'
[0.613s] [34mcolcon.colcon_core.package_identification[0m [1;30mLevel 1[0m _identify(SPIDER_ws) by extension 'ignore_ament_install'
[0.614s] [34mcolcon.colcon_core.package_identification[0m [1;30mLevel 1[0m _identify(SPIDER_ws) by extensions ['colcon_pkg']
[0.614s] [34mcolcon.colcon_core.package_identification[0m [1;30mLevel 1[0m _identify(SPIDER_ws) by extension 'colcon_pkg'
[0.614s] [34mcolcon.colcon_core.package_identification[0m [1;30mLevel 1[0m _identify(SPIDER_ws) by extensions ['colcon_meta']
[0.614s] [34mcolcon.colcon_core.package_identification[0m [1;30mLevel 1[0m _identify(SPIDER_ws) by extension 'colcon_meta'
[0.614s] [34mcolcon.colcon_core.package_identification[0m [1;30mLevel 1[0m _identify(SPIDER_ws) by extensions ['ros']
[0.614s] [34mcolcon.colcon_core.package_identification[0m [1;30mLevel 1[0m _identify(SPIDER_ws) by extension 'ros'
[0.614s] [34mcolcon.colcon_core.package_identification[0m [1;30mLevel 1[0m _identify(SPIDER_ws) by extensions ['cmake', 'python']
[0.614s] [34mcolcon.colcon_core.package_identification[0m [1;30mLevel 1[0m _identify(SPIDER_ws) by extension 'cmake'
[0.614s] [34mcolcon.colcon_core.package_identification[0m [1;30mLevel 1[0m _identify(SPIDER_ws) by extension 'python'
[0.614s] [34mcolcon.colcon_core.package_identification[0m [1;30mLevel 1[0m _identify(SPIDER_ws) by extensions ['python_setup_py']
[0.614s] [34mcolcon.colcon_core.package_identification[0m [1;30mLevel 1[0m _identify(SPIDER_ws) by extension 'python_setup_py'
[0.615s] [34mcolcon.colcon_core.package_identification[0m [1;30mLevel 1[0m _identify(SPIDER_ws/build) by extensions ['ignore', 'ignore_ament_install']
[0.615s] [34mcolcon.colcon_core.package_identification[0m [1;30mLevel 1[0m _identify(SPIDER_ws/build) by extension 'ignore'
[0.615s] [34mcolcon.colcon_core.package_identification[0m [1;30mLevel 1[0m _identify(SPIDER_ws/build) ignored
[0.615s] [34mcolcon.colcon_core.package_identification[0m [1;30mLevel 1[0m _identify(SPIDER_ws/config) by extensions ['ignore', 'ignore_ament_install']
[0.615s] [34mcolcon.colcon_core.package_identification[0m [1;30mLevel 1[0m _identify(SPIDER_ws/config) by extension 'ignore'
[0.616s] [34mcolcon.colcon_core.package_identification[0m [1;30mLevel 1[0m _identify(SPIDER_ws/config) by extension 'ignore_ament_install'
[0.616s] [34mcolcon.colcon_core.package_identification[0m [1;30mLevel 1[0m _identify(SPIDER_ws/config) by extensions ['colcon_pkg']
[0.616s] [34mcolcon.colcon_core.package_identification[0m [1;30mLevel 1[0m _identify(SPIDER_ws/config) by extension 'colcon_pkg'
[0.616s] [34mcolcon.colcon_core.package_identification[0m [1;30mLevel 1[0m _identify(SPIDER_ws/config) by extensions ['colcon_meta']
[0.616s] [34mcolcon.colcon_core.package_identification[0m [1;30mLevel 1[0m _identify(SPIDER_ws/config) by extension 'colcon_meta'
[0.616s] [34mcolcon.colcon_core.package_identification[0m [1;30mLevel 1[0m _identify(SPIDER_ws/config) by extensions ['ros']
[0.616s] [34mcolcon.colcon_core.package_identification[0m [1;30mLevel 1[0m _identify(SPIDER_ws/config) by extension 'ros'
[0.616s] [34mcolcon.colcon_core.package_identification[0m [1;30mLevel 1[0m _identify(SPIDER_ws/config) by extensions ['cmake', 'python']
[0.616s] [34mcolcon.colcon_core.package_identification[0m [1;30mLevel 1[0m _identify(SPIDER_ws/config) by extension 'cmake'
[0.616s] [34mcolcon.colcon_core.package_identification[0m [1;30mLevel 1[0m _identify(SPIDER_ws/config) by extension 'python'
[0.616s] [34mcolcon.colcon_core.package_identification[0m [1;30mLevel 1[0m _identify(SPIDER_ws/config) by extensions ['python_setup_py']
[0.616s] [34mcolcon.colcon_core.package_identification[0m [1;30mLevel 1[0m _identify(SPIDER_ws/config) by extension 'python_setup_py'
[0.617s] [34mcolcon.colcon_core.package_identification[0m [1;30mLevel 1[0m _identify(SPIDER_ws/install) by extensions ['ignore', 'ignore_ament_install']
[0.617s] [34mcolcon.colcon_core.package_identification[0m [1;30mLevel 1[0m _identify(SPIDER_ws/install) by extension 'ignore'
[0.617s] [34mcolcon.colcon_core.package_identification[0m [1;30mLevel 1[0m _identify(SPIDER_ws/install) ignored
[0.618s] [34mcolcon.colcon_core.package_identification[0m [1;30mLevel 1[0m _identify(SPIDER_ws/log) by extensions ['ignore', 'ignore_ament_install']
[0.618s] [34mcolcon.colcon_core.package_identification[0m [1;30mLevel 1[0m _identify(SPIDER_ws/log) by extension 'ignore'
[0.618s] [34mcolcon.colcon_core.package_identification[0m [1;30mLevel 1[0m _identify(SPIDER_ws/log) ignored
[0.618s] [34mcolcon.colcon_core.package_identification[0m [1;30mLevel 1[0m _identify(SPIDER_ws/src) by extensions ['ignore', 'ignore_ament_install']
[0.618s] [34mcolcon.colcon_core.package_identification[0m [1;30mLevel 1[0m _identify(SPIDER_ws/src) by extension 'ignore'
[0.618s] [34mcolcon.colcon_core.package_identification[0m [1;30mLevel 1[0m _identify(SPIDER_ws/src) by extension 'ignore_ament_install'
[0.619s] [34mcolcon.colcon_core.package_identification[0m [1;30mLevel 1[0m _identify(SPIDER_ws/src) by extensions ['colcon_pkg']
[0.619s] [34mcolcon.colcon_core.package_identification[0m [1;30mLevel 1[0m _identify(SPIDER_ws/src) by extension 'colcon_pkg'
[0.619s] [34mcolcon.colcon_core.package_identification[0m [1;30mLevel 1[0m _identify(SPIDER_ws/src) by extensions ['colcon_meta']
[0.619s] [34mcolcon.colcon_core.package_identification[0m [1;30mLevel 1[0m _identify(SPIDER_ws/src) by extension 'colcon_meta'
[0.619s] [34mcolcon.colcon_core.package_identification[0m [1;30mLevel 1[0m _identify(SPIDER_ws/src) by extensions ['ros']
[0.619s] [34mcolcon.colcon_core.package_identification[0m [1;30mLevel 1[0m _identify(SPIDER_ws/src) by extension 'ros'
[0.619s] [34mcolcon.colcon_core.package_identification[0m [1;30mLevel 1[0m _identify(SPIDER_ws/src) by extensions ['cmake', 'python']
[0.619s] [34mcolcon.colcon_core.package_identification[0m [1;30mLevel 1[0m _identify(SPIDER_ws/src) by extension 'cmake'
[0.619s] [34mcolcon.colcon_core.package_identification[0m [1;30mLevel 1[0m _identify(SPIDER_ws/src) by extension 'python'
[0.619s] [34mcolcon.colcon_core.package_identification[0m [1;30mLevel 1[0m _identify(SPIDER_ws/src) by extensions ['python_setup_py']
[0.619s] [34mcolcon.colcon_core.package_identification[0m [1;30mLevel 1[0m _identify(SPIDER_ws/src) by extension 'python_setup_py'
[0.620s] [34mcolcon.colcon_core.package_identification[0m [1;30mLevel 1[0m _identify(SPIDER_ws/src/data_transfer) by extensions ['ignore', 'ignore_ament_install']
[0.620s] [34mcolcon.colcon_core.package_identification[0m [1;30mLevel 1[0m _identify(SPIDER_ws/src/data_transfer) by extension 'ignore'
[0.620s] [34mcolcon.colcon_core.package_identification[0m [1;30mLevel 1[0m _identify(SPIDER_ws/src/data_transfer) by extension 'ignore_ament_install'
[0.620s] [34mcolcon.colcon_core.package_identification[0m [1;30mLevel 1[0m _identify(SPIDER_ws/src/data_transfer) by extensions ['colcon_pkg']
[0.620s] [34mcolcon.colcon_core.package_identification[0m [1;30mLevel 1[0m _identify(SPIDER_ws/src/data_transfer) by extension 'colcon_pkg'
[0.620s] [34mcolcon.colcon_core.package_identification[0m [1;30mLevel 1[0m _identify(SPIDER_ws/src/data_transfer) by extensions ['colcon_meta']
[0.620s] [34mcolcon.colcon_core.package_identification[0m [1;30mLevel 1[0m _identify(SPIDER_ws/src/data_transfer) by extension 'colcon_meta'
[0.620s] [34mcolcon.colcon_core.package_identification[0m [1;30mLevel 1[0m _identify(SPIDER_ws/src/data_transfer) by extensions ['ros']
[0.620s] [34mcolcon.colcon_core.package_identification[0m [1;30mLevel 1[0m _identify(SPIDER_ws/src/data_transfer) by extension 'ros'
[0.625s] [34mcolcon.colcon_core.package_identification[0m [1;30mDEBUG[0m [32mPackage 'SPIDER_ws/src/data_transfer' with type 'ros.ament_python' and name 'data_transfer'[0m
[0.626s] [34mcolcon.colcon_core.package_identification[0m [1;30mLevel 1[0m _identify(SPIDER_ws/src/locomotion) by extensions ['ignore', 'ignore_ament_install']
[0.626s] [34mcolcon.colcon_core.package_identification[0m [1;30mLevel 1[0m _identify(SPIDER_ws/src/locomotion) by extension 'ignore'
[0.626s] [34mcolcon.colcon_core.package_identification[0m [1;30mLevel 1[0m _identify(SPIDER_ws/src/locomotion) by extension 'ignore_ament_install'
[0.626s] [34mcolcon.colcon_core.package_identification[0m [1;30mLevel 1[0m _identify(SPIDER_ws/src/locomotion) by extensions ['colcon_pkg']
[0.626s] [34mcolcon.colcon_core.package_identification[0m [1;30mLevel 1[0m _identify(SPIDER_ws/src/locomotion) by extension 'colcon_pkg'
[0.627s] [34mcolcon.colcon_core.package_identification[0m [1;30mLevel 1[0m _identify(SPIDER_ws/src/locomotion) by extensions ['colcon_meta']
[0.627s] [34mcolcon.colcon_core.package_identification[0m [1;30mLevel 1[0m _identify(SPIDER_ws/src/locomotion) by extension 'colcon_meta'
[0.627s] [34mcolcon.colcon_core.package_identification[0m [1;30mLevel 1[0m _identify(SPIDER_ws/src/locomotion) by extensions ['ros']
[0.627s] [34mcolcon.colcon_core.package_identification[0m [1;30mLevel 1[0m _identify(SPIDER_ws/src/locomotion) by extension 'ros'
[0.628s] [34mcolcon.colcon_core.package_identification[0m [1;30mDEBUG[0m [32mPackage 'SPIDER_ws/src/locomotion' with type 'ros.ament_python' and name 'locomotion'[0m
[0.628s] [34mcolcon.colcon_core.package_identification[0m [1;30mLevel 1[0m _identify(SPIDER_ws/src/spider_interfaces) by extensions ['ignore', 'ignore_ament_install']
[0.628s] [34mcolcon.colcon_core.package_identification[0m [1;30mLevel 1[0m _identify(SPIDER_ws/src/spider_interfaces) by extension 'ignore'
[0.629s] [34mcolcon.colcon_core.package_identification[0m [1;30mLevel 1[0m _identify(SPIDER_ws/src/spider_interfaces) by extension 'ignore_ament_install'
[0.629s] [34mcolcon.colcon_core.package_identification[0m [1;30mLevel 1[0m _identify(SPIDER_ws/src/spider_interfaces) by extensions ['colcon_pkg']
[0.629s] [34mcolcon.colcon_core.package_identification[0m [1;30mLevel 1[0m _identify(SPIDER_ws/src/spider_interfaces) by extension 'colcon_pkg'
[0.629s] [34mcolcon.colcon_core.package_identification[0m [1;30mLevel 1[0m _identify(SPIDER_ws/src/spider_interfaces) by extensions ['colcon_meta']
[0.629s] [34mcolcon.colcon_core.package_identification[0m [1;30mLevel 1[0m _identify(SPIDER_ws/src/spider_interfaces) by extension 'colcon_meta'
[0.629s] [34mcolcon.colcon_core.package_identification[0m [1;30mLevel 1[0m _identify(SPIDER_ws/src/spider_interfaces) by extensions ['ros']
[0.629s] [34mcolcon.colcon_core.package_identification[0m [1;30mLevel 1[0m _identify(SPIDER_ws/src/spider_interfaces) by extension 'ros'
[0.630s] [34mcolcon.colcon_core.package_identification[0m [1;30mDEBUG[0m [32mPackage 'SPIDER_ws/src/spider_interfaces' with type 'ros.ament_cmake' and name 'spider_interfaces'[0m
[0.630s] [34mcolcon.colcon_core.package_identification[0m [1;30mLevel 1[0m _identify(SPIDER_ws/src/spider_nav) by extensions ['ignore', 'ignore_ament_install']
[0.631s] [34mcolcon.colcon_core.package_identification[0m [1;30mLevel 1[0m _identify(SPIDER_ws/src/spider_nav) by extension 'ignore'
[0.631s] [34mcolcon.colcon_core.package_identification[0m [1;30mLevel 1[0m _identify(SPIDER_ws/src/spider_nav) by extension 'ignore_ament_install'
[0.631s] [34mcolcon.colcon_core.package_identification[0m [1;30mLevel 1[0m _identify(SPIDER_ws/src/spider_nav) by extensions ['colcon_pkg']
[0.631s] [34mcolcon.colcon_core.package_identification[0m [1;30mLevel 1[0m _identify(SPIDER_ws/src/spider_nav) by extension 'colcon_pkg'
[0.631s] [34mcolcon.colcon_core.package_identification[0m [1;30mLevel 1[0m _identify(SPIDER_ws/src/spider_nav) by extensions ['colcon_meta']
[0.631s] [34mcolcon.colcon_core.package_identification[0m [1;30mLevel 1[0m _identify(SPIDER_ws/src/spider_nav) by extension 'colcon_meta'
[0.631s] [34mcolcon.colcon_core.package_identification[0m [1;30mLevel 1[0m _identify(SPIDER_ws/src/spider_nav) by extensions ['ros']
[0.631s] [34mcolcon.colcon_core.package_identification[0m [1;30mLevel 1[0m _identify(SPIDER_ws/src/spider_nav) by extension 'ros'
[0.633s] [34mcolcon.colcon_core.package_identification[0m [1;30mDEBUG[0m [32mPackage 'SPIDER_ws/src/spider_nav' with type 'ros.ament_python' and name 'spider_nav'[0m
[0.633s] [34mcolcon.colcon_core.package_identification[0m [1;30mLevel 1[0m _identify(SPIDER_ws/src/weed_detection) by extensions ['ignore', 'ignore_ament_install']
[0.634s] [34mcolcon.colcon_core.package_identification[0m [1;30mLevel 1[0m _identify(SPIDER_ws/src/weed_detection) by extension 'ignore'
[0.634s] [34mcolcon.colcon_core.package_identification[0m [1;30mLevel 1[0m _identify(SPIDER_ws/src/weed_detection) by extension 'ignore_ament_install'
[0.634s] [34mcolcon.colcon_core.package_identification[0m [1;30mLevel 1[0m _identify(SPIDER_ws/src/weed_detection) by extensions ['colcon_pkg']
[0.634s] [34mcolcon.colcon_core.package_identification[0m [1;30mLevel 1[0m _identify(SPIDER_ws/src/weed_detection) by extension 'colcon_pkg'
[0.634s] [34mcolcon.colcon_core.package_identification[0m [1;30mLevel 1[0m _identify(SPIDER_ws/src/weed_detection) by extensions ['colcon_meta']
[0.634s] [34mcolcon.colcon_core.package_identification[0m [1;30mLevel 1[0m _identify(SPIDER_ws/src/weed_detection) by extension 'colcon_meta'
[0.634s] [34mcolcon.colcon_core.package_identification[0m [1;30mLevel 1[0m _identify(SPIDER_ws/src/weed_detection) by extensions ['ros']
[0.634s] [34mcolcon.colcon_core.package_identification[0m [1;30mLevel 1[0m _identify(SPIDER_ws/src/weed_detection) by extension 'ros'
[0.636s] [34mcolcon.colcon_core.package_identification[0m [1;30mDEBUG[0m [32mPackage 'SPIDER_ws/src/weed_detection' with type 'ros.ament_python' and name 'weed_detection'[0m
[0.636s] [34mcolcon.colcon_core.package_identification[0m [1;30mLevel 1[0m _identify(Scripts) by extensions ['ignore', 'ignore_ament_install']
[0.636s] [34mcolcon.colcon_core.package_identification[0m [1;30mLevel 1[0m _identify(Scripts) by extension 'ignore'
[0.636s] [34mcolcon.colcon_core.package_identification[0m [1;30mLevel 1[0m _identify(Scripts) by extension 'ignore_ament_install'
[0.637s] [34mcolcon.colcon_core.package_identification[0m [1;30mLevel 1[0m _identify(Scripts) by extensions ['colcon_pkg']
[0.637s] [34mcolcon.colcon_core.package_identification[0m [1;30mLevel 1[0m _identify(Scripts) by extension 'colcon_pkg'
[0.637s] [34mcolcon.colcon_core.package_identification[0m [1;30mLevel 1[0m _identify(Scripts) by extensions ['colcon_meta']
[0.637s] [34mcolcon.colcon_core.package_identification[0m [1;30mLevel 1[0m _identify(Scripts) by extension 'colcon_meta'
[0.637s] [34mcolcon.colcon_core.package_identification[0m [1;30mLevel 1[0m _identify(Scripts) by extensions ['ros']
[0.637s] [34mcolcon.colcon_core.package_identification[0m [1;30mLevel 1[0m _identify(Scripts) by extension 'ros'
[0.637s] [34mcolcon.colcon_core.package_identification[0m [1;30mLevel 1[0m _identify(Scripts) by extensions ['cmake', 'python']
[0.637s] [34mcolcon.colcon_core.package_identification[0m [1;30mLevel 1[0m _identify(Scripts) by extension 'cmake'
[0.637s] [34mcolcon.colcon_core.package_identification[0m [1;30mLevel 1[0m _identify(Scripts) by extension 'python'
[0.637s] [34mcolcon.colcon_core.package_identification[0m [1;30mLevel 1[0m _identify(Scripts) by extensions ['python_setup_py']
[0.638s] [34mcolcon.colcon_core.package_identification[0m [1;30mLevel 1[0m _identify(Scripts) by extension 'python_setup_py'
[0.638s] [34mcolcon.colcon_core.package_identification[0m [1;30mLevel 1[0m _identify(Scripts/__pycache__) by extensions ['ignore', 'ignore_ament_install']
[0.638s] [34mcolcon.colcon_core.package_identification[0m [1;30mLevel 1[0m _identify(Scripts/__pycache__) by extension 'ignore'
[0.638s] [34mcolcon.colcon_core.package_identification[0m [1;30mLevel 1[0m _identify(Scripts/__pycache__) by extension 'ignore_ament_install'
[0.638s] [34mcolcon.colcon_core.package_identification[0m [1;30mLevel 1[0m _identify(Scripts/__pycache__) by extensions ['colcon_pkg']
[0.638s] [34mcolcon.colcon_core.package_identification[0m [1;30mLevel 1[0m _identify(Scripts/__pycache__) by extension 'colcon_pkg'
[0.638s] [34mcolcon.colcon_core.package_identification[0m [1;30mLevel 1[0m _identify(Scripts/__pycache__) by extensions ['colcon_meta']
[0.638s] [34mcolcon.colcon_core.package_identification[0m [1;30mLevel 1[0m _identify(Scripts/__pycache__) by extension 'colcon_meta'
[0.639s] [34mcolcon.colcon_core.package_identification[0m [1;30mLevel 1[0m _identify(Scripts/__pycache__) by extensions ['ros']
[0.639s] [34mcolcon.colcon_core.package_identification[0m [1;30mLevel 1[0m _identify(Scripts/__pycache__) by extension 'ros'
[0.639s] [34mcolcon.colcon_core.package_identification[0m [1;30mLevel 1[0m _identify(Scripts/__pycache__) by extensions ['cmake', 'python']
[0.639s] [34mcolcon.colcon_core.package_identification[0m [1;30mLevel 1[0m _identify(Scripts/__pycache__) by extension 'cmake'
[0.639s] [34mcolcon.colcon_core.package_identification[0m [1;30mLevel 1[0m _identify(Scripts/__pycache__) by extension 'python'
[0.639s] [34mcolcon.colcon_core.package_identification[0m [1;30mLevel 1[0m _identify(Scripts/__pycache__) by extensions ['python_setup_py']
[0.639s] [34mcolcon.colcon_core.package_identification[0m [1;30mLevel 1[0m _identify(Scripts/__pycache__) by extension 'python_setup_py'
[0.639s] [34mcolcon.colcon_core.package_identification[0m [1;30mLevel 1[0m _identify(Scripts/bin) by extensions ['ignore', 'ignore_ament_install']
[0.639s] [34mcolcon.colcon_core.package_identification[0m [1;30mLevel 1[0m _identify(Scripts/bin) by extension 'ignore'
[0.640s] [34mcolcon.colcon_core.package_identification[0m [1;30mLevel 1[0m _identify(Scripts/bin) by extension 'ignore_ament_install'
[0.640s] [34mcolcon.colcon_core.package_identification[0m [1;30mLevel 1[0m _identify(Scripts/bin) by extensions ['colcon_pkg']
[0.640s] [34mcolcon.colcon_core.package_identification[0m [1;30mLevel 1[0m _identify(Scripts/bin) by extension 'colcon_pkg'
[0.640s] [34mcolcon.colcon_core.package_identification[0m [1;30mLevel 1[0m _identify(Scripts/bin) by extensions ['colcon_meta']
[0.640s] [34mcolcon.colcon_core.package_identification[0m [1;30mLevel 1[0m _identify(Scripts/bin) by extension 'colcon_meta'
[0.640s] [34mcolcon.colcon_core.package_identification[0m [1;30mLevel 1[0m _identify(Scripts/bin) by extensions ['ros']
[0.640s] [34mcolcon.colcon_core.package_identification[0m [1;30mLevel 1[0m _identify(Scripts/bin) by extension 'ros'
[0.640s] [34mcolcon.colcon_core.package_identification[0m [1;30mLevel 1[0m _identify(Scripts/bin) by extensions ['cmake', 'python']
[0.640s] [34mcolcon.colcon_core.package_identification[0m [1;30mLevel 1[0m _identify(Scripts/bin) by extension 'cmake'
[0.640s] [34mcolcon.colcon_core.package_identification[0m [1;30mLevel 1[0m _identify(Scripts/bin) by extension 'python'
[0.640s] [34mcolcon.colcon_core.package_identification[0m [1;30mLevel 1[0m _identify(Scripts/bin) by extensions ['python_setup_py']
[0.640s] [34mcolcon.colcon_core.package_identification[0m [1;30mLevel 1[0m _identify(Scripts/bin) by extension 'python_setup_py'
[0.641s] [34mcolcon.colcon_core.package_identification[0m [1;30mLevel 1[0m _identify(Scripts/led_serial) by extensions ['ignore', 'ignore_ament_install']
[0.641s] [34mcolcon.colcon_core.package_identification[0m [1;30mLevel 1[0m _identify(Scripts/led_serial) by extension 'ignore'
[0.641s] [34mcolcon.colcon_core.package_identification[0m [1;30mLevel 1[0m _identify(Scripts/led_serial) by extension 'ignore_ament_install'
[0.641s] [34mcolcon.colcon_core.package_identification[0m [1;30mLevel 1[0m _identify(Scripts/led_serial) by extensions ['colcon_pkg']
[0.641s] [34mcolcon.colcon_core.package_identification[0m [1;30mLevel 1[0m _identify(Scripts/led_serial) by extension 'colcon_pkg'
[0.641s] [34mcolcon.colcon_core.package_identification[0m [1;30mLevel 1[0m _identify(Scripts/led_serial) by extensions ['colcon_meta']
[0.641s] [34mcolcon.colcon_core.package_identification[0m [1;30mLevel 1[0m _identify(Scripts/led_serial) by extension 'colcon_meta'
[0.641s] [34mcolcon.colcon_core.package_identification[0m [1;30mLevel 1[0m _identify(Scripts/led_serial) by extensions ['ros']
[0.642s] [34mcolcon.colcon_core.package_identification[0m [1;30mLevel 1[0m _identify(Scripts/led_serial) by extension 'ros'
[0.642s] [34mcolcon.colcon_core.package_identification[0m [1;30mLevel 1[0m _identify(Scripts/led_serial) by extensions ['cmake', 'python']
[0.642s] [34mcolcon.colcon_core.package_identification[0m [1;30mLevel 1[0m _identify(Scripts/led_serial) by extension 'cmake'
[0.642s] [34mcolcon.colcon_core.package_identification[0m [1;30mLevel 1[0m _identify(Scripts/led_serial) by extension 'python'
[0.642s] [34mcolcon.colcon_core.package_identification[0m [1;30mLevel 1[0m _identify(Scripts/led_serial) by extensions ['python_setup_py']
[0.642s] [34mcolcon.colcon_core.package_identification[0m [1;30mLevel 1[0m _identify(Scripts/led_serial) by extension 'python_setup_py'
[0.642s] [34mcolcon.colcon_core.package_identification[0m [1;30mLevel 1[0m _identify(Scripts/motor_control) by extensions ['ignore', 'ignore_ament_install']
[0.642s] [34mcolcon.colcon_core.package_identification[0m [1;30mLevel 1[0m _identify(Scripts/motor_control) by extension 'ignore'
[0.642s] [34mcolcon.colcon_core.package_identification[0m [1;30mLevel 1[0m _identify(Scripts/motor_control) by extension 'ignore_ament_install'
[0.643s] [34mcolcon.colcon_core.package_identification[0m [1;30mLevel 1[0m _identify(Scripts/motor_control) by extensions ['colcon_pkg']
[0.643s] [34mcolcon.colcon_core.package_identification[0m [1;30mLevel 1[0m _identify(Scripts/motor_control) by extension 'colcon_pkg'
[0.643s] [34mcolcon.colcon_core.package_identification[0m [1;30mLevel 1[0m _identify(Scripts/motor_control) by extensions ['colcon_meta']
[0.643s] [34mcolcon.colcon_core.package_identification[0m [1;30mLevel 1[0m _identify(Scripts/motor_control) by extension 'colcon_meta'
[0.643s] [34mcolcon.colcon_core.package_identification[0m [1;30mLevel 1[0m _identify(Scripts/motor_control) by extensions ['ros']
[0.643s] [34mcolcon.colcon_core.package_identification[0m [1;30mLevel 1[0m _identify(Scripts/motor_control) by extension 'ros'
[0.643s] [34mcolcon.colcon_core.package_identification[0m [1;30mLevel 1[0m _identify(Scripts/motor_control) by extensions ['cmake', 'python']
[0.643s] [34mcolcon.colcon_core.package_identification[0m [1;30mLevel 1[0m _identify(Scripts/motor_control) by extension 'cmake'
[0.643s] [34mcolcon.colcon_core.package_identification[0m [1;30mLevel 1[0m _identify(Scripts/motor_control) by extension 'python'
[0.643s] [34mcolcon.colcon_core.package_identification[0m [1;30mLevel 1[0m _identify(Scripts/motor_control) by extensions ['python_setup_py']
[0.643s] [34mcolcon.colcon_core.package_identification[0m [1;30mLevel 1[0m _identify(Scripts/motor_control) by extension 'python_setup_py'
[0.644s] [34mcolcon.colcon_core.package_identification[0m [1;30mLevel 1[0m _identify(build) by extensions ['ignore', 'ignore_ament_install']
[0.644s] [34mcolcon.colcon_core.package_identification[0m [1;30mLevel 1[0m _identify(build) by extension 'ignore'
[0.644s] [34mcolcon.colcon_core.package_identification[0m [1;30mLevel 1[0m _identify(build) ignored
[0.644s] [34mcolcon.colcon_core.package_identification[0m [1;30mLevel 1[0m _identify(install) by extensions ['ignore', 'ignore_ament_install']
[0.644s] [34mcolcon.colcon_core.package_identification[0m [1;30mLevel 1[0m _identify(install) by extension 'ignore'
[0.644s] [34mcolcon.colcon_core.package_identification[0m [1;30mLevel 1[0m _identify(install) ignored
[0.645s] [34mcolcon.colcon_core.package_identification[0m [1;30mLevel 1[0m _identify(log) by extensions ['ignore', 'ignore_ament_install']
[0.645s] [34mcolcon.colcon_core.package_identification[0m [1;30mLevel 1[0m _identify(log) by extension 'ignore'
[0.645s] [34mcolcon.colcon_core.package_identification[0m [1;30mLevel 1[0m _identify(log) ignored
[0.645s] [34mcolcon.colcon_core.package_discovery[0m [1;30mLevel 1[0m discover_packages(recursive) using defaults
[0.645s] [34mcolcon.colcon_core.package_discovery[0m [1;30mLevel 1[0m discover_packages(ignore) discover
[0.645s] [34mcolcon.colcon_core.package_discovery[0m [1;30mLevel 1[0m discover_packages(ignore) using defaults
[0.645s] [34mcolcon.colcon_core.package_discovery[0m [1;30mLevel 1[0m discover_packages(path) discover
[0.645s] [34mcolcon.colcon_core.package_discovery[0m [1;30mLevel 1[0m discover_packages(path) using defaults
[0.708s] [34mcolcon.colcon_core.package_discovery[0m [1;30mLevel 1[0m discover_packages(prefix_path) check parameters
[0.708s] [34mcolcon.colcon_core.package_discovery[0m [1;30mLevel 1[0m discover_packages(prefix_path) discover
[0.713s] [34mcolcon.colcon_installed_package_information.package_discovery[0m [1;30mDEBUG[0m [32mFound 315 installed packages in /opt/ros/humble[0m
[0.716s] [34mcolcon.colcon_core.package_discovery[0m [1;30mLevel 1[0m discover_packages(prefix_path) using defaults
[0.797s] [34mcolcon.colcon_core.verb[0m [1;30mLevel 5[0m set package 'spider_interfaces' build argument 'cmake_args' from command line to 'None'
[0.797s] [34mcolcon.colcon_core.verb[0m [1;30mLevel 5[0m set package 'spider_interfaces' build argument 'cmake_target' from command line to 'None'
[0.797s] [34mcolcon.colcon_core.verb[0m [1;30mLevel 5[0m set package 'spider_interfaces' build argument 'cmake_target_skip_unavailable' from command line to 'False'
[0.797s] [34mcolcon.colcon_core.verb[0m [1;30mLevel 5[0m set package 'spider_interfaces' build argument 'cmake_clean_cache' from command line to 'False'
[0.798s] [34mcolcon.colcon_core.verb[0m [1;30mLevel 5[0m set package 'spider_interfaces' build argument 'cmake_clean_first' from command line to 'False'
[0.798s] [34mcolcon.colcon_core.verb[0m [1;30mLevel 5[0m set package 'spider_interfaces' build argument 'cmake_force_configure' from command line to 'False'
[0.798s] [34mcolcon.colcon_core.verb[0m [1;30mLevel 5[0m set package 'spider_interfaces' build argument 'ament_cmake_args' from command line to 'None'
[0.798s] [34mcolcon.colcon_core.verb[0m [1;30mLevel 5[0m set package 'spider_interfaces' build argument 'catkin_cmake_args' from command line to 'None'
[0.798s] [34mcolcon.colcon_core.verb[0m [1;30mLevel 5[0m set package 'spider_interfaces' build argument 'catkin_skip_building_tests' from command line to 'False'
[0.798s] [34mcolcon.colcon_core.verb[0m [1;30mDEBUG[0m [32mBuilding package 'spider_interfaces' with the following arguments: {'ament_cmake_args': None, 'build_base': '/home/alexcc/repos/SPIDER_25008/build/spider_interfaces', 'catkin_cmake_args': None, 'catkin_skip_building_tests': False, 'cmake_args': None, 'cmake_clean_cache': False, 'cmake_clean_first': False, 'cmake_force_configure': False, 'cmake_target': None, 'cmake_target_skip_unavailable': False, 'install_base': '/home/alexcc/repos/SPIDER_25008/install/spider_interfaces', 'merge_install': False, 'path': '/home/alexcc/repos/SPIDER_25008/SPIDER_ws/src/spider_interfaces', 'symlink_install': False, 'test_result_base': None}[0m
[0.799s] [34mcolcon.colcon_core.verb[0m [1;30mLevel 5[0m set package 'locomotion' build argument 'cmake_args' from command line to 'None'
[0.799s] [34mcolcon.colcon_core.verb[0m [1;30mLevel 5[0m set package 'locomotion' build argument 'cmake_target' from command line to 'None'
[0.799s] [34mcolcon.colcon_core.verb[0m [1;30mLevel 5[0m set package 'locomotion' build argument 'cmake_target_skip_unavailable' from command line to 'False'
[0.799s] [34mcolcon.colcon_core.verb[0m [1;30mLevel 5[0m set package 'locomotion' build argument 'cmake_clean_cache' from command line to 'False'
[0.799s] [34mcolcon.colcon_core.verb[0m [1;30mLevel 5[0m set package 'locomotion' build argument 'cmake_clean_first' from command line to 'False'
[0.799s] [34mcolcon.colcon_core.verb[0m [1;30mLevel 5[0m set package 'locomotion' build argument 'cmake_force_configure' from command line to 'False'
[0.799s] [34mcolcon.colcon_core.verb[0m [1;30mLevel 5[0m set package 'locomotion' build argument 'ament_cmake_args' from command line to 'None'
[0.799s] [34mcolcon.colcon_core.verb[0m [1;30mLevel 5[0m set package 'locomotion' build argument 'catkin_cmake_args' from command line to 'None'
[0.799s] [34mcolcon.colcon_core.verb[0m [1;30mLevel 5[0m set package 'locomotion' build argument 'catkin_skip_building_tests' from command line to 'False'
[0.799s] [34mcolcon.colcon_core.verb[0m [1;30mDEBUG[0m [32mBuilding package 'locomotion' with the following arguments: {'ament_cmake_args': None, 'build_base': '/home/alexcc/repos/SPIDER_25008/build/locomotion', 'catkin_cmake_args': None, 'catkin_skip_building_tests': False, 'cmake_args': None, 'cmake_clean_cache': False, 'cmake_clean_first': False, 'cmake_force_configure': False, 'cmake_target': None, 'cmake_target_skip_unavailable': False, 'install_base': '/home/alexcc/repos/SPIDER_25008/install/locomotion', 'merge_install': False, 'path': '/home/alexcc/repos/SPIDER_25008/SPIDER_ws/src/locomotion', 'symlink_install': False, 'test_result_base': None}[0m
[0.800s] [34mcolcon.colcon_core.verb[0m [1;30mLevel 5[0m set package 'weed_detection' build argument 'cmake_args' from command line to 'None'
[0.800s] [34mcolcon.colcon_core.verb[0m [1;30mLevel 5[0m set package 'weed_detection' build argument 'cmake_target' from command line to 'None'
[0.800s] [34mcolcon.colcon_core.verb[0m [1;30mLevel 5[0m set package 'weed_detection' build argument 'cmake_target_skip_unavailable' from command line to 'False'
[0.800s] [34mcolcon.colcon_core.verb[0m [1;30mLevel 5[0m set package 'weed_detection' build argument 'cmake_clean_cache' from command line to 'False'
[0.800s] [34mcolcon.colcon_core.verb[0m [1;30mLevel 5[0m set package 'weed_detection' build argument 'cmake_clean_first' from command line to 'False'
[0.800s] [34mcolcon.colcon_core.verb[0m [1;30mLevel 5[0m set package 'weed_detection' build argument 'cmake_force_configure' from command line to 'False'
[0.800s] [34mcolcon.colcon_core.verb[0m [1;30mLevel 5[0m set package 'weed_detection' build argument 'ament_cmake_args' from command line to 'None'
[0.800s] [34mcolcon.colcon_core.verb[0m [1;30mLevel 5[0m set package 'weed_detection' build argument 'catkin_cmake_args' from command line to 'None'
[0.800s] [34mcolcon.colcon_core.verb[0m [1;30mLevel 5[0m set package 'weed_detection' build argument 'catkin_skip_building_tests' from command line to 'False'
[0.800s] [34mcolcon.colcon_core.verb[0m [1;30mDEBUG[0m [32mBuilding package 'weed_detection' with the following arguments: {'ament_cmake_args': None, 'build_base': '/home/alexcc/repos/SPIDER_25008/build/weed_detection', 'catkin_cmake_args': None, 'catkin_skip_building_tests': False, 'cmake_args': None, 'cmake_clean_cache': False, 'cmake_clean_first': False, 'cmake_force_configure': False, 'cmake_target': None, 'cmake_target_skip_unavailable': False, 'install_base': '/home/alexcc/repos/SPIDER_25008/install/weed_detection', 'merge_install': False, 'path': '/home/alexcc/repos/SPIDER_25008/SPIDER_ws/src/weed_detection', 'symlink_install': False, 'test_result_base': None}[0m
[0.801s] [34mcolcon.colcon_core.verb[0m [1;30mLevel 5[0m set package 'spider_nav' build argument 'cmake_args' from command line to 'None'
[0.801s] [34mcolcon.colcon_core.verb[0m [1;30mLevel 5[0m set package 'spider_nav' build argument 'cmake_target' from command line to 'None'
[0.801s] [34mcolcon.colcon_core.verb[0m [1;30mLevel 5[0m set package 'spider_nav' build argument 'cmake_target_skip_unavailable' from command line to 'False'
[0.801s] [34mcolcon.colcon_core.verb[0m [1;30mLevel 5[0m set package 'spider_nav' build argument 'cmake_clean_cache' from command line to 'False'
[0.801s] [34mcolcon.colcon_core.verb[0m [1;30mLevel 5[0m set package 'spider_nav' build argument 'cmake_clean_first' from command line to 'False'
[0.801s] [34mcolcon.colcon_core.verb[0m [1;30mLevel 5[0m set package 'spider_nav' build argument 'cmake_force_configure' from command line to 'False'
[0.801s] [34mcolcon.colcon_core.verb[0m [1;30mLevel 5[0m set package 'spider_nav' build argument 'ament_cmake_args' from command line to 'None'
[0.801s] [34mcolcon.colcon_core.verb[0m [1;30mLevel 5[0m set package 'spider_nav' build argument 'catkin_cmake_args' from command line to 'None'
[0.801s] [34mcolcon.colcon_core.verb[0m [1;30mLevel 5[0m set package 'spider_nav' build argument 'catkin_skip_building_tests' from command line to 'False'
[0.801s] [34mcolcon.colcon_core.verb[0m [1;30mDEBUG[0m [32mBuilding package 'spider_nav' with the following arguments: {'ament_cmake_args': None, 'build_base': '/home/alexcc/repos/SPIDER_25008/build/spider_nav', 'catkin_cmake_args': None, 'catkin_skip_building_tests': False, 'cmake_args': None, 'cmake_clean_cache': False, 'cmake_clean_first': False, 'cmake_force_configure': False, 'cmake_target': None, 'cmake_target_skip_unavailable': False, 'install_base': '/home/alexcc/repos/SPIDER_25008/install/spider_nav', 'merge_install': False, 'path': '/home/alexcc/repos/SPIDER_25008/SPIDER_ws/src/spider_nav', 'symlink_install': False, 'test_result_base': None}[0m
[0.802s] [34mcolcon.colcon_core.verb[0m [1;30mLevel 5[0m set package 'data_transfer' build argument 'cmake_args' from command line to 'None'
[0.802s] [34mcolcon.colcon_core.verb[0m [1;30mLevel 5[0m set package 'data_transfer' build argument 'cmake_target' from command line to 'None'
[0.802s] [34mcolcon.colcon_core.verb[0m [1;30mLevel 5[0m set package 'data_transfer' build argument 'cmake_target_skip_unavailable' from command line to 'False'
[0.802s] [34mcolcon.colcon_core.verb[0m [1;30mLevel 5[0m set package 'data_transfer' build argument 'cmake_clean_cache' from command line to 'False'
[0.802s] [34mcolcon.colcon_core.verb[0m [1;30mLevel 5[0m set package 'data_transfer' build argument 'cmake_clean_first' from command line to 'False'
[0.802s] [34mcolcon.colcon_core.verb[0m [1;30mLevel 5[0m set package 'data_transfer' build argument 'cmake_force_configure' from command line to 'False'
[0.802s] [34mcolcon.colcon_core.verb[0m [1;30mLevel 5[0m set package 'data_transfer' build argument 'ament_cmake_args' from command line to 'None'
[0.803s] [34mcolcon.colcon_core.verb[0m [1;30mLevel 5[0m set package 'data_transfer' build argument 'catkin_cmake_args' from command line to 'None'
[0.803s] [34mcolcon.colcon_core.verb[0m [1;30mLevel 5[0m set package 'data_transfer' build argument 'catkin_skip_building_tests' from command line to 'False'
[0.803s] [34mcolcon.colcon_core.verb[0m [1;30mDEBUG[0m [32mBuilding package 'data_transfer' with the following arguments: {'ament_cmake_args': None, 'build_base': '/home/alexcc/repos/SPIDER_25008/build/data_transfer', 'catkin_cmake_args': None, 'catkin_skip_building_tests': False, 'cmake_args': None, 'cmake_clean_cache': False, 'cmake_clean_first': False, 'cmake_force_configure': False, 'cmake_target': None, 'cmake_target_skip_unavailable': False, 'install_base': '/home/alexcc/repos/SPIDER_25008/install/data_transfer', 'merge_install': False, 'path': '/home/alexcc/repos/SPIDER_25008/SPIDER_ws/src/data_transfer', 'symlink_install': False, 'test_result_base': None}[0m
[0.803s] [34mcolcon.colcon_core.executor[0m [1;30mINFO[0m Executing jobs using 'parallel' executor
[0.805s] [34mcolcon.colcon_parallel_executor.executor.parallel[0m [1;30mDEBUG[0m [32mrun_until_complete[0m
[0.806s] [34mcolcon.colcon_ros.task.ament_cmake.build[0m [1;30mINFO[0m Building ROS package in '/home/alexcc/repos/SPIDER_25008/SPIDER_ws/src/spider_interfaces' with build type 'ament_cmake'
[0.806s] [34mcolcon.colcon_cmake.task.cmake.build[0m [1;30mINFO[0m Building CMake package in '/home/alexcc/repos/SPIDER_25008/SPIDER_ws/src/spider_interfaces'
[0.810s] [34mcolcon.colcon_core.plugin_system[0m [1;30mINFO[0m Skipping extension 'colcon_core.shell.bat': Not used on non-Windows systems
[0.810s] [34mcolcon.colcon_core.shell[0m [1;30mINFO[0m Skip shell extension 'powershell' for command environment: Not usable outside of PowerShell
[0.811s] [34mcolcon.colcon_core.shell[0m [1;30mDEBUG[0m [32mSkip shell extension 'dsv' for command environment[0m
[0.829s] [34mcolcon.colcon_core.event_handler.log_command[0m [1;30mDEBUG[0m [32mInvoking command in '/home/alexcc/repos/SPIDER_25008/build/spider_interfaces': CMAKE_PREFIX_PATH=/opt/ros/humble /home/alexcc/.local/bin/cmake --build /home/alexcc/repos/SPIDER_25008/build/spider_interfaces -- -j6 -l6[0m
[5.728s] [34mcolcon.colcon_core.event_handler.log_command[0m [1;30mDEBUG[0m [32mInvoked command in '/home/alexcc/repos/SPIDER_25008/build/spider_interfaces' returned '0': CMAKE_PREFIX_PATH=/opt/ros/humble /home/alexcc/.local/bin/cmake --build /home/alexcc/repos/SPIDER_25008/build/spider_interfaces -- -j6 -l6[0m
[5.886s] [34mcolcon.colcon_core.event_handler.log_command[0m [1;30mDEBUG[0m [32mInvoking command in '/home/alexcc/repos/SPIDER_25008/build/spider_interfaces': CMAKE_PREFIX_PATH=/opt/ros/humble /home/alexcc/.local/bin/cmake --install /home/alexcc/repos/SPIDER_25008/build/spider_interfaces[0m
[6.168s] [34mcolcon.colcon_core.environment[0m [1;30mLevel 1[0m create_environment_scripts_only(spider_interfaces)
[6.170s] [34mcolcon.colcon_core.event_handler.log_command[0m [1;30mDEBUG[0m [32mInvoked command in '/home/alexcc/repos/SPIDER_25008/build/spider_interfaces' returned '0': CMAKE_PREFIX_PATH=/opt/ros/humble /home/alexcc/.local/bin/cmake --install /home/alexcc/repos/SPIDER_25008/build/spider_interfaces[0m
[6.184s] [34mcolcon.colcon_core.environment[0m [1;30mLevel 1[0m checking '/home/alexcc/repos/SPIDER_25008/install/spider_interfaces' for CMake module files
[6.186s] [34mcolcon.colcon_core.environment[0m [1;30mLevel 1[0m checking '/home/alexcc/repos/SPIDER_25008/install/spider_interfaces' for CMake config files
[6.187s] [34mcolcon.colcon_core.shell[0m [1;30mLevel 1[0m create_environment_hook('spider_interfaces', 'cmake_prefix_path')
[6.188s] [34mcolcon.colcon_core.shell[0m [1;30mINFO[0m Creating environment hook '/home/alexcc/repos/SPIDER_25008/install/spider_interfaces/share/spider_interfaces/hook/cmake_prefix_path.ps1'
[6.190s] [34mcolcon.colcon_core.shell[0m [1;30mINFO[0m Creating environment descriptor '/home/alexcc/repos/SPIDER_25008/install/spider_interfaces/share/spider_interfaces/hook/cmake_prefix_path.dsv'
[6.191s] [34mcolcon.colcon_core.shell[0m [1;30mINFO[0m Creating environment hook '/home/alexcc/repos/SPIDER_25008/install/spider_interfaces/share/spider_interfaces/hook/cmake_prefix_path.sh'
[6.194s] [34mcolcon.colcon_core.environment[0m [1;30mLevel 1[0m checking '/home/alexcc/repos/SPIDER_25008/install/spider_interfaces/lib'
[6.195s] [34mcolcon.colcon_core.shell[0m [1;30mLevel 1[0m create_environment_hook('spider_interfaces', 'ld_library_path_lib')
[6.196s] [34mcolcon.colcon_core.shell[0m [1;30mINFO[0m Creating environment hook '/home/alexcc/repos/SPIDER_25008/install/spider_interfaces/share/spider_interfaces/hook/ld_library_path_lib.ps1'
[6.197s] [34mcolcon.colcon_core.shell[0m [1;30mINFO[0m Creating environment descriptor '/home/alexcc/repos/SPIDER_25008/install/spider_interfaces/share/spider_interfaces/hook/ld_library_path_lib.dsv'
[6.198s] [34mcolcon.colcon_core.shell[0m [1;30mINFO[0m Creating environment hook '/home/alexcc/repos/SPIDER_25008/install/spider_interfaces/share/spider_interfaces/hook/ld_library_path_lib.sh'
[6.200s] [34mcolcon.colcon_core.environment[0m [1;30mLevel 1[0m checking '/home/alexcc/repos/SPIDER_25008/install/spider_interfaces/bin'
[6.200s] [34mcolcon.colcon_core.environment[0m [1;30mLevel 1[0m checking '/home/alexcc/repos/SPIDER_25008/install/spider_interfaces/lib/pkgconfig/spider_interfaces.pc'
[6.201s] [34mcolcon.colcon_core.environment[0m [1;30mLevel 1[0m checking '/home/alexcc/repos/SPIDER_25008/install/spider_interfaces/lib/python3.10/site-packages'
[6.202s] [34mcolcon.colcon_core.environment[0m [1;30mLevel 1[0m checking '/home/alexcc/repos/SPIDER_25008/install/spider_interfaces/bin'
[6.203s] [34mcolcon.colcon_core.shell[0m [1;30mINFO[0m Creating package script '/home/alexcc/repos/SPIDER_25008/install/spider_interfaces/share/spider_interfaces/package.ps1'
[6.207s] [34mcolcon.colcon_core.shell[0m [1;30mINFO[0m Creating package descriptor '/home/alexcc/repos/SPIDER_25008/install/spider_interfaces/share/spider_interfaces/package.dsv'
[6.210s] [34mcolcon.colcon_core.shell[0m [1;30mINFO[0m Creating package script '/home/alexcc/repos/SPIDER_25008/install/spider_interfaces/share/spider_interfaces/package.sh'
[6.213s] [34mcolcon.colcon_core.shell[0m [1;30mINFO[0m Creating package script '/home/alexcc/repos/SPIDER_25008/install/spider_interfaces/share/spider_interfaces/package.bash'
[6.216s] [34mcolcon.colcon_core.shell[0m [1;30mINFO[0m Creating package script '/home/alexcc/repos/SPIDER_25008/install/spider_interfaces/share/spider_interfaces/package.zsh'
[6.219s] [34mcolcon.colcon_core.environment[0m [1;30mLevel 1[0m create_file_with_runtime_dependencies(/home/alexcc/repos/SPIDER_25008/install/spider_interfaces/share/colcon-core/packages/spider_interfaces)
[6.221s] [34mcolcon.colcon_core.environment[0m [1;30mLevel 1[0m create_environment_scripts_only(spider_interfaces)
[6.222s] [34mcolcon.colcon_core.environment[0m [1;30mLevel 1[0m checking '/home/alexcc/repos/SPIDER_25008/install/spider_interfaces' for CMake module files
[6.224s] [34mcolcon.colcon_core.environment[0m [1;30mLevel 1[0m checking '/home/alexcc/repos/SPIDER_25008/install/spider_interfaces' for CMake config files
[6.227s] [34mcolcon.colcon_core.shell[0m [1;30mLevel 1[0m create_environment_hook('spider_interfaces', 'cmake_prefix_path')
[6.228s] [34mcolcon.colcon_core.shell[0m [1;30mINFO[0m Creating environment hook '/home/alexcc/repos/SPIDER_25008/install/spider_interfaces/share/spider_interfaces/hook/cmake_prefix_path.ps1'
[6.229s] [34mcolcon.colcon_core.shell[0m [1;30mINFO[0m Creating environment descriptor '/home/alexcc/repos/SPIDER_25008/install/spider_interfaces/share/spider_interfaces/hook/cmake_prefix_path.dsv'
[6.231s] [34mcolcon.colcon_core.shell[0m [1;30mINFO[0m Creating environment hook '/home/alexcc/repos/SPIDER_25008/install/spider_interfaces/share/spider_interfaces/hook/cmake_prefix_path.sh'
[6.233s] [34mcolcon.colcon_core.environment[0m [1;30mLevel 1[0m checking '/home/alexcc/repos/SPIDER_25008/install/spider_interfaces/lib'
[6.233s] [34mcolcon.colcon_core.shell[0m [1;30mLevel 1[0m create_environment_hook('spider_interfaces', 'ld_library_path_lib')
[6.234s] [34mcolcon.colcon_core.shell[0m [1;30mINFO[0m Creating environment hook '/home/alexcc/repos/SPIDER_25008/install/spider_interfaces/share/spider_interfaces/hook/ld_library_path_lib.ps1'
[6.235s] [34mcolcon.colcon_core.shell[0m [1;30mINFO[0m Creating environment descriptor '/home/alexcc/repos/SPIDER_25008/install/spider_interfaces/share/spider_interfaces/hook/ld_library_path_lib.dsv'
[6.237s] [34mcolcon.colcon_core.shell[0m [1;30mINFO[0m Creating environment hook '/home/alexcc/repos/SPIDER_25008/install/spider_interfaces/share/spider_interfaces/hook/ld_library_path_lib.sh'
[6.238s] [34mcolcon.colcon_core.environment[0m [1;30mLevel 1[0m checking '/home/alexcc/repos/SPIDER_25008/install/spider_interfaces/bin'
[6.239s] [34mcolcon.colcon_core.environment[0m [1;30mLevel 1[0m checking '/home/alexcc/repos/SPIDER_25008/install/spider_interfaces/lib/pkgconfig/spider_interfaces.pc'
[6.239s] [34mcolcon.colcon_core.environment[0m [1;30mLevel 1[0m checking '/home/alexcc/repos/SPIDER_25008/install/spider_interfaces/lib/python3.10/site-packages'
[6.240s] [34mcolcon.colcon_core.environment[0m [1;30mLevel 1[0m checking '/home/alexcc/repos/SPIDER_25008/install/spider_interfaces/bin'
[6.241s] [34mcolcon.colcon_core.shell[0m [1;30mINFO[0m Creating package script '/home/alexcc/repos/SPIDER_25008/install/spider_interfaces/share/spider_interfaces/package.ps1'
[6.243s] [34mcolcon.colcon_core.shell[0m [1;30mINFO[0m Creating package descriptor '/home/alexcc/repos/SPIDER_25008/install/spider_interfaces/share/spider_interfaces/package.dsv'
[6.245s] [34mcolcon.colcon_core.shell[0m [1;30mINFO[0m Creating package script '/home/alexcc/repos/SPIDER_25008/install/spider_interfaces/share/spider_interfaces/package.sh'
[6.246s] [34mcolcon.colcon_core.shell[0m [1;30mINFO[0m Creating package script '/home/alexcc/repos/SPIDER_25008/install/spider_interfaces/share/spider_interfaces/package.bash'
[6.248s] [34mcolcon.colcon_core.shell[0m [1;30mINFO[0m Creating package script '/home/alexcc/repos/SPIDER_25008/install/spider_interfaces/share/spider_interfaces/package.zsh'
[6.249s] [34mcolcon.colcon_core.environment[0m [1;30mLevel 1[0m create_file_with_runtime_dependencies(/home/alexcc/repos/SPIDER_25008/install/spider_interfaces/share/colcon-core/packages/spider_interfaces)
[6.250s] [34mcolcon.colcon_ros.task.ament_python.build[0m [1;30mINFO[0m Building ROS package in '/home/alexcc/repos/SPIDER_25008/SPIDER_ws/src/locomotion' with build type 'ament_python'
[6.251s] [34mcolcon.colcon_core.shell[0m [1;30mLevel 1[0m create_environment_hook('locomotion', 'ament_prefix_path')
[6.252s] [34mcolcon.colcon_core.shell[0m [1;30mINFO[0m Creating environment hook '/home/alexcc/repos/SPIDER_25008/install/locomotion/share/locomotion/hook/ament_prefix_path.ps1'
[6.254s] [34mcolcon.colcon_core.shell[0m [1;30mINFO[0m Creating environment descriptor '/home/alexcc/repos/SPIDER_25008/install/locomotion/share/locomotion/hook/ament_prefix_path.dsv'
[6.255s] [34mcolcon.colcon_core.shell[0m [1;30mINFO[0m Creating environment hook '/home/alexcc/repos/SPIDER_25008/install/locomotion/share/locomotion/hook/ament_prefix_path.sh'
[6.257s] [34mcolcon.colcon_core.shell[0m [1;30mINFO[0m Skip shell extension 'powershell' for command environment: Not usable outside of PowerShell
[6.257s] [34mcolcon.colcon_core.shell[0m [1;30mDEBUG[0m [32mSkip shell extension 'dsv' for command environment[0m
[6.266s] [34mcolcon.colcon_ros.task.ament_python.build[0m [1;30mINFO[0m Building ROS package in '/home/alexcc/repos/SPIDER_25008/SPIDER_ws/src/weed_detection' with build type 'ament_python'
[6.266s] [34mcolcon.colcon_core.shell[0m [1;30mLevel 1[0m create_environment_hook('weed_detection', 'ament_prefix_path')
[6.267s] [34mcolcon.colcon_core.shell[0m [1;30mINFO[0m Creating environment hook '/home/alexcc/repos/SPIDER_25008/install/weed_detection/share/weed_detection/hook/ament_prefix_path.ps1'
[6.269s] [34mcolcon.colcon_core.shell[0m [1;30mINFO[0m Creating environment descriptor '/home/alexcc/repos/SPIDER_25008/install/weed_detection/share/weed_detection/hook/ament_prefix_path.dsv'
[6.270s] [34mcolcon.colcon_core.shell[0m [1;30mINFO[0m Creating environment hook '/home/alexcc/repos/SPIDER_25008/install/weed_detection/share/weed_detection/hook/ament_prefix_path.sh'
[6.271s] [34mcolcon.colcon_core.shell[0m [1;30mINFO[0m Skip shell extension 'powershell' for command environment: Not usable outside of PowerShell
[6.271s] [34mcolcon.colcon_core.shell[0m [1;30mDEBUG[0m [32mSkip shell extension 'dsv' for command environment[0m
[6.823s] [34mcolcon.colcon_core.task.python.build[0m [1;30mINFO[0m Building Python package in '/home/alexcc/repos/SPIDER_25008/SPIDER_ws/src/locomotion'
[6.824s] [34mcolcon.colcon_core.shell[0m [1;30mINFO[0m Skip shell extension 'powershell' for command environment: Not usable outside of PowerShell
[6.824s] [34mcolcon.colcon_core.shell[0m [1;30mDEBUG[0m [32mSkip shell extension 'dsv' for command environment[0m
[7.387s] [34mcolcon.colcon_core.task.python.build[0m [1;30mINFO[0m Building Python package in '/home/alexcc/repos/SPIDER_25008/SPIDER_ws/src/weed_detection'
[7.388s] [34mcolcon.colcon_core.shell[0m [1;30mINFO[0m Skip shell extension 'powershell' for command environment: Not usable outside of PowerShell
[7.388s] [34mcolcon.colcon_core.shell[0m [1;30mDEBUG[0m [32mSkip shell extension 'dsv' for command environment[0m
[8.183s] [34mcolcon.colcon_core.event_handler.log_command[0m [1;30mDEBUG[0m [32mInvoking command in '/home/alexcc/repos/SPIDER_25008/SPIDER_ws/src/locomotion': AMENT_PREFIX_PATH=/home/alexcc/repos/SPIDER_25008/install/spider_interfaces:${AMENT_PREFIX_PATH} CMAKE_PREFIX_PATH=/home/alexcc/repos/SPIDER_25008/install/spider_interfaces LD_LIBRARY_PATH=/home/alexcc/repos/SPIDER_25008/install/spider_interfaces/lib:${LD_LIBRARY_PATH} PYTHONPATH=/home/alexcc/repos/SPIDER_25008/build/locomotion/prefix_override:/usr/lib/python3/dist-packages/colcon_core/task/python/colcon_distutils_commands:/home/alexcc/repos/SPIDER_25008/install/locomotion/lib/python3.10/site-packages:/home/alexcc/repos/SPIDER_25008/install/spider_interfaces/local/lib/python3.10/dist-packages:${PYTHONPATH} /usr/bin/python3 -W ignore:setup.py install is deprecated -W ignore:easy_install command is deprecated setup.py egg_info --egg-base ../../../build/locomotion build --build-base /home/alexcc/repos/SPIDER_25008/build/locomotion/build install --record /home/alexcc/repos/SPIDER_25008/build/locomotion/install.log --single-version-externally-managed install_data[0m
[8.190s] [34mcolcon.colcon_core.event_handler.log_command[0m [1;30mDEBUG[0m [32mInvoking command in '/home/alexcc/repos/SPIDER_25008/SPIDER_ws/src/weed_detection': AMENT_PREFIX_PATH=/home/alexcc/repos/SPIDER_25008/install/spider_interfaces:${AMENT_PREFIX_PATH} CMAKE_PREFIX_PATH=/home/alexcc/repos/SPIDER_25008/install/spider_interfaces LD_LIBRARY_PATH=/home/alexcc/repos/SPIDER_25008/install/spider_interfaces/lib:${LD_LIBRARY_PATH} PYTHONPATH=/home/alexcc/repos/SPIDER_25008/build/weed_detection/prefix_override:/usr/lib/python3/dist-packages/colcon_core/task/python/colcon_distutils_commands:/home/alexcc/repos/SPIDER_25008/install/weed_detection/lib/python3.10/site-packages:/home/alexcc/repos/SPIDER_25008/install/spider_interfaces/local/lib/python3.10/dist-packages:${PYTHONPATH} /usr/bin/python3 -W ignore:setup.py install is deprecated -W ignore:easy_install command is deprecated setup.py egg_info --egg-base ../../../build/weed_detection build --build-base /home/alexcc/repos/SPIDER_25008/build/weed_detection/build install --record /home/alexcc/repos/SPIDER_25008/build/weed_detection/install.log --single-version-externally-managed install_data[0m
[8.820s] [34mcolcon.colcon_core.environment[0m [1;30mLevel 1[0m checking '/home/alexcc/repos/SPIDER_25008/install/weed_detection' for CMake module files
[8.822s] [34mcolcon.colcon_core.event_handler.log_command[0m [1;30mDEBUG[0m [32mInvoked command in '/home/alexcc/repos/SPIDER_25008/SPIDER_ws/src/weed_detection' returned '0': AMENT_PREFIX_PATH=/home/alexcc/repos/SPIDER_25008/install/spider_interfaces:${AMENT_PREFIX_PATH} CMAKE_PREFIX_PATH=/home/alexcc/repos/SPIDER_25008/install/spider_interfaces LD_LIBRARY_PATH=/home/alexcc/repos/SPIDER_25008/install/spider_interfaces/lib:${LD_LIBRARY_PATH} PYTHONPATH=/home/alexcc/repos/SPIDER_25008/build/weed_detection/prefix_override:/usr/lib/python3/dist-packages/colcon_core/task/python/colcon_distutils_commands:/home/alexcc/repos/SPIDER_25008/install/weed_detection/lib/python3.10/site-packages:/home/alexcc/repos/SPIDER_25008/install/spider_interfaces/local/lib/python3.10/dist-packages:${PYTHONPATH} /usr/bin/python3 -W ignore:setup.py install is deprecated -W ignore:easy_install command is deprecated setup.py egg_info --egg-base ../../../build/weed_detection build --build-base /home/alexcc/repos/SPIDER_25008/build/weed_detection/build install --record /home/alexcc/repos/SPIDER_25008/build/weed_detection/install.log --single-version-externally-managed install_data[0m
[8.823s] [34mcolcon.colcon_core.environment[0m [1;30mLevel 1[0m checking '/home/alexcc/repos/SPIDER_25008/install/weed_detection' for CMake config files
[8.825s] [34mcolcon.colcon_core.environment[0m [1;30mLevel 1[0m checking '/home/alexcc/repos/SPIDER_25008/install/weed_detection/lib'
[8.825s] [34mcolcon.colcon_core.environment[0m [1;30mLevel 1[0m checking '/home/alexcc/repos/SPIDER_25008/install/weed_detection/bin'
[8.825s] [34mcolcon.colcon_core.environment[0m [1;30mLevel 1[0m checking '/home/alexcc/repos/SPIDER_25008/install/weed_detection/lib/pkgconfig/weed_detection.pc'
[8.826s] [34mcolcon.colcon_core.environment[0m [1;30mLevel 1[0m checking '/home/alexcc/repos/SPIDER_25008/install/weed_detection/lib/python3.10/site-packages'
[8.827s] [34mcolcon.colcon_core.shell[0m [1;30mLevel 1[0m create_environment_hook('weed_detection', 'pythonpath')
[8.827s] [34mcolcon.colcon_core.shell[0m [1;30mINFO[0m Creating environment hook '/home/alexcc/repos/SPIDER_25008/install/weed_detection/share/weed_detection/hook/pythonpath.ps1'
[8.829s] [34mcolcon.colcon_core.shell[0m [1;30mINFO[0m Creating environment descriptor '/home/alexcc/repos/SPIDER_25008/install/weed_detection/share/weed_detection/hook/pythonpath.dsv'
[8.830s] [34mcolcon.colcon_core.shell[0m [1;30mINFO[0m Creating environment hook '/home/alexcc/repos/SPIDER_25008/install/weed_detection/share/weed_detection/hook/pythonpath.sh'
[8.832s] [34mcolcon.colcon_core.environment[0m [1;30mLevel 1[0m checking '/home/alexcc/repos/SPIDER_25008/install/weed_detection/bin'
[8.832s] [34mcolcon.colcon_core.environment[0m [1;30mLevel 1[0m create_environment_scripts_only(weed_detection)
[8.833s] [34mcolcon.colcon_core.shell[0m [1;30mINFO[0m Creating package script '/home/alexcc/repos/SPIDER_25008/install/weed_detection/share/weed_detection/package.ps1'
[8.835s] [34mcolcon.colcon_core.shell[0m [1;30mINFO[0m Creating package descriptor '/home/alexcc/repos/SPIDER_25008/install/weed_detection/share/weed_detection/package.dsv'
[8.837s] [34mcolcon.colcon_core.shell[0m [1;30mINFO[0m Creating package script '/home/alexcc/repos/SPIDER_25008/install/weed_detection/share/weed_detection/package.sh'
[8.838s] [34mcolcon.colcon_core.shell[0m [1;30mINFO[0m Creating package script '/home/alexcc/repos/SPIDER_25008/install/weed_detection/share/weed_detection/package.bash'
[8.839s] [34mcolcon.colcon_core.shell[0m [1;30mINFO[0m Creating package script '/home/alexcc/repos/SPIDER_25008/install/weed_detection/share/weed_detection/package.zsh'
[8.840s] [34mcolcon.colcon_core.environment[0m [1;30mLevel 1[0m create_file_with_runtime_dependencies(/home/alexcc/repos/SPIDER_25008/install/weed_detection/share/colcon-core/packages/weed_detection)
[8.857s] [34mcolcon.colcon_core.environment[0m [1;30mLevel 1[0m checking '/home/alexcc/repos/SPIDER_25008/install/locomotion' for CMake module files
[8.860s] [34mcolcon.colcon_core.event_handler.log_command[0m [1;30mDEBUG[0m [32mInvoked command in '/home/alexcc/repos/SPIDER_25008/SPIDER_ws/src/locomotion' returned '0': AMENT_PREFIX_PATH=/home/alexcc/repos/SPIDER_25008/install/spider_interfaces:${AMENT_PREFIX_PATH} CMAKE_PREFIX_PATH=/home/alexcc/repos/SPIDER_25008/install/spider_interfaces LD_LIBRARY_PATH=/home/alexcc/repos/SPIDER_25008/install/spider_interfaces/lib:${LD_LIBRARY_PATH} PYTHONPATH=/home/alexcc/repos/SPIDER_25008/build/locomotion/prefix_override:/usr/lib/python3/dist-packages/colcon_core/task/python/colcon_distutils_commands:/home/alexcc/repos/SPIDER_25008/install/locomotion/lib/python3.10/site-packages:/home/alexcc/repos/SPIDER_25008/install/spider_interfaces/local/lib/python3.10/dist-packages:${PYTHONPATH} /usr/bin/python3 -W ignore:setup.py install is deprecated -W ignore:easy_install command is deprecated setup.py egg_info --egg-base ../../../build/locomotion build --build-base /home/alexcc/repos/SPIDER_25008/build/locomotion/build install --record /home/alexcc/repos/SPIDER_25008/build/locomotion/install.log --single-version-externally-managed install_data[0m
[8.861s] [34mcolcon.colcon_core.environment[0m [1;30mLevel 1[0m checking '/home/alexcc/repos/SPIDER_25008/install/locomotion' for CMake config files
[8.862s] [34mcolcon.colcon_core.environment[0m [1;30mLevel 1[0m checking '/home/alexcc/repos/SPIDER_25008/install/locomotion/lib'
[8.862s] [34mcolcon.colcon_core.environment[0m [1;30mLevel 1[0m checking '/home/alexcc/repos/SPIDER_25008/install/locomotion/bin'
[8.862s] [34mcolcon.colcon_core.environment[0m [1;30mLevel 1[0m checking '/home/alexcc/repos/SPIDER_25008/install/locomotion/lib/pkgconfig/locomotion.pc'
[8.863s] [34mcolcon.colcon_core.environment[0m [1;30mLevel 1[0m checking '/home/alexcc/repos/SPIDER_25008/install/locomotion/lib/python3.10/site-packages'
[8.863s] [34mcolcon.colcon_core.shell[0m [1;30mLevel 1[0m create_environment_hook('locomotion', 'pythonpath')
[8.863s] [34mcolcon.colcon_core.shell[0m [1;30mINFO[0m Creating environment hook '/home/alexcc/repos/SPIDER_25008/install/locomotion/share/locomotion/hook/pythonpath.ps1'
[8.865s] [34mcolcon.colcon_core.shell[0m [1;30mINFO[0m Creating environment descriptor '/home/alexcc/repos/SPIDER_25008/install/locomotion/share/locomotion/hook/pythonpath.dsv'
[8.865s] [34mcolcon.colcon_core.shell[0m [1;30mINFO[0m Creating environment hook '/home/alexcc/repos/SPIDER_25008/install/locomotion/share/locomotion/hook/pythonpath.sh'
[8.866s] [34mcolcon.colcon_core.environment[0m [1;30mLevel 1[0m checking '/home/alexcc/repos/SPIDER_25008/install/locomotion/bin'
[8.867s] [34mcolcon.colcon_core.environment[0m [1;30mLevel 1[0m create_environment_scripts_only(locomotion)
[8.867s] [34mcolcon.colcon_core.shell[0m [1;30mINFO[0m Creating package script '/home/alexcc/repos/SPIDER_25008/install/locomotion/share/locomotion/package.ps1'
[8.868s] [34mcolcon.colcon_core.shell[0m [1;30mINFO[0m Creating package descriptor '/home/alexcc/repos/SPIDER_25008/install/locomotion/share/locomotion/package.dsv'
[8.869s] [34mcolcon.colcon_core.shell[0m [1;30mINFO[0m Creating package script '/home/alexcc/repos/SPIDER_25008/install/locomotion/share/locomotion/package.sh'
[8.870s] [34mcolcon.colcon_core.shell[0m [1;30mINFO[0m Creating package script '/home/alexcc/repos/SPIDER_25008/install/locomotion/share/locomotion/package.bash'
[8.871s] [34mcolcon.colcon_core.shell[0m [1;30mINFO[0m Creating package script '/home/alexcc/repos/SPIDER_25008/install/locomotion/share/locomotion/package.zsh'
[8.871s] [34mcolcon.colcon_core.environment[0m [1;30mLevel 1[0m create_file_with_runtime_dependencies(/home/alexcc/repos/SPIDER_25008/install/locomotion/share/colcon-core/packages/locomotion)
[8.872s] [34mcolcon.colcon_ros.task.ament_python.build[0m [1;30mINFO[0m Building ROS package in '/home/alexcc/repos/SPIDER_25008/SPIDER_ws/src/spider_nav' with build type 'ament_python'
[8.873s] [34mcolcon.colcon_core.shell[0m [1;30mLevel 1[0m create_environment_hook('spider_nav', 'ament_prefix_path')
[8.874s] [34mcolcon.colcon_core.shell[0m [1;30mINFO[0m Creating environment hook '/home/alexcc/repos/SPIDER_25008/install/spider_nav/share/spider_nav/hook/ament_prefix_path.ps1'
[8.876s] [34mcolcon.colcon_core.shell[0m [1;30mINFO[0m Creating environment descriptor '/home/alexcc/repos/SPIDER_25008/install/spider_nav/share/spider_nav/hook/ament_prefix_path.dsv'
[8.878s] [34mcolcon.colcon_core.shell[0m [1;30mINFO[0m Creating environment hook '/home/alexcc/repos/SPIDER_25008/install/spider_nav/share/spider_nav/hook/ament_prefix_path.sh'
[8.880s] [34mcolcon.colcon_core.shell[0m [1;30mINFO[0m Skip shell extension 'powershell' for command environment: Not usable outside of PowerShell
[8.880s] [34mcolcon.colcon_core.shell[0m [1;30mDEBUG[0m [32mSkip shell extension 'dsv' for command environment[0m
[9.456s] [34mcolcon.colcon_core.task.python.build[0m [1;30mINFO[0m Building Python package in '/home/alexcc/repos/SPIDER_25008/SPIDER_ws/src/spider_nav'
[9.457s] [34mcolcon.colcon_core.shell[0m [1;30mINFO[0m Skip shell extension 'powershell' for command environment: Not usable outside of PowerShell
[9.457s] [34mcolcon.colcon_core.shell[0m [1;30mDEBUG[0m [32mSkip shell extension 'dsv' for command environment[0m
[10.233s] [34mcolcon.colcon_core.event_handler.log_command[0m [1;30mDEBUG[0m [32mInvoking command in '/home/alexcc/repos/SPIDER_25008/SPIDER_ws/src/spider_nav': AMENT_PREFIX_PATH=/home/alexcc/repos/SPIDER_25008/install/locomotion:/home/alexcc/repos/SPIDER_25008/install/spider_interfaces:${AMENT_PREFIX_PATH} CMAKE_PREFIX_PATH=/home/alexcc/repos/SPIDER_25008/install/spider_interfaces LD_LIBRARY_PATH=/home/alexcc/repos/SPIDER_25008/install/spider_interfaces/lib:${LD_LIBRARY_PATH} PYTHONPATH=/home/alexcc/repos/SPIDER_25008/build/spider_nav/prefix_override:/usr/lib/python3/dist-packages/colcon_core/task/python/colcon_distutils_commands:/home/alexcc/repos/SPIDER_25008/install/spider_nav/lib/python3.10/site-packages:/home/alexcc/repos/SPIDER_25008/install/locomotion/lib/python3.10/site-packages:/home/alexcc/repos/SPIDER_25008/install/spider_interfaces/local/lib/python3.10/dist-packages:${PYTHONPATH} /usr/bin/python3 -W ignore:setup.py install is deprecated -W ignore:easy_install command is deprecated setup.py egg_info --egg-base ../../../build/spider_nav build --build-base /home/alexcc/repos/SPIDER_25008/build/spider_nav/build install --record /home/alexcc/repos/SPIDER_25008/build/spider_nav/install.log --single-version-externally-managed install_data[0m
[10.888s] [34mcolcon.colcon_core.environment[0m [1;30mLevel 1[0m checking '/home/alexcc/repos/SPIDER_25008/install/spider_nav' for CMake module files
[10.890s] [34mcolcon.colcon_core.event_handler.log_command[0m [1;30mDEBUG[0m [32mInvoked command in '/home/alexcc/repos/SPIDER_25008/SPIDER_ws/src/spider_nav' returned '0': AMENT_PREFIX_PATH=/home/alexcc/repos/SPIDER_25008/install/locomotion:/home/alexcc/repos/SPIDER_25008/install/spider_interfaces:${AMENT_PREFIX_PATH} CMAKE_PREFIX_PATH=/home/alexcc/repos/SPIDER_25008/install/spider_interfaces LD_LIBRARY_PATH=/home/alexcc/repos/SPIDER_25008/install/spider_interfaces/lib:${LD_LIBRARY_PATH} PYTHONPATH=/home/alexcc/repos/SPIDER_25008/build/spider_nav/prefix_override:/usr/lib/python3/dist-packages/colcon_core/task/python/colcon_distutils_commands:/home/alexcc/repos/SPIDER_25008/install/spider_nav/lib/python3.10/site-packages:/home/alexcc/repos/SPIDER_25008/install/locomotion/lib/python3.10/site-packages:/home/alexcc/repos/SPIDER_25008/install/spider_interfaces/local/lib/python3.10/dist-packages:${PYTHONPATH} /usr/bin/python3 -W ignore:setup.py install is deprecated -W ignore:easy_install command is deprecated setup.py egg_info --egg-base ../../../build/spider_nav build --build-base /home/alexcc/repos/SPIDER_25008/build/spider_nav/build install --record /home/alexcc/repos/SPIDER_25008/build/spider_nav/install.log --single-version-externally-managed install_data[0m
[10.891s] [34mcolcon.colcon_core.environment[0m [1;30mLevel 1[0m checking '/home/alexcc/repos/SPIDER_25008/install/spider_nav' for CMake config files
[10.894s] [34mcolcon.colcon_core.environment[0m [1;30mLevel 1[0m checking '/home/alexcc/repos/SPIDER_25008/install/spider_nav/lib'
[10.894s] [34mcolcon.colcon_core.environment[0m [1;30mLevel 1[0m checking '/home/alexcc/repos/SPIDER_25008/install/spider_nav/bin'
[10.894s] [34mcolcon.colcon_core.environment[0m [1;30mLevel 1[0m checking '/home/alexcc/repos/SPIDER_25008/install/spider_nav/lib/pkgconfig/spider_nav.pc'
[10.895s] [34mcolcon.colcon_core.environment[0m [1;30mLevel 1[0m checking '/home/alexcc/repos/SPIDER_25008/install/spider_nav/lib/python3.10/site-packages'
[10.896s] [34mcolcon.colcon_core.shell[0m [1;30mLevel 1[0m create_environment_hook('spider_nav', 'pythonpath')
[10.896s] [34mcolcon.colcon_core.shell[0m [1;30mINFO[0m Creating environment hook '/home/alexcc/repos/SPIDER_25008/install/spider_nav/share/spider_nav/hook/pythonpath.ps1'
[10.898s] [34mcolcon.colcon_core.shell[0m [1;30mINFO[0m Creating environment descriptor '/home/alexcc/repos/SPIDER_25008/install/spider_nav/share/spider_nav/hook/pythonpath.dsv'
[10.900s] [34mcolcon.colcon_core.shell[0m [1;30mINFO[0m Creating environment hook '/home/alexcc/repos/SPIDER_25008/install/spider_nav/share/spider_nav/hook/pythonpath.sh'
[10.902s] [34mcolcon.colcon_core.environment[0m [1;30mLevel 1[0m checking '/home/alexcc/repos/SPIDER_25008/install/spider_nav/bin'
[10.902s] [34mcolcon.colcon_core.environment[0m [1;30mLevel 1[0m create_environment_scripts_only(spider_nav)
[10.903s] [34mcolcon.colcon_core.shell[0m [1;30mINFO[0m Creating package script '/home/alexcc/repos/SPIDER_25008/install/spider_nav/share/spider_nav/package.ps1'
[10.905s] [34mcolcon.colcon_core.shell[0m [1;30mINFO[0m Creating package descriptor '/home/alexcc/repos/SPIDER_25008/install/spider_nav/share/spider_nav/package.dsv'
[10.906s] [34mcolcon.colcon_core.shell[0m [1;30mINFO[0m Creating package script '/home/alexcc/repos/SPIDER_25008/install/spider_nav/share/spider_nav/package.sh'
[10.908s] [34mcolcon.colcon_core.shell[0m [1;30mINFO[0m Creating package script '/home/alexcc/repos/SPIDER_25008/install/spider_nav/share/spider_nav/package.bash'
[10.909s] [34mcolcon.colcon_core.shell[0m [1;30mINFO[0m Creating package script '/home/alexcc/repos/SPIDER_25008/install/spider_nav/share/spider_nav/package.zsh'
[10.910s] [34mcolcon.colcon_core.environment[0m [1;30mLevel 1[0m create_file_with_runtime_dependencies(/home/alexcc/repos/SPIDER_25008/install/spider_nav/share/colcon-core/packages/spider_nav)
[10.912s] [34mcolcon.colcon_ros.task.ament_python.build[0m [1;30mINFO[0m Building ROS package in '/home/alexcc/repos/SPIDER_25008/SPIDER_ws/src/data_transfer' with build type 'ament_python'
[10.913s] [34mcolcon.colcon_core.shell[0m [1;30mLevel 1[0m create_environment_hook('data_transfer', 'ament_prefix_path')
[10.914s] [34mcolcon.colcon_core.shell[0m [1;30mINFO[0m Creating environment hook '/home/alexcc/repos/SPIDER_25008/install/data_transfer/share/data_transfer/hook/ament_prefix_path.ps1'
[10.917s] [34mcolcon.colcon_core.shell[0m [1;30mINFO[0m Creating environment descriptor '/home/alexcc/repos/SPIDER_25008/install/data_transfer/share/data_transfer/hook/ament_prefix_path.dsv'
[10.918s] [34mcolcon.colcon_core.shell[0m [1;30mINFO[0m Creating environment hook '/home/alexcc/repos/SPIDER_25008/install/data_transfer/share/data_transfer/hook/ament_prefix_path.sh'
[10.920s] [34mcolcon.colcon_core.shell[0m [1;30mINFO[0m Skip shell extension 'powershell' for command environment: Not usable outside of PowerShell
[10.920s] [34mcolcon.colcon_core.shell[0m [1;30mDEBUG[0m [32mSkip shell extension 'dsv' for command environment[0m
[11.509s] [34mcolcon.colcon_core.task.python.build[0m [1;30mINFO[0m Building Python package in '/home/alexcc/repos/SPIDER_25008/SPIDER_ws/src/data_transfer'
[11.510s] [34mcolcon.colcon_core.shell[0m [1;30mINFO[0m Skip shell extension 'powershell' for command environment: Not usable outside of PowerShell
[11.510s] [34mcolcon.colcon_core.shell[0m [1;30mDEBUG[0m [32mSkip shell extension 'dsv' for command environment[0m
[12.290s] [34mcolcon.colcon_core.event_handler.log_command[0m [1;30mDEBUG[0m [32mInvoking command in '/home/alexcc/repos/SPIDER_25008/SPIDER_ws/src/data_transfer': AMENT_PREFIX_PATH=/home/alexcc/repos/SPIDER_25008/install/spider_nav:/home/alexcc/repos/SPIDER_25008/install/locomotion:/home/alexcc/repos/SPIDER_25008/install/spider_interfaces:${AMENT_PREFIX_PATH} CMAKE_PREFIX_PATH=/home/alexcc/repos/SPIDER_25008/install/spider_interfaces LD_LIBRARY_PATH=/home/alexcc/repos/SPIDER_25008/install/spider_interfaces/lib:${LD_LIBRARY_PATH} PYTHONPATH=/home/alexcc/repos/SPIDER_25008/build/data_transfer/prefix_override:/usr/lib/python3/dist-packages/colcon_core/task/python/colcon_distutils_commands:/home/alexcc/repos/SPIDER_25008/install/data_transfer/lib/python3.10/site-packages:/home/alexcc/repos/SPIDER_25008/install/spider_nav/lib/python3.10/site-packages:/home/alexcc/repos/SPIDER_25008/install/locomotion/lib/python3.10/site-packages:/home/alexcc/repos/SPIDER_25008/install/spider_interfaces/local/lib/python3.10/dist-packages:${PYTHONPATH} /usr/bin/python3 -W ignore:setup.py install is deprecated -W ignore:easy_install command is deprecated setup.py egg_info --egg-base ../../../build/data_transfer build --build-base /home/alexcc/repos/SPIDER_25008/build/data_transfer/build install --record /home/alexcc/repos/SPIDER_25008/build/data_transfer/install.log --single-version-externally-managed install_data[0m
[12.930s] [34mcolcon.colcon_core.environment[0m [1;30mLevel 1[0m checking '/home/alexcc/repos/SPIDER_25008/install/data_transfer' for CMake module files
[12.932s] [34mcolcon.colcon_core.event_handler.log_command[0m [1;30mDEBUG[0m [32mInvoked command in '/home/alexcc/repos/SPIDER_25008/SPIDER_ws/src/data_transfer' returned '0': AMENT_PREFIX_PATH=/home/alexcc/repos/SPIDER_25008/install/spider_nav:/home/alexcc/repos/SPIDER_25008/install/locomotion:/home/alexcc/repos/SPIDER_25008/install/spider_interfaces:${AMENT_PREFIX_PATH} CMAKE_PREFIX_PATH=/home/alexcc/repos/SPIDER_25008/install/spider_interfaces LD_LIBRARY_PATH=/home/alexcc/repos/SPIDER_25008/install/spider_interfaces/lib:${LD_LIBRARY_PATH} PYTHONPATH=/home/alexcc/repos/SPIDER_25008/build/data_transfer/prefix_override:/usr/lib/python3/dist-packages/colcon_core/task/python/colcon_distutils_commands:/home/alexcc/repos/SPIDER_25008/install/data_transfer/lib/python3.10/site-packages:/home/alexcc/repos/SPIDER_25008/install/spider_nav/lib/python3.10/site-packages:/home/alexcc/repos/SPIDER_25008/install/locomotion/lib/python3.10/site-packages:/home/alexcc/repos/SPIDER_25008/install/spider_interfaces/local/lib/python3.10/dist-packages:${PYTHONPATH} /usr/bin/python3 -W ignore:setup.py install is deprecated -W ignore:easy_install command is deprecated setup.py egg_info --egg-base ../../../build/data_transfer build --build-base /home/alexcc/repos/SPIDER_25008/build/data_transfer/build install --record /home/alexcc/repos/SPIDER_25008/build/data_transfer/install.log --single-version-externally-managed install_data[0m
[12.933s] [34mcolcon.colcon_core.environment[0m [1;30mLevel 1[0m checking '/home/alexcc/repos/SPIDER_25008/install/data_transfer' for CMake config files
[12.935s] [34mcolcon.colcon_core.environment[0m [1;30mLevel 1[0m checking '/home/alexcc/repos/SPIDER_25008/install/data_transfer/lib'
[12.936s] [34mcolcon.colcon_core.environment[0m [1;30mLevel 1[0m checking '/home/alexcc/repos/SPIDER_25008/install/data_transfer/bin'
[12.936s] [34mcolcon.colcon_core.environment[0m [1;30mLevel 1[0m checking '/home/alexcc/repos/SPIDER_25008/install/data_transfer/lib/pkgconfig/data_transfer.pc'
[12.937s] [34mcolcon.colcon_core.environment[0m [1;30mLevel 1[0m checking '/home/alexcc/repos/SPIDER_25008/install/data_transfer/lib/python3.10/site-packages'
[12.937s] [34mcolcon.colcon_core.shell[0m [1;30mLevel 1[0m create_environment_hook('data_transfer', 'pythonpath')
[12.938s] [34mcolcon.colcon_core.shell[0m [1;30mINFO[0m Creating environment hook '/home/alexcc/repos/SPIDER_25008/install/data_transfer/share/data_transfer/hook/pythonpath.ps1'
[12.940s] [34mcolcon.colcon_core.shell[0m [1;30mINFO[0m Creating environment descriptor '/home/alexcc/repos/SPIDER_25008/install/data_transfer/share/data_transfer/hook/pythonpath.dsv'
[12.941s] [34mcolcon.colcon_core.shell[0m [1;30mINFO[0m Creating environment hook '/home/alexcc/repos/SPIDER_25008/install/data_transfer/share/data_transfer/hook/pythonpath.sh'
[12.943s] [34mcolcon.colcon_core.environment[0m [1;30mLevel 1[0m checking '/home/alexcc/repos/SPIDER_25008/install/data_transfer/bin'
[12.944s] [34mcolcon.colcon_core.environment[0m [1;30mLevel 1[0m create_environment_scripts_only(data_transfer)
[12.945s] [34mcolcon.colcon_core.shell[0m [1;30mINFO[0m Creating package script '/home/alexcc/repos/SPIDER_25008/install/data_transfer/share/data_transfer/package.ps1'
[12.947s] [34mcolcon.colcon_core.shell[0m [1;30mINFO[0m Creating package descriptor '/home/alexcc/repos/SPIDER_25008/install/data_transfer/share/data_transfer/package.dsv'
[12.948s] [34mcolcon.colcon_core.shell[0m [1;30mINFO[0m Creating package script '/home/alexcc/repos/SPIDER_25008/install/data_transfer/share/data_transfer/package.sh'
[12.950s] [34mcolcon.colcon_core.shell[0m [1;30mINFO[0m Creating package script '/home/alexcc/repos/SPIDER_25008/install/data_transfer/share/data_transfer/package.bash'
[12.951s] [34mcolcon.colcon_core.shell[0m [1;30mINFO[0m Creating package script '/home/alexcc/repos/SPIDER_25008/install/data_transfer/share/data_transfer/package.zsh'
[12.952s] [34mcolcon.colcon_core.environment[0m [1;30mLevel 1[0m create_file_with_runtime_dependencies(/home/alexcc/repos/SPIDER_25008/install/data_transfer/share/colcon-core/packages/data_transfer)
[12.954s] [34mcolcon.colcon_parallel_executor.executor.parallel[0m [1;30mDEBUG[0m [32mclosing loop[0m
[12.955s] [34mcolcon.colcon_parallel_executor.executor.parallel[0m [1;30mDEBUG[0m [32mloop closed[0m
[12.955s] [34mcolcon.colcon_parallel_executor.executor.parallel[0m [1;30mDEBUG[0m [32mrun_until_complete finished with '0'[0m
[12.956s] [34mcolcon.colcon_core.event_reactor[0m [1;30mDEBUG[0m [32mjoining thread[0m
[12.978s] [34mcolcon.colcon_core.plugin_system[0m [1;30mINFO[0m Skipping extension 'colcon_notification.desktop_notification.terminal_notifier': Not used on non-Darwin systems
[12.979s] [34mcolcon.colcon_core.plugin_system[0m [1;30mINFO[0m Skipping extension 'colcon_notification.desktop_notification.win32': Not used on non-Windows systems
[12.979s] [34mcolcon.colcon_notification.desktop_notification[0m [1;30mINFO[0m Sending desktop notification using 'notify2'
[13.026s] [34mcolcon.colcon_core.event_reactor[0m [1;30mDEBUG[0m [32mjoined thread[0m
[13.028s] [34mcolcon.colcon_core.shell[0m [1;30mINFO[0m Creating prefix script '/home/alexcc/repos/SPIDER_25008/install/local_setup.ps1'
[13.032s] [34mcolcon.colcon_core.shell[0m [1;30mINFO[0m Creating prefix util module '/home/alexcc/repos/SPIDER_25008/install/_local_setup_util_ps1.py'
[13.037s] [34mcolcon.colcon_core.shell[0m [1;30mINFO[0m Creating prefix chain script '/home/alexcc/repos/SPIDER_25008/install/setup.ps1'
[13.040s] [34mcolcon.colcon_core.shell[0m [1;30mINFO[0m Creating prefix script '/home/alexcc/repos/SPIDER_25008/install/local_setup.sh'
[13.041s] [34mcolcon.colcon_core.shell[0m [1;30mINFO[0m Creating prefix util module '/home/alexcc/repos/SPIDER_25008/install/_local_setup_util_sh.py'
[13.042s] [34mcolcon.colcon_core.shell[0m [1;30mINFO[0m Creating prefix chain script '/home/alexcc/repos/SPIDER_25008/install/setup.sh'
[13.045s] [34mcolcon.colcon_core.shell[0m [1;30mINFO[0m Creating prefix script '/home/alexcc/repos/SPIDER_25008/install/local_setup.bash'
[13.047s] [34mcolcon.colcon_core.shell[0m [1;30mINFO[0m Creating prefix chain script '/home/alexcc/repos/SPIDER_25008/install/setup.bash'
[13.049s] [34mcolcon.colcon_core.shell[0m [1;30mINFO[0m Creating prefix script '/home/alexcc/repos/SPIDER_25008/install/local_setup.zsh'
[13.051s] [34mcolcon.colcon_core.shell[0m [1;30mINFO[0m Creating prefix chain script '/home/alexcc/repos/SPIDER_25008/install/setup.zsh'
