[1.395s] Invoking command in '/home/alexcc/repos/SPIDER_25008/SPIDER_ws/build/data_transfer': AMENT_PREFIX_PATH=/home/alexcc/repos/SPIDER_25008/SPIDER_ws/install/spider_nav:/home/alexcc/repos/SPIDER_25008/SPIDER_ws/install/locomotion:/home/alexcc/repos/SPIDER_25008/SPIDER_ws/install/data_transfer:/home/alexcc/repos/SPIDER_25008/SPIDER_ws/install/spider_interfaces:/home/alexcc/repos/SPIDER_25008/SPIDER_ws/install/spider_description:/home/alexcc/repos/SPIDER_25008/SPIDER_ws/install/oak_d_lite:/home/alexcc/repos/SPIDER_25008/SPIDER_ws/install/nav2_gps_waypoint_follower_demo:/opt/ros/humble PYTHONPATH=/home/alexcc/repos/SPIDER_25008/SPIDER_ws/build/data_transfer/prefix_override:/usr/lib/python3/dist-packages/colcon_core/task/python/colcon_distutils_commands:/home/alexcc/repos/SPIDER_25008/SPIDER_ws/install/data_transfer/lib/python3.10/site-packages:/home/alexcc/repos/SPIDER_25008/SPIDER_ws/build/spider_nav:/home/alexcc/repos/SPIDER_25008/SPIDER_ws/install/spider_nav/lib/python3.10/site-packages:/home/alexcc/repos/SPIDER_25008/SPIDER_ws/build/locomotion:/home/alexcc/repos/SPIDER_25008/SPIDER_ws/install/locomotion/lib/python3.10/site-packages:${PYTHONPATH} /usr/bin/python3 -W ignore:setup.py install is deprecated -W ignore:easy_install command is deprecated setup.py develop --editable --build-directory /home/alexcc/repos/SPIDER_25008/SPIDER_ws/build/data_transfer/build --no-deps symlink_data
[1.925s] running develop
[2.210s] running egg_info
[2.210s] creating data_transfer.egg-info
[2.211s] writing data_transfer.egg-info/PKG-INFO
[2.211s] writing dependency_links to data_transfer.egg-info/dependency_links.txt
[2.211s] writing entry points to data_transfer.egg-info/entry_points.txt
[2.212s] writing requirements to data_transfer.egg-info/requires.txt
[2.212s] writing top-level names to data_transfer.egg-info/top_level.txt
[2.212s] writing manifest file 'data_transfer.egg-info/SOURCES.txt'
[2.215s] reading manifest file 'data_transfer.egg-info/SOURCES.txt'
[2.217s] writing manifest file 'data_transfer.egg-info/SOURCES.txt'
[2.220s] running build_ext
[2.220s] Creating /home/alexcc/repos/SPIDER_25008/SPIDER_ws/install/data_transfer/lib/python3.10/site-packages/data-transfer.egg-link (link to .)
[2.222s] Installing listener script to /home/alexcc/repos/SPIDER_25008/SPIDER_ws/install/data_transfer/lib/data_transfer
[2.222s] Installing talker script to /home/alexcc/repos/SPIDER_25008/SPIDER_ws/install/data_transfer/lib/data_transfer
[2.223s] 
[2.223s] Installed /home/alexcc/repos/SPIDER_25008/SPIDER_ws/build/data_transfer
[2.223s] running symlink_data
[2.224s] symbolically linking /home/alexcc/repos/SPIDER_25008/SPIDER_ws/build/data_transfer/resource/data_transfer -> /home/alexcc/repos/SPIDER_25008/SPIDER_ws/install/data_transfer/share/ament_index/resource_index/packages
[2.225s] error: [Errno 17] File exists: '/home/alexcc/repos/SPIDER_25008/SPIDER_ws/build/data_transfer/resource/data_transfer' -> '/home/alexcc/repos/SPIDER_25008/SPIDER_ws/install/data_transfer/share/ament_index/resource_index/packages/data_transfer'
[2.303s] Invoked command in '/home/alexcc/repos/SPIDER_25008/SPIDER_ws/build/data_transfer' returned '1': AMENT_PREFIX_PATH=/home/alexcc/repos/SPIDER_25008/SPIDER_ws/install/spider_nav:/home/alexcc/repos/SPIDER_25008/SPIDER_ws/install/locomotion:/home/alexcc/repos/SPIDER_25008/SPIDER_ws/install/data_transfer:/home/alexcc/repos/SPIDER_25008/SPIDER_ws/install/spider_interfaces:/home/alexcc/repos/SPIDER_25008/SPIDER_ws/install/spider_description:/home/alexcc/repos/SPIDER_25008/SPIDER_ws/install/oak_d_lite:/home/alexcc/repos/SPIDER_25008/SPIDER_ws/install/nav2_gps_waypoint_follower_demo:/opt/ros/humble PYTHONPATH=/home/alexcc/repos/SPIDER_25008/SPIDER_ws/build/data_transfer/prefix_override:/usr/lib/python3/dist-packages/colcon_core/task/python/colcon_distutils_commands:/home/alexcc/repos/SPIDER_25008/SPIDER_ws/install/data_transfer/lib/python3.10/site-packages:/home/alexcc/repos/SPIDER_25008/SPIDER_ws/build/spider_nav:/home/alexcc/repos/SPIDER_25008/SPIDER_ws/install/spider_nav/lib/python3.10/site-packages:/home/alexcc/repos/SPIDER_25008/SPIDER_ws/build/locomotion:/home/alexcc/repos/SPIDER_25008/SPIDER_ws/install/locomotion/lib/python3.10/site-packages:${PYTHONPATH} /usr/bin/python3 -W ignore:setup.py install is deprecated -W ignore:easy_install command is deprecated setup.py develop --editable --build-directory /home/alexcc/repos/SPIDER_25008/SPIDER_ws/build/data_transfer/build --no-deps symlink_data
