[0mCMake Deprecation Warning at CMakeLists.txt:1 (cmake_minimum_required):
  Compatibility with CMake < 3.10 will be removed from a future version of
  CMake.

  Update the VERSION argument <min> value.  Or, use the <min>...<max> syntax
  to tell CMake that the project requires at least <min> but has been updated
  to work with policies introduced by <max> or earlier.

[0m
-- The C compiler identification is GNU 11.4.0
-- The CXX compiler identification is GNU 11.4.0
-- Detecting C compiler ABI info
-- Detecting C compiler ABI info - done
-- Check for working C compiler: /usr/bin/cc - skipped
-- Detecting C compile features
-- Detecting C compile features - done
-- Detecting CXX compiler ABI info
-- Detecting CXX compiler ABI info - done
-- Check for working CXX compiler: /usr/bin/c++ - skipped
-- Detecting CXX compile features
-- Detecting CXX compile features - done
-- Found ament_cmake: 1.3.11 (/opt/ros/humble/share/ament_cmake/cmake)
-- Found Python3: /usr/bin/python3 (found version "3.10.12") found components: Interpreter
-- Override CMake install command with custom implementation using symlinks instead of copying resources
-- Found std_msgs: 4.2.4 (/opt/ros/humble/share/std_msgs/cmake)
-- Found rosidl_generator_c: 3.1.6 (/opt/ros/humble/share/rosidl_generator_c/cmake)
-- Found rosidl_adapter: 3.1.6 (/opt/ros/humble/share/rosidl_adapter/cmake)
-- Found rosidl_generator_cpp: 3.1.6 (/opt/ros/humble/share/rosidl_generator_cpp/cmake)
-- Using all available rosidl_typesupport_c: rosidl_typesupport_fastrtps_c;rosidl_typesupport_introspection_c
-- Using all available rosidl_typesupport_cpp: rosidl_typesupport_fastrtps_cpp;rosidl_typesupport_introspection_cpp
-- Found rosidl_default_generators: 1.2.0 (/opt/ros/humble/share/rosidl_default_generators/cmake)
-- Found ament_cmake_ros: 0.10.0 (/opt/ros/humble/share/ament_cmake_ros/cmake)
-- Using all available rosidl_typesupport_c: rosidl_typesupport_fastrtps_c;rosidl_typesupport_introspection_c
-- Using all available rosidl_typesupport_cpp: rosidl_typesupport_fastrtps_cpp;rosidl_typesupport_introspection_cpp
[33mCMake Warning (dev) at /opt/ros/humble/share/rosidl_generator_py/cmake/rosidl_generator_py_generate_interfaces.cmake:20 (find_package):
  Policy CMP0148 is not set: The FindPythonInterp and FindPythonLibs modules
  are removed.  Run "cmake --help-policy CMP0148" for policy details.  Use
  the cmake_policy command to set the policy and suppress this warning.

Call Stack (most recent call first):
  /opt/ros/humble/share/ament_cmake_core/cmake/core/ament_execute_extensions.cmake:48 (include)
  /opt/ros/humble/share/rosidl_cmake/cmake/rosidl_generate_interfaces.cmake:286 (ament_execute_extensions)
  CMakeLists.txt:27 (rosidl_generate_interfaces)
This warning is for project developers.  Use -Wno-dev to suppress it.
[0m
-- Found PythonInterp: /usr/bin/python3 (found suitable version "3.10.12", minimum required is "3.6")
-- Found python_cmake_module: 0.10.0 (/opt/ros/humble/share/python_cmake_module/cmake)
[33mCMake Warning (dev) at /opt/ros/humble/share/python_cmake_module/cmake/Modules/FindPythonExtra.cmake:52 (find_package):
  Policy CMP0148 is not set: The FindPythonInterp and FindPythonLibs modules
  are removed.  Run "cmake --help-policy CMP0148" for policy details.  Use
  the cmake_policy command to set the policy and suppress this warning.

Call Stack (most recent call first):
  /opt/ros/humble/share/rosidl_generator_py/cmake/rosidl_generator_py_generate_interfaces.cmake:23 (find_package)
  /opt/ros/humble/share/ament_cmake_core/cmake/core/ament_execute_extensions.cmake:48 (include)
  /opt/ros/humble/share/rosidl_cmake/cmake/rosidl_generate_interfaces.cmake:286 (ament_execute_extensions)
  CMakeLists.txt:27 (rosidl_generate_interfaces)
This warning is for project developers.  Use -Wno-dev to suppress it.
[0m
[33mCMake Warning (dev) at /opt/ros/humble/share/python_cmake_module/cmake/Modules/FindPythonExtra.cmake:140 (find_package):
  Policy CMP0148 is not set: The FindPythonInterp and FindPythonLibs modules
  are removed.  Run "cmake --help-policy CMP0148" for policy details.  Use
  the cmake_policy command to set the policy and suppress this warning.

Call Stack (most recent call first):
  /opt/ros/humble/share/rosidl_generator_py/cmake/rosidl_generator_py_generate_interfaces.cmake:23 (find_package)
  /opt/ros/humble/share/ament_cmake_core/cmake/core/ament_execute_extensions.cmake:48 (include)
  /opt/ros/humble/share/rosidl_cmake/cmake/rosidl_generate_interfaces.cmake:286 (ament_execute_extensions)
  CMakeLists.txt:27 (rosidl_generate_interfaces)
This warning is for project developers.  Use -Wno-dev to suppress it.
[0m
-- Found PythonLibs: /usr/lib/aarch64-linux-gnu/libpython3.10.so (found suitable version "3.10.12", minimum required is "3.5")
-- Using PYTHON_EXECUTABLE: /usr/bin/python3
-- Using PYTHON_INCLUDE_DIRS: /usr/include/python3.10
-- Using PYTHON_LIBRARIES: /usr/lib/aarch64-linux-gnu/libpython3.10.so
-- Found PythonExtra: .so
-- Configuring done (6.8s)
-- Generating done (0.1s)
-- Build files have been written to: /home/alexcc/repos/SPIDER_25008/SPIDER_ws/build/spider_interfaces
[  2%] [34m[1mGenerating C code for ROS interfaces[0m
[  5%] [34m[1mGenerating C++ code for ROS interfaces[0m
[  5%] Built target ament_cmake_python_symlink_spider_interfaces
running egg_info
creating spider_interfaces.egg-info
writing spider_interfaces.egg-info/PKG-INFO
writing dependency_links to spider_interfaces.egg-info/dependency_links.txt
writing top-level names to spider_interfaces.egg-info/top_level.txt
writing manifest file 'spider_interfaces.egg-info/SOURCES.txt'
reading manifest file 'spider_interfaces.egg-info/SOURCES.txt'
writing manifest file 'spider_interfaces.egg-info/SOURCES.txt'
[  5%] Built target ament_cmake_python_build_spider_interfaces_egg
[ 10%] [32mBuilding C object CMakeFiles/spider_interfaces__rosidl_generator_c.dir/rosidl_generator_c/spider_interfaces/msg/detail/loc_commands__functions.c.o[0m
[ 10%] [32mBuilding C object CMakeFiles/spider_interfaces__rosidl_generator_c.dir/rosidl_generator_c/spider_interfaces/srv/detail/loc_service__functions.c.o[0m
[ 10%] Built target spider_interfaces__cpp
[ 12%] [34m[1mGenerating C++ type support dispatch for ROS interfaces[0m
[ 15%] [34m[1mGenerating C++ introspection for ROS interfaces[0m
[ 17%] [34m[1mGenerating C++ type support for eProsima Fast-RTPS[0m
[ 20%] [32m[1mLinking C shared library libspider_interfaces__rosidl_generator_c.so[0m
[ 20%] Built target spider_interfaces__rosidl_generator_c
[ 23%] [34m[1mGenerating C type support dispatch for ROS interfaces[0m
[ 25%] [34m[1mGenerating C type support for eProsima Fast-RTPS[0m
[ 28%] [34m[1mGenerating C introspection for ROS interfaces[0m
[ 30%] [32mBuilding CXX object CMakeFiles/spider_interfaces__rosidl_typesupport_fastrtps_cpp.dir/rosidl_typesupport_fastrtps_cpp/spider_interfaces/msg/detail/dds_fastrtps/loc_commands__type_support.cpp.o[0m
[ 33%] [32mBuilding CXX object CMakeFiles/spider_interfaces__rosidl_typesupport_introspection_cpp.dir/rosidl_typesupport_introspection_cpp/spider_interfaces/msg/detail/loc_commands__type_support.cpp.o[0m
[ 35%] [32mBuilding CXX object CMakeFiles/spider_interfaces__rosidl_typesupport_cpp.dir/rosidl_typesupport_cpp/spider_interfaces/msg/loc_commands__type_support.cpp.o[0m
[ 38%] [32mBuilding CXX object CMakeFiles/spider_interfaces__rosidl_typesupport_c.dir/rosidl_typesupport_c/spider_interfaces/msg/loc_commands__type_support.cpp.o[0m
[ 41%] [32mBuilding CXX object CMakeFiles/spider_interfaces__rosidl_typesupport_c.dir/rosidl_typesupport_c/spider_interfaces/srv/loc_service__type_support.cpp.o[0m
[ 43%] [32m[1mLinking CXX shared library libspider_interfaces__rosidl_typesupport_c.so[0m
[ 46%] [32mBuilding CXX object CMakeFiles/spider_interfaces__rosidl_typesupport_fastrtps_c.dir/rosidl_typesupport_fastrtps_c/spider_interfaces/msg/detail/loc_commands__type_support_c.cpp.o[0m
[ 46%] Built target spider_interfaces__rosidl_typesupport_c
[ 48%] [32mBuilding CXX object CMakeFiles/spider_interfaces__rosidl_typesupport_fastrtps_c.dir/rosidl_typesupport_fastrtps_c/spider_interfaces/srv/detail/loc_service__type_support_c.cpp.o[0m
[ 51%] [32mBuilding C object CMakeFiles/spider_interfaces__rosidl_typesupport_introspection_c.dir/rosidl_typesupport_introspection_c/spider_interfaces/msg/detail/loc_commands__type_support.c.o[0m
[ 53%] [32mBuilding C object CMakeFiles/spider_interfaces__rosidl_typesupport_introspection_c.dir/rosidl_typesupport_introspection_c/spider_interfaces/srv/detail/loc_service__type_support.c.o[0m
[ 56%] [32m[1mLinking C shared library libspider_interfaces__rosidl_typesupport_introspection_c.so[0m
[ 56%] Built target spider_interfaces__rosidl_typesupport_introspection_c
[ 58%] [32mBuilding CXX object CMakeFiles/spider_interfaces__rosidl_typesupport_introspection_cpp.dir/rosidl_typesupport_introspection_cpp/spider_interfaces/srv/detail/loc_service__type_support.cpp.o[0m
[ 61%] [32mBuilding CXX object CMakeFiles/spider_interfaces__rosidl_typesupport_fastrtps_cpp.dir/rosidl_typesupport_fastrtps_cpp/spider_interfaces/srv/detail/dds_fastrtps/loc_service__type_support.cpp.o[0m
[ 64%] [32mBuilding CXX object CMakeFiles/spider_interfaces__rosidl_typesupport_cpp.dir/rosidl_typesupport_cpp/spider_interfaces/srv/loc_service__type_support.cpp.o[0m
[ 66%] [32m[1mLinking CXX shared library libspider_interfaces__rosidl_typesupport_fastrtps_c.so[0m
[ 69%] [32m[1mLinking CXX shared library libspider_interfaces__rosidl_typesupport_introspection_cpp.so[0m
[ 69%] Built target spider_interfaces__rosidl_typesupport_fastrtps_c
[ 69%] Built target spider_interfaces__rosidl_typesupport_introspection_cpp
[ 71%] [32m[1mLinking CXX shared library libspider_interfaces__rosidl_typesupport_cpp.so[0m
[ 71%] Built target spider_interfaces__rosidl_typesupport_cpp
[ 74%] [32m[1mLinking CXX shared library libspider_interfaces__rosidl_typesupport_fastrtps_cpp.so[0m
[ 74%] Built target spider_interfaces__rosidl_typesupport_fastrtps_cpp
[ 74%] Built target spider_interfaces
[ 76%] [34m[1mGenerating Python code for ROS interfaces[0m
[ 76%] Built target spider_interfaces__py
[ 79%] [32mBuilding C object CMakeFiles/spider_interfaces__rosidl_generator_py.dir/rosidl_generator_py/spider_interfaces/msg/_loc_commands_s.c.o[0m
[ 82%] [32mBuilding C object CMakeFiles/spider_interfaces__rosidl_generator_py.dir/rosidl_generator_py/spider_interfaces/srv/_loc_service_s.c.o[0m
[ 84%] [32m[1mLinking C shared library rosidl_generator_py/spider_interfaces/libspider_interfaces__rosidl_generator_py.so[0m
[ 84%] Built target spider_interfaces__rosidl_generator_py
[ 89%] [32mBuilding C object CMakeFiles/spider_interfaces__rosidl_typesupport_introspection_c__pyext.dir/rosidl_generator_py/spider_interfaces/_spider_interfaces_s.ep.rosidl_typesupport_introspection_c.c.o[0m
[ 89%] [32mBuilding C object CMakeFiles/spider_interfaces__rosidl_typesupport_fastrtps_c__pyext.dir/rosidl_generator_py/spider_interfaces/_spider_interfaces_s.ep.rosidl_typesupport_fastrtps_c.c.o[0m
[ 92%] [32mBuilding C object CMakeFiles/spider_interfaces__rosidl_typesupport_c__pyext.dir/rosidl_generator_py/spider_interfaces/_spider_interfaces_s.ep.rosidl_typesupport_c.c.o[0m
[ 94%] [32m[1mLinking C shared library rosidl_generator_py/spider_interfaces/spider_interfaces_s__rosidl_typesupport_fastrtps_c.cpython-310-aarch64-linux-gnu.so[0m
[ 97%] [32m[1mLinking C shared library rosidl_generator_py/spider_interfaces/spider_interfaces_s__rosidl_typesupport_c.cpython-310-aarch64-linux-gnu.so[0m
[100%] [32m[1mLinking C shared library rosidl_generator_py/spider_interfaces/spider_interfaces_s__rosidl_typesupport_introspection_c.cpython-310-aarch64-linux-gnu.so[0m
[100%] Built target spider_interfaces__rosidl_typesupport_fastrtps_c__pyext
[100%] Built target spider_interfaces__rosidl_typesupport_c__pyext
[100%] Built target spider_interfaces__rosidl_typesupport_introspection_c__pyext
-- Install configuration: ""
-- Execute custom install script
-- Up-to-date symlink: /home/alexcc/repos/SPIDER_25008/SPIDER_ws/install/spider_interfaces/share/ament_index/resource_index/rosidl_interfaces/spider_interfaces
-- Up-to-date symlink: /home/alexcc/repos/SPIDER_25008/SPIDER_ws/install/spider_interfaces/include/spider_interfaces/spider_interfaces/msg/detail/loc_commands__functions.h
-- Up-to-date symlink: /home/alexcc/repos/SPIDER_25008/SPIDER_ws/install/spider_interfaces/include/spider_interfaces/spider_interfaces/msg/detail/loc_commands__struct.h
-- Up-to-date symlink: /home/alexcc/repos/SPIDER_25008/SPIDER_ws/install/spider_interfaces/include/spider_interfaces/spider_interfaces/msg/detail/loc_commands__type_support.h
-- Up-to-date symlink: /home/alexcc/repos/SPIDER_25008/SPIDER_ws/install/spider_interfaces/include/spider_interfaces/spider_interfaces/msg/loc_commands.h
-- Up-to-date symlink: /home/alexcc/repos/SPIDER_25008/SPIDER_ws/install/spider_interfaces/include/spider_interfaces/spider_interfaces/msg/rosidl_generator_c__visibility_control.h
-- Up-to-date symlink: /home/alexcc/repos/SPIDER_25008/SPIDER_ws/install/spider_interfaces/include/spider_interfaces/spider_interfaces/srv/detail/loc_service__functions.h
-- Up-to-date symlink: /home/alexcc/repos/SPIDER_25008/SPIDER_ws/install/spider_interfaces/include/spider_interfaces/spider_interfaces/srv/detail/loc_service__struct.h
-- Up-to-date symlink: /home/alexcc/repos/SPIDER_25008/SPIDER_ws/install/spider_interfaces/include/spider_interfaces/spider_interfaces/srv/detail/loc_service__type_support.h
-- Up-to-date symlink: /home/alexcc/repos/SPIDER_25008/SPIDER_ws/install/spider_interfaces/include/spider_interfaces/spider_interfaces/srv/loc_service.h
-- Up-to-date symlink: /home/alexcc/repos/SPIDER_25008/SPIDER_ws/install/spider_interfaces/share/spider_interfaces/environment/library_path.sh
-- Up-to-date symlink: /home/alexcc/repos/SPIDER_25008/SPIDER_ws/install/spider_interfaces/share/spider_interfaces/environment/library_path.dsv
-- Up-to-date symlink: /home/alexcc/repos/SPIDER_25008/SPIDER_ws/install/spider_interfaces/include/spider_interfaces/spider_interfaces/msg/detail/loc_commands__rosidl_typesupport_fastrtps_c.h
-- Up-to-date symlink: /home/alexcc/repos/SPIDER_25008/SPIDER_ws/install/spider_interfaces/include/spider_interfaces/spider_interfaces/msg/rosidl_typesupport_fastrtps_c__visibility_control.h
-- Up-to-date symlink: /home/alexcc/repos/SPIDER_25008/SPIDER_ws/install/spider_interfaces/include/spider_interfaces/spider_interfaces/srv/detail/loc_service__rosidl_typesupport_fastrtps_c.h
-- Up-to-date symlink: /home/alexcc/repos/SPIDER_25008/SPIDER_ws/install/spider_interfaces/include/spider_interfaces/spider_interfaces/msg/detail/loc_commands__builder.hpp
-- Up-to-date symlink: /home/alexcc/repos/SPIDER_25008/SPIDER_ws/install/spider_interfaces/include/spider_interfaces/spider_interfaces/msg/detail/loc_commands__struct.hpp
-- Up-to-date symlink: /home/alexcc/repos/SPIDER_25008/SPIDER_ws/install/spider_interfaces/include/spider_interfaces/spider_interfaces/msg/detail/loc_commands__traits.hpp
-- Up-to-date symlink: /home/alexcc/repos/SPIDER_25008/SPIDER_ws/install/spider_interfaces/include/spider_interfaces/spider_interfaces/msg/detail/loc_commands__type_support.hpp
-- Up-to-date symlink: /home/alexcc/repos/SPIDER_25008/SPIDER_ws/install/spider_interfaces/include/spider_interfaces/spider_interfaces/msg/loc_commands.hpp
-- Up-to-date symlink: /home/alexcc/repos/SPIDER_25008/SPIDER_ws/install/spider_interfaces/include/spider_interfaces/spider_interfaces/msg/rosidl_generator_cpp__visibility_control.hpp
-- Up-to-date symlink: /home/alexcc/repos/SPIDER_25008/SPIDER_ws/install/spider_interfaces/include/spider_interfaces/spider_interfaces/srv/detail/loc_service__builder.hpp
-- Up-to-date symlink: /home/alexcc/repos/SPIDER_25008/SPIDER_ws/install/spider_interfaces/include/spider_interfaces/spider_interfaces/srv/detail/loc_service__struct.hpp
-- Up-to-date symlink: /home/alexcc/repos/SPIDER_25008/SPIDER_ws/install/spider_interfaces/include/spider_interfaces/spider_interfaces/srv/detail/loc_service__traits.hpp
-- Up-to-date symlink: /home/alexcc/repos/SPIDER_25008/SPIDER_ws/install/spider_interfaces/include/spider_interfaces/spider_interfaces/srv/detail/loc_service__type_support.hpp
-- Up-to-date symlink: /home/alexcc/repos/SPIDER_25008/SPIDER_ws/install/spider_interfaces/include/spider_interfaces/spider_interfaces/srv/loc_service.hpp
-- Up-to-date symlink: /home/alexcc/repos/SPIDER_25008/SPIDER_ws/install/spider_interfaces/include/spider_interfaces/spider_interfaces/msg/detail/loc_commands__rosidl_typesupport_fastrtps_cpp.hpp
-- Up-to-date symlink: /home/alexcc/repos/SPIDER_25008/SPIDER_ws/install/spider_interfaces/include/spider_interfaces/spider_interfaces/msg/rosidl_typesupport_fastrtps_cpp__visibility_control.h
-- Up-to-date symlink: /home/alexcc/repos/SPIDER_25008/SPIDER_ws/install/spider_interfaces/include/spider_interfaces/spider_interfaces/srv/detail/loc_service__rosidl_typesupport_fastrtps_cpp.hpp
-- Up-to-date symlink: /home/alexcc/repos/SPIDER_25008/SPIDER_ws/install/spider_interfaces/include/spider_interfaces/spider_interfaces/msg/detail/loc_commands__rosidl_typesupport_introspection_c.h
-- Up-to-date symlink: /home/alexcc/repos/SPIDER_25008/SPIDER_ws/install/spider_interfaces/include/spider_interfaces/spider_interfaces/msg/rosidl_typesupport_introspection_c__visibility_control.h
-- Up-to-date symlink: /home/alexcc/repos/SPIDER_25008/SPIDER_ws/install/spider_interfaces/include/spider_interfaces/spider_interfaces/srv/detail/loc_service__rosidl_typesupport_introspection_c.h
-- Up-to-date symlink: /home/alexcc/repos/SPIDER_25008/SPIDER_ws/install/spider_interfaces/include/spider_interfaces/spider_interfaces/msg/detail/loc_commands__rosidl_typesupport_introspection_cpp.hpp
-- Up-to-date symlink: /home/alexcc/repos/SPIDER_25008/SPIDER_ws/install/spider_interfaces/include/spider_interfaces/spider_interfaces/srv/detail/loc_service__rosidl_typesupport_introspection_cpp.hpp
-- Up-to-date symlink: /home/alexcc/repos/SPIDER_25008/SPIDER_ws/install/spider_interfaces/share/spider_interfaces/environment/pythonpath.sh
-- Up-to-date symlink: /home/alexcc/repos/SPIDER_25008/SPIDER_ws/install/spider_interfaces/share/spider_interfaces/environment/pythonpath.dsv
-- Up-to-date symlink: /home/alexcc/repos/SPIDER_25008/SPIDER_ws/install/spider_interfaces/local/lib/python3.10/dist-packages/spider_interfaces-0.0.0-py3.10.egg-info/PKG-INFO
-- Up-to-date symlink: /home/alexcc/repos/SPIDER_25008/SPIDER_ws/install/spider_interfaces/local/lib/python3.10/dist-packages/spider_interfaces-0.0.0-py3.10.egg-info/SOURCES.txt
-- Up-to-date symlink: /home/alexcc/repos/SPIDER_25008/SPIDER_ws/install/spider_interfaces/local/lib/python3.10/dist-packages/spider_interfaces-0.0.0-py3.10.egg-info/dependency_links.txt
-- Up-to-date symlink: /home/alexcc/repos/SPIDER_25008/SPIDER_ws/install/spider_interfaces/local/lib/python3.10/dist-packages/spider_interfaces-0.0.0-py3.10.egg-info/top_level.txt
-- Up-to-date symlink: /home/alexcc/repos/SPIDER_25008/SPIDER_ws/install/spider_interfaces/local/lib/python3.10/dist-packages/spider_interfaces/__init__.py
-- Up-to-date symlink: /home/alexcc/repos/SPIDER_25008/SPIDER_ws/install/spider_interfaces/local/lib/python3.10/dist-packages/spider_interfaces/_spider_interfaces_s.ep.rosidl_typesupport_c.c
-- Up-to-date symlink: /home/alexcc/repos/SPIDER_25008/SPIDER_ws/install/spider_interfaces/local/lib/python3.10/dist-packages/spider_interfaces/_spider_interfaces_s.ep.rosidl_typesupport_fastrtps_c.c
-- Up-to-date symlink: /home/alexcc/repos/SPIDER_25008/SPIDER_ws/install/spider_interfaces/local/lib/python3.10/dist-packages/spider_interfaces/_spider_interfaces_s.ep.rosidl_typesupport_introspection_c.c
-- Up-to-date symlink: /home/alexcc/repos/SPIDER_25008/SPIDER_ws/install/spider_interfaces/local/lib/python3.10/dist-packages/spider_interfaces/libspider_interfaces__rosidl_generator_py.so
-- Up-to-date symlink: /home/alexcc/repos/SPIDER_25008/SPIDER_ws/install/spider_interfaces/local/lib/python3.10/dist-packages/spider_interfaces/msg/__init__.py
-- Up-to-date symlink: /home/alexcc/repos/SPIDER_25008/SPIDER_ws/install/spider_interfaces/local/lib/python3.10/dist-packages/spider_interfaces/msg/_loc_commands.py
-- Up-to-date symlink: /home/alexcc/repos/SPIDER_25008/SPIDER_ws/install/spider_interfaces/local/lib/python3.10/dist-packages/spider_interfaces/msg/_loc_commands_s.c
-- Up-to-date symlink: /home/alexcc/repos/SPIDER_25008/SPIDER_ws/install/spider_interfaces/local/lib/python3.10/dist-packages/spider_interfaces/spider_interfaces_s__rosidl_typesupport_c.cpython-310-aarch64-linux-gnu.so
-- Up-to-date symlink: /home/alexcc/repos/SPIDER_25008/SPIDER_ws/install/spider_interfaces/local/lib/python3.10/dist-packages/spider_interfaces/spider_interfaces_s__rosidl_typesupport_fastrtps_c.cpython-310-aarch64-linux-gnu.so
-- Up-to-date symlink: /home/alexcc/repos/SPIDER_25008/SPIDER_ws/install/spider_interfaces/local/lib/python3.10/dist-packages/spider_interfaces/spider_interfaces_s__rosidl_typesupport_introspection_c.cpython-310-aarch64-linux-gnu.so
-- Up-to-date symlink: /home/alexcc/repos/SPIDER_25008/SPIDER_ws/install/spider_interfaces/local/lib/python3.10/dist-packages/spider_interfaces/srv/__init__.py
-- Up-to-date symlink: /home/alexcc/repos/SPIDER_25008/SPIDER_ws/install/spider_interfaces/local/lib/python3.10/dist-packages/spider_interfaces/srv/_loc_service.py
-- Up-to-date symlink: /home/alexcc/repos/SPIDER_25008/SPIDER_ws/install/spider_interfaces/local/lib/python3.10/dist-packages/spider_interfaces/srv/_loc_service_s.c
-- Up-to-date symlink: /home/alexcc/repos/SPIDER_25008/SPIDER_ws/install/spider_interfaces/local/lib/python3.10/dist-packages/spider_interfaces/spider_interfaces_s__rosidl_typesupport_fastrtps_c.cpython-310-aarch64-linux-gnu.so
-- Up-to-date symlink: /home/alexcc/repos/SPIDER_25008/SPIDER_ws/install/spider_interfaces/local/lib/python3.10/dist-packages/spider_interfaces/spider_interfaces_s__rosidl_typesupport_introspection_c.cpython-310-aarch64-linux-gnu.so
-- Up-to-date symlink: /home/alexcc/repos/SPIDER_25008/SPIDER_ws/install/spider_interfaces/local/lib/python3.10/dist-packages/spider_interfaces/spider_interfaces_s__rosidl_typesupport_c.cpython-310-aarch64-linux-gnu.so
-- Up-to-date symlink: /home/alexcc/repos/SPIDER_25008/SPIDER_ws/install/spider_interfaces/share/spider_interfaces/msg/LocCommands.idl
-- Up-to-date symlink: /home/alexcc/repos/SPIDER_25008/SPIDER_ws/install/spider_interfaces/share/spider_interfaces/srv/LocService.idl
-- Up-to-date symlink: /home/alexcc/repos/SPIDER_25008/SPIDER_ws/install/spider_interfaces/share/spider_interfaces/msg/LocCommands.msg
-- Up-to-date symlink: /home/alexcc/repos/SPIDER_25008/SPIDER_ws/install/spider_interfaces/share/spider_interfaces/srv/LocService.srv
-- Up-to-date symlink: /home/alexcc/repos/SPIDER_25008/SPIDER_ws/install/spider_interfaces/share/spider_interfaces/srv/LocService_Request.msg
-- Up-to-date symlink: /home/alexcc/repos/SPIDER_25008/SPIDER_ws/install/spider_interfaces/share/spider_interfaces/srv/LocService_Response.msg
-- Up-to-date symlink: /home/alexcc/repos/SPIDER_25008/SPIDER_ws/install/spider_interfaces/share/ament_index/resource_index/package_run_dependencies/spider_interfaces
-- Up-to-date symlink: /home/alexcc/repos/SPIDER_25008/SPIDER_ws/install/spider_interfaces/share/ament_index/resource_index/parent_prefix_path/spider_interfaces
-- Up-to-date symlink: /home/alexcc/repos/SPIDER_25008/SPIDER_ws/install/spider_interfaces/share/spider_interfaces/environment/ament_prefix_path.sh
-- Up-to-date symlink: /home/alexcc/repos/SPIDER_25008/SPIDER_ws/install/spider_interfaces/share/spider_interfaces/environment/ament_prefix_path.dsv
-- Up-to-date symlink: /home/alexcc/repos/SPIDER_25008/SPIDER_ws/install/spider_interfaces/share/spider_interfaces/environment/path.sh
-- Up-to-date symlink: /home/alexcc/repos/SPIDER_25008/SPIDER_ws/install/spider_interfaces/share/spider_interfaces/environment/path.dsv
-- Up-to-date symlink: /home/alexcc/repos/SPIDER_25008/SPIDER_ws/install/spider_interfaces/share/spider_interfaces/local_setup.bash
-- Up-to-date symlink: /home/alexcc/repos/SPIDER_25008/SPIDER_ws/install/spider_interfaces/share/spider_interfaces/local_setup.sh
-- Up-to-date symlink: /home/alexcc/repos/SPIDER_25008/SPIDER_ws/install/spider_interfaces/share/spider_interfaces/local_setup.zsh
-- Up-to-date symlink: /home/alexcc/repos/SPIDER_25008/SPIDER_ws/install/spider_interfaces/share/spider_interfaces/local_setup.dsv
-- Symlinking: /home/alexcc/repos/SPIDER_25008/SPIDER_ws/install/spider_interfaces/share/spider_interfaces/package.dsv
-- Up-to-date symlink: /home/alexcc/repos/SPIDER_25008/SPIDER_ws/install/spider_interfaces/share/ament_index/resource_index/packages/spider_interfaces
-- Up-to-date symlink: /home/alexcc/repos/SPIDER_25008/SPIDER_ws/install/spider_interfaces/share/spider_interfaces/cmake/rosidl_cmake-extras.cmake
-- Up-to-date symlink: /home/alexcc/repos/SPIDER_25008/SPIDER_ws/install/spider_interfaces/share/spider_interfaces/cmake/ament_cmake_export_dependencies-extras.cmake
-- Up-to-date symlink: /home/alexcc/repos/SPIDER_25008/SPIDER_ws/install/spider_interfaces/share/spider_interfaces/cmake/ament_cmake_export_include_directories-extras.cmake
-- Up-to-date symlink: /home/alexcc/repos/SPIDER_25008/SPIDER_ws/install/spider_interfaces/share/spider_interfaces/cmake/ament_cmake_export_libraries-extras.cmake
-- Up-to-date symlink: /home/alexcc/repos/SPIDER_25008/SPIDER_ws/install/spider_interfaces/share/spider_interfaces/cmake/ament_cmake_export_targets-extras.cmake
-- Up-to-date symlink: /home/alexcc/repos/SPIDER_25008/SPIDER_ws/install/spider_interfaces/share/spider_interfaces/cmake/rosidl_cmake_export_typesupport_targets-extras.cmake
-- Up-to-date symlink: /home/alexcc/repos/SPIDER_25008/SPIDER_ws/install/spider_interfaces/share/spider_interfaces/cmake/rosidl_cmake_export_typesupport_libraries-extras.cmake
-- Up-to-date symlink: /home/alexcc/repos/SPIDER_25008/SPIDER_ws/install/spider_interfaces/share/spider_interfaces/cmake/spider_interfacesConfig.cmake
-- Up-to-date symlink: /home/alexcc/repos/SPIDER_25008/SPIDER_ws/install/spider_interfaces/share/spider_interfaces/cmake/spider_interfacesConfig-version.cmake
-- Up-to-date symlink: /home/alexcc/repos/SPIDER_25008/SPIDER_ws/install/spider_interfaces/share/spider_interfaces/package.xml
-- Installing: /home/alexcc/repos/SPIDER_25008/SPIDER_ws/install/spider_interfaces/lib/libspider_interfaces__rosidl_generator_c.so
-- Set non-toolchain portion of runtime path of "/home/alexcc/repos/SPIDER_25008/SPIDER_ws/install/spider_interfaces/lib/libspider_interfaces__rosidl_generator_c.so" to ""
-- Installing: /home/alexcc/repos/SPIDER_25008/SPIDER_ws/install/spider_interfaces/lib/libspider_interfaces__rosidl_typesupport_fastrtps_c.so
-- Set non-toolchain portion of runtime path of "/home/alexcc/repos/SPIDER_25008/SPIDER_ws/install/spider_interfaces/lib/libspider_interfaces__rosidl_typesupport_fastrtps_c.so" to ""
-- Installing: /home/alexcc/repos/SPIDER_25008/SPIDER_ws/install/spider_interfaces/lib/libspider_interfaces__rosidl_typesupport_fastrtps_cpp.so
-- Set non-toolchain portion of runtime path of "/home/alexcc/repos/SPIDER_25008/SPIDER_ws/install/spider_interfaces/lib/libspider_interfaces__rosidl_typesupport_fastrtps_cpp.so" to ""
-- Installing: /home/alexcc/repos/SPIDER_25008/SPIDER_ws/install/spider_interfaces/lib/libspider_interfaces__rosidl_typesupport_introspection_c.so
-- Set non-toolchain portion of runtime path of "/home/alexcc/repos/SPIDER_25008/SPIDER_ws/install/spider_interfaces/lib/libspider_interfaces__rosidl_typesupport_introspection_c.so" to ""
-- Installing: /home/alexcc/repos/SPIDER_25008/SPIDER_ws/install/spider_interfaces/lib/libspider_interfaces__rosidl_typesupport_c.so
-- Set non-toolchain portion of runtime path of "/home/alexcc/repos/SPIDER_25008/SPIDER_ws/install/spider_interfaces/lib/libspider_interfaces__rosidl_typesupport_c.so" to ""
-- Installing: /home/alexcc/repos/SPIDER_25008/SPIDER_ws/install/spider_interfaces/lib/libspider_interfaces__rosidl_typesupport_introspection_cpp.so
-- Set non-toolchain portion of runtime path of "/home/alexcc/repos/SPIDER_25008/SPIDER_ws/install/spider_interfaces/lib/libspider_interfaces__rosidl_typesupport_introspection_cpp.so" to ""
-- Installing: /home/alexcc/repos/SPIDER_25008/SPIDER_ws/install/spider_interfaces/lib/libspider_interfaces__rosidl_typesupport_cpp.so
-- Set non-toolchain portion of runtime path of "/home/alexcc/repos/SPIDER_25008/SPIDER_ws/install/spider_interfaces/lib/libspider_interfaces__rosidl_typesupport_cpp.so" to ""
Listing '/home/alexcc/repos/SPIDER_25008/SPIDER_ws/install/spider_interfaces/local/lib/python3.10/dist-packages/spider_interfaces'...
Compiling '/home/alexcc/repos/SPIDER_25008/SPIDER_ws/install/spider_interfaces/local/lib/python3.10/dist-packages/spider_interfaces/__init__.py'...
Listing '/home/alexcc/repos/SPIDER_25008/SPIDER_ws/install/spider_interfaces/local/lib/python3.10/dist-packages/spider_interfaces/msg'...
Compiling '/home/alexcc/repos/SPIDER_25008/SPIDER_ws/install/spider_interfaces/local/lib/python3.10/dist-packages/spider_interfaces/msg/__init__.py'...
Compiling '/home/alexcc/repos/SPIDER_25008/SPIDER_ws/install/spider_interfaces/local/lib/python3.10/dist-packages/spider_interfaces/msg/_loc_commands.py'...
Listing '/home/alexcc/repos/SPIDER_25008/SPIDER_ws/install/spider_interfaces/local/lib/python3.10/dist-packages/spider_interfaces/srv'...
Compiling '/home/alexcc/repos/SPIDER_25008/SPIDER_ws/install/spider_interfaces/local/lib/python3.10/dist-packages/spider_interfaces/srv/__init__.py'...
Compiling '/home/alexcc/repos/SPIDER_25008/SPIDER_ws/install/spider_interfaces/local/lib/python3.10/dist-packages/spider_interfaces/srv/_loc_service.py'...
-- Installing: /home/alexcc/repos/SPIDER_25008/SPIDER_ws/install/spider_interfaces/lib/libspider_interfaces__rosidl_generator_py.so
-- Set non-toolchain portion of runtime path of "/home/alexcc/repos/SPIDER_25008/SPIDER_ws/install/spider_interfaces/lib/libspider_interfaces__rosidl_generator_py.so" to ""
-- Installing: /home/alexcc/repos/SPIDER_25008/SPIDER_ws/install/spider_interfaces/share/spider_interfaces/cmake/export_spider_interfaces__rosidl_generator_cExport.cmake
-- Installing: /home/alexcc/repos/SPIDER_25008/SPIDER_ws/install/spider_interfaces/share/spider_interfaces/cmake/export_spider_interfaces__rosidl_generator_cExport-noconfig.cmake
-- Installing: /home/alexcc/repos/SPIDER_25008/SPIDER_ws/install/spider_interfaces/share/spider_interfaces/cmake/export_spider_interfaces__rosidl_typesupport_fastrtps_cExport.cmake
-- Installing: /home/alexcc/repos/SPIDER_25008/SPIDER_ws/install/spider_interfaces/share/spider_interfaces/cmake/export_spider_interfaces__rosidl_typesupport_fastrtps_cExport-noconfig.cmake
-- Installing: /home/alexcc/repos/SPIDER_25008/SPIDER_ws/install/spider_interfaces/share/spider_interfaces/cmake/export_spider_interfaces__rosidl_generator_cppExport.cmake
-- Installing: /home/alexcc/repos/SPIDER_25008/SPIDER_ws/install/spider_interfaces/share/spider_interfaces/cmake/export_spider_interfaces__rosidl_typesupport_fastrtps_cppExport.cmake
-- Installing: /home/alexcc/repos/SPIDER_25008/SPIDER_ws/install/spider_interfaces/share/spider_interfaces/cmake/export_spider_interfaces__rosidl_typesupport_fastrtps_cppExport-noconfig.cmake
-- Installing: /home/alexcc/repos/SPIDER_25008/SPIDER_ws/install/spider_interfaces/share/spider_interfaces/cmake/spider_interfaces__rosidl_typesupport_introspection_cExport.cmake
-- Installing: /home/alexcc/repos/SPIDER_25008/SPIDER_ws/install/spider_interfaces/share/spider_interfaces/cmake/spider_interfaces__rosidl_typesupport_introspection_cExport-noconfig.cmake
-- Installing: /home/alexcc/repos/SPIDER_25008/SPIDER_ws/install/spider_interfaces/share/spider_interfaces/cmake/spider_interfaces__rosidl_typesupport_cExport.cmake
-- Installing: /home/alexcc/repos/SPIDER_25008/SPIDER_ws/install/spider_interfaces/share/spider_interfaces/cmake/spider_interfaces__rosidl_typesupport_cExport-noconfig.cmake
-- Installing: /home/alexcc/repos/SPIDER_25008/SPIDER_ws/install/spider_interfaces/share/spider_interfaces/cmake/spider_interfaces__rosidl_typesupport_introspection_cppExport.cmake
-- Installing: /home/alexcc/repos/SPIDER_25008/SPIDER_ws/install/spider_interfaces/share/spider_interfaces/cmake/spider_interfaces__rosidl_typesupport_introspection_cppExport-noconfig.cmake
-- Installing: /home/alexcc/repos/SPIDER_25008/SPIDER_ws/install/spider_interfaces/share/spider_interfaces/cmake/spider_interfaces__rosidl_typesupport_cppExport.cmake
-- Installing: /home/alexcc/repos/SPIDER_25008/SPIDER_ws/install/spider_interfaces/share/spider_interfaces/cmake/spider_interfaces__rosidl_typesupport_cppExport-noconfig.cmake
-- Installing: /home/alexcc/repos/SPIDER_25008/SPIDER_ws/install/spider_interfaces/share/spider_interfaces/cmake/export_spider_interfaces__rosidl_generator_pyExport.cmake
-- Installing: /home/alexcc/repos/SPIDER_25008/SPIDER_ws/install/spider_interfaces/share/spider_interfaces/cmake/export_spider_interfaces__rosidl_generator_pyExport-noconfig.cmake
