[  2%] [34m[1mGenerating C code for ROS interfaces[0m
[  5%] [34m[1mGenerating C++ code for ROS interfaces[0m
[  5%] Built target ament_cmake_python_copy_spider_interfaces
running egg_info
creating spider_interfaces.egg-info
writing spider_interfaces.egg-info/PKG-INFO
writing dependency_links to spider_interfaces.egg-info/dependency_links.txt
writing top-level names to spider_interfaces.egg-info/top_level.txt
writing manifest file 'spider_interfaces.egg-info/SOURCES.txt'
reading manifest file 'spider_interfaces.egg-info/SOURCES.txt'
writing manifest file 'spider_interfaces.egg-info/SOURCES.txt'
[  5%] Built target ament_cmake_python_build_spider_interfaces_egg
[  5%] Built target spider_interfaces__cpp
[ 12%] [32mBuilding C object CMakeFiles/spider_interfaces__rosidl_generator_c.dir/rosidl_generator_c/spider_interfaces/srv/detail/loc_service__functions.c.o[0m
[ 12%] [34m[1mGenerating C++ type support dispatch for ROS interfaces[0m
[ 12%] [34m[1mGenerating C++ type support for eProsima Fast-RTPS[0m
[ 17%] [34m[1mGenerating C++ introspection for ROS interfaces[0m
[ 17%] [32mBuilding C object CMakeFiles/spider_interfaces__rosidl_generator_c.dir/rosidl_generator_c/spider_interfaces/msg/detail/loc_commands__functions.c.o[0m
[ 20%] [32m[1mLinking C shared library libspider_interfaces__rosidl_generator_c.so[0m
[ 20%] Built target spider_interfaces__rosidl_generator_c
[ 28%] [34m[1mGenerating C introspection for ROS interfaces[0m
[ 28%] [34m[1mGenerating C type support for eProsima Fast-RTPS[0m
[ 28%] [34m[1mGenerating C type support dispatch for ROS interfaces[0m
[ 30%] [32mBuilding CXX object CMakeFiles/spider_interfaces__rosidl_typesupport_cpp.dir/rosidl_typesupport_cpp/spider_interfaces/msg/loc_commands__type_support.cpp.o[0m
[ 33%] [32mBuilding CXX object CMakeFiles/spider_interfaces__rosidl_typesupport_introspection_cpp.dir/rosidl_typesupport_introspection_cpp/spider_interfaces/msg/detail/loc_commands__type_support.cpp.o[0m
[ 35%] [32mBuilding CXX object CMakeFiles/spider_interfaces__rosidl_typesupport_fastrtps_cpp.dir/rosidl_typesupport_fastrtps_cpp/spider_interfaces/msg/detail/dds_fastrtps/loc_commands__type_support.cpp.o[0m
[ 38%] [32mBuilding CXX object CMakeFiles/spider_interfaces__rosidl_typesupport_c.dir/rosidl_typesupport_c/spider_interfaces/msg/loc_commands__type_support.cpp.o[0m
[ 41%] [32mBuilding C object CMakeFiles/spider_interfaces__rosidl_typesupport_introspection_c.dir/rosidl_typesupport_introspection_c/spider_interfaces/msg/detail/loc_commands__type_support.c.o[0m
[ 43%] [32mBuilding CXX object CMakeFiles/spider_interfaces__rosidl_typesupport_c.dir/rosidl_typesupport_c/spider_interfaces/srv/loc_service__type_support.cpp.o[0m
[ 46%] [32mBuilding CXX object CMakeFiles/spider_interfaces__rosidl_typesupport_fastrtps_c.dir/rosidl_typesupport_fastrtps_c/spider_interfaces/msg/detail/loc_commands__type_support_c.cpp.o[0m
[ 48%] [32mBuilding C object CMakeFiles/spider_interfaces__rosidl_typesupport_introspection_c.dir/rosidl_typesupport_introspection_c/spider_interfaces/srv/detail/loc_service__type_support.c.o[0m
[ 51%] [32m[1mLinking CXX shared library libspider_interfaces__rosidl_typesupport_c.so[0m
[ 51%] Built target spider_interfaces__rosidl_typesupport_c
[ 53%] [32mBuilding CXX object CMakeFiles/spider_interfaces__rosidl_typesupport_fastrtps_c.dir/rosidl_typesupport_fastrtps_c/spider_interfaces/srv/detail/loc_service__type_support_c.cpp.o[0m
[ 56%] [32m[1mLinking C shared library libspider_interfaces__rosidl_typesupport_introspection_c.so[0m
[ 56%] Built target spider_interfaces__rosidl_typesupport_introspection_c
[ 58%] [32mBuilding CXX object CMakeFiles/spider_interfaces__rosidl_typesupport_introspection_cpp.dir/rosidl_typesupport_introspection_cpp/spider_interfaces/srv/detail/loc_service__type_support.cpp.o[0m
[ 61%] [32mBuilding CXX object CMakeFiles/spider_interfaces__rosidl_typesupport_cpp.dir/rosidl_typesupport_cpp/spider_interfaces/srv/loc_service__type_support.cpp.o[0m
[ 64%] [32mBuilding CXX object CMakeFiles/spider_interfaces__rosidl_typesupport_fastrtps_cpp.dir/rosidl_typesupport_fastrtps_cpp/spider_interfaces/srv/detail/dds_fastrtps/loc_service__type_support.cpp.o[0m
[ 66%] [32m[1mLinking CXX shared library libspider_interfaces__rosidl_typesupport_fastrtps_c.so[0m
[ 69%] [32m[1mLinking CXX shared library libspider_interfaces__rosidl_typesupport_cpp.so[0m
[ 69%] Built target spider_interfaces__rosidl_typesupport_fastrtps_c
[ 71%] [32m[1mLinking CXX shared library libspider_interfaces__rosidl_typesupport_introspection_cpp.so[0m
[ 71%] Built target spider_interfaces__rosidl_typesupport_cpp
[ 71%] Built target spider_interfaces__rosidl_typesupport_introspection_cpp
[ 74%] [32m[1mLinking CXX shared library libspider_interfaces__rosidl_typesupport_fastrtps_cpp.so[0m
[ 74%] Built target spider_interfaces__rosidl_typesupport_fastrtps_cpp
[ 74%] Built target spider_interfaces
[ 76%] [34m[1mGenerating Python code for ROS interfaces[0m
[ 76%] Built target spider_interfaces__py
[ 79%] [32mBuilding C object CMakeFiles/spider_interfaces__rosidl_generator_py.dir/rosidl_generator_py/spider_interfaces/msg/_loc_commands_s.c.o[0m
[ 82%] [32mBuilding C object CMakeFiles/spider_interfaces__rosidl_generator_py.dir/rosidl_generator_py/spider_interfaces/srv/_loc_service_s.c.o[0m
[ 84%] [32m[1mLinking C shared library rosidl_generator_py/spider_interfaces/libspider_interfaces__rosidl_generator_py.so[0m
[ 84%] Built target spider_interfaces__rosidl_generator_py
[ 87%] [32mBuilding C object CMakeFiles/spider_interfaces__rosidl_typesupport_introspection_c__pyext.dir/rosidl_generator_py/spider_interfaces/_spider_interfaces_s.ep.rosidl_typesupport_introspection_c.c.o[0m
[ 89%] [32mBuilding C object CMakeFiles/spider_interfaces__rosidl_typesupport_fastrtps_c__pyext.dir/rosidl_generator_py/spider_interfaces/_spider_interfaces_s.ep.rosidl_typesupport_fastrtps_c.c.o[0m
[ 92%] [32mBuilding C object CMakeFiles/spider_interfaces__rosidl_typesupport_c__pyext.dir/rosidl_generator_py/spider_interfaces/_spider_interfaces_s.ep.rosidl_typesupport_c.c.o[0m
[ 97%] [32m[1mLinking C shared library rosidl_generator_py/spider_interfaces/spider_interfaces_s__rosidl_typesupport_c.cpython-310-aarch64-linux-gnu.so[0m
[ 97%] [32m[1mLinking C shared library rosidl_generator_py/spider_interfaces/spider_interfaces_s__rosidl_typesupport_introspection_c.cpython-310-aarch64-linux-gnu.so[0m
[100%] [32m[1mLinking C shared library rosidl_generator_py/spider_interfaces/spider_interfaces_s__rosidl_typesupport_fastrtps_c.cpython-310-aarch64-linux-gnu.so[0m
[100%] Built target spider_interfaces__rosidl_typesupport_introspection_c__pyext
[100%] Built target spider_interfaces__rosidl_typesupport_c__pyext
[100%] Built target spider_interfaces__rosidl_typesupport_fastrtps_c__pyext
-- Install configuration: ""
-- Installing: /home/alexcc/repos/SPIDER_25008/install/spider_interfaces/share/ament_index/resource_index/rosidl_interfaces/spider_interfaces
-- Installing: /home/alexcc/repos/SPIDER_25008/install/spider_interfaces/include/spider_interfaces/spider_interfaces
-- Installing: /home/alexcc/repos/SPIDER_25008/install/spider_interfaces/include/spider_interfaces/spider_interfaces/msg
-- Installing: /home/alexcc/repos/SPIDER_25008/install/spider_interfaces/include/spider_interfaces/spider_interfaces/msg/loc_commands.h
-- Installing: /home/alexcc/repos/SPIDER_25008/install/spider_interfaces/include/spider_interfaces/spider_interfaces/msg/rosidl_generator_c__visibility_control.h
-- Installing: /home/alexcc/repos/SPIDER_25008/install/spider_interfaces/include/spider_interfaces/spider_interfaces/msg/detail
-- Installing: /home/alexcc/repos/SPIDER_25008/install/spider_interfaces/include/spider_interfaces/spider_interfaces/msg/detail/loc_commands__struct.h
-- Installing: /home/alexcc/repos/SPIDER_25008/install/spider_interfaces/include/spider_interfaces/spider_interfaces/msg/detail/loc_commands__functions.h
-- Installing: /home/alexcc/repos/SPIDER_25008/install/spider_interfaces/include/spider_interfaces/spider_interfaces/msg/detail/loc_commands__type_support.h
-- Installing: /home/alexcc/repos/SPIDER_25008/install/spider_interfaces/include/spider_interfaces/spider_interfaces/msg/detail/loc_commands__functions.c
-- Installing: /home/alexcc/repos/SPIDER_25008/install/spider_interfaces/include/spider_interfaces/spider_interfaces/srv
-- Installing: /home/alexcc/repos/SPIDER_25008/install/spider_interfaces/include/spider_interfaces/spider_interfaces/srv/detail
-- Installing: /home/alexcc/repos/SPIDER_25008/install/spider_interfaces/include/spider_interfaces/spider_interfaces/srv/detail/loc_service__functions.h
-- Installing: /home/alexcc/repos/SPIDER_25008/install/spider_interfaces/include/spider_interfaces/spider_interfaces/srv/detail/loc_service__struct.h
-- Installing: /home/alexcc/repos/SPIDER_25008/install/spider_interfaces/include/spider_interfaces/spider_interfaces/srv/detail/loc_service__functions.c
-- Installing: /home/alexcc/repos/SPIDER_25008/install/spider_interfaces/include/spider_interfaces/spider_interfaces/srv/detail/loc_service__type_support.h
-- Installing: /home/alexcc/repos/SPIDER_25008/install/spider_interfaces/include/spider_interfaces/spider_interfaces/srv/loc_service.h
-- Installing: /home/alexcc/repos/SPIDER_25008/install/spider_interfaces/share/spider_interfaces/environment/library_path.sh
-- Installing: /home/alexcc/repos/SPIDER_25008/install/spider_interfaces/share/spider_interfaces/environment/library_path.dsv
-- Installing: /home/alexcc/repos/SPIDER_25008/install/spider_interfaces/lib/libspider_interfaces__rosidl_generator_c.so
-- Set non-toolchain portion of runtime path of "/home/alexcc/repos/SPIDER_25008/install/spider_interfaces/lib/libspider_interfaces__rosidl_generator_c.so" to ""
-- Up-to-date: /home/alexcc/repos/SPIDER_25008/install/spider_interfaces/include/spider_interfaces/spider_interfaces
-- Up-to-date: /home/alexcc/repos/SPIDER_25008/install/spider_interfaces/include/spider_interfaces/spider_interfaces/msg
-- Up-to-date: /home/alexcc/repos/SPIDER_25008/install/spider_interfaces/include/spider_interfaces/spider_interfaces/msg/detail
-- Installing: /home/alexcc/repos/SPIDER_25008/install/spider_interfaces/include/spider_interfaces/spider_interfaces/msg/detail/loc_commands__rosidl_typesupport_fastrtps_c.h
-- Installing: /home/alexcc/repos/SPIDER_25008/install/spider_interfaces/include/spider_interfaces/spider_interfaces/msg/rosidl_typesupport_fastrtps_c__visibility_control.h
-- Up-to-date: /home/alexcc/repos/SPIDER_25008/install/spider_interfaces/include/spider_interfaces/spider_interfaces/srv
-- Up-to-date: /home/alexcc/repos/SPIDER_25008/install/spider_interfaces/include/spider_interfaces/spider_interfaces/srv/detail
-- Installing: /home/alexcc/repos/SPIDER_25008/install/spider_interfaces/include/spider_interfaces/spider_interfaces/srv/detail/loc_service__rosidl_typesupport_fastrtps_c.h
-- Installing: /home/alexcc/repos/SPIDER_25008/install/spider_interfaces/lib/libspider_interfaces__rosidl_typesupport_fastrtps_c.so
-- Set non-toolchain portion of runtime path of "/home/alexcc/repos/SPIDER_25008/install/spider_interfaces/lib/libspider_interfaces__rosidl_typesupport_fastrtps_c.so" to ""
-- Up-to-date: /home/alexcc/repos/SPIDER_25008/install/spider_interfaces/include/spider_interfaces/spider_interfaces
-- Up-to-date: /home/alexcc/repos/SPIDER_25008/install/spider_interfaces/include/spider_interfaces/spider_interfaces/msg
-- Up-to-date: /home/alexcc/repos/SPIDER_25008/install/spider_interfaces/include/spider_interfaces/spider_interfaces/msg/detail
-- Installing: /home/alexcc/repos/SPIDER_25008/install/spider_interfaces/include/spider_interfaces/spider_interfaces/msg/detail/loc_commands__type_support.hpp
-- Installing: /home/alexcc/repos/SPIDER_25008/install/spider_interfaces/include/spider_interfaces/spider_interfaces/msg/detail/loc_commands__builder.hpp
-- Installing: /home/alexcc/repos/SPIDER_25008/install/spider_interfaces/include/spider_interfaces/spider_interfaces/msg/detail/loc_commands__traits.hpp
-- Installing: /home/alexcc/repos/SPIDER_25008/install/spider_interfaces/include/spider_interfaces/spider_interfaces/msg/detail/loc_commands__struct.hpp
-- Installing: /home/alexcc/repos/SPIDER_25008/install/spider_interfaces/include/spider_interfaces/spider_interfaces/msg/loc_commands.hpp
-- Installing: /home/alexcc/repos/SPIDER_25008/install/spider_interfaces/include/spider_interfaces/spider_interfaces/msg/rosidl_generator_cpp__visibility_control.hpp
-- Up-to-date: /home/alexcc/repos/SPIDER_25008/install/spider_interfaces/include/spider_interfaces/spider_interfaces/srv
-- Installing: /home/alexcc/repos/SPIDER_25008/install/spider_interfaces/include/spider_interfaces/spider_interfaces/srv/loc_service.hpp
-- Up-to-date: /home/alexcc/repos/SPIDER_25008/install/spider_interfaces/include/spider_interfaces/spider_interfaces/srv/detail
-- Installing: /home/alexcc/repos/SPIDER_25008/install/spider_interfaces/include/spider_interfaces/spider_interfaces/srv/detail/loc_service__struct.hpp
-- Installing: /home/alexcc/repos/SPIDER_25008/install/spider_interfaces/include/spider_interfaces/spider_interfaces/srv/detail/loc_service__type_support.hpp
-- Installing: /home/alexcc/repos/SPIDER_25008/install/spider_interfaces/include/spider_interfaces/spider_interfaces/srv/detail/loc_service__builder.hpp
-- Installing: /home/alexcc/repos/SPIDER_25008/install/spider_interfaces/include/spider_interfaces/spider_interfaces/srv/detail/loc_service__traits.hpp
-- Up-to-date: /home/alexcc/repos/SPIDER_25008/install/spider_interfaces/include/spider_interfaces/spider_interfaces
-- Up-to-date: /home/alexcc/repos/SPIDER_25008/install/spider_interfaces/include/spider_interfaces/spider_interfaces/msg
-- Up-to-date: /home/alexcc/repos/SPIDER_25008/install/spider_interfaces/include/spider_interfaces/spider_interfaces/msg/detail
-- Installing: /home/alexcc/repos/SPIDER_25008/install/spider_interfaces/include/spider_interfaces/spider_interfaces/msg/detail/dds_fastrtps
-- Installing: /home/alexcc/repos/SPIDER_25008/install/spider_interfaces/include/spider_interfaces/spider_interfaces/msg/detail/loc_commands__rosidl_typesupport_fastrtps_cpp.hpp
-- Installing: /home/alexcc/repos/SPIDER_25008/install/spider_interfaces/include/spider_interfaces/spider_interfaces/msg/rosidl_typesupport_fastrtps_cpp__visibility_control.h
-- Up-to-date: /home/alexcc/repos/SPIDER_25008/install/spider_interfaces/include/spider_interfaces/spider_interfaces/srv
-- Up-to-date: /home/alexcc/repos/SPIDER_25008/install/spider_interfaces/include/spider_interfaces/spider_interfaces/srv/detail
-- Installing: /home/alexcc/repos/SPIDER_25008/install/spider_interfaces/include/spider_interfaces/spider_interfaces/srv/detail/dds_fastrtps
-- Installing: /home/alexcc/repos/SPIDER_25008/install/spider_interfaces/include/spider_interfaces/spider_interfaces/srv/detail/loc_service__rosidl_typesupport_fastrtps_cpp.hpp
-- Installing: /home/alexcc/repos/SPIDER_25008/install/spider_interfaces/lib/libspider_interfaces__rosidl_typesupport_fastrtps_cpp.so
-- Set non-toolchain portion of runtime path of "/home/alexcc/repos/SPIDER_25008/install/spider_interfaces/lib/libspider_interfaces__rosidl_typesupport_fastrtps_cpp.so" to ""
-- Up-to-date: /home/alexcc/repos/SPIDER_25008/install/spider_interfaces/include/spider_interfaces/spider_interfaces
-- Up-to-date: /home/alexcc/repos/SPIDER_25008/install/spider_interfaces/include/spider_interfaces/spider_interfaces/msg
-- Up-to-date: /home/alexcc/repos/SPIDER_25008/install/spider_interfaces/include/spider_interfaces/spider_interfaces/msg/detail
-- Installing: /home/alexcc/repos/SPIDER_25008/install/spider_interfaces/include/spider_interfaces/spider_interfaces/msg/detail/loc_commands__rosidl_typesupport_introspection_c.h
-- Installing: /home/alexcc/repos/SPIDER_25008/install/spider_interfaces/include/spider_interfaces/spider_interfaces/msg/detail/loc_commands__type_support.c
-- Installing: /home/alexcc/repos/SPIDER_25008/install/spider_interfaces/include/spider_interfaces/spider_interfaces/msg/rosidl_typesupport_introspection_c__visibility_control.h
-- Up-to-date: /home/alexcc/repos/SPIDER_25008/install/spider_interfaces/include/spider_interfaces/spider_interfaces/srv
-- Up-to-date: /home/alexcc/repos/SPIDER_25008/install/spider_interfaces/include/spider_interfaces/spider_interfaces/srv/detail
-- Installing: /home/alexcc/repos/SPIDER_25008/install/spider_interfaces/include/spider_interfaces/spider_interfaces/srv/detail/loc_service__type_support.c
-- Installing: /home/alexcc/repos/SPIDER_25008/install/spider_interfaces/include/spider_interfaces/spider_interfaces/srv/detail/loc_service__rosidl_typesupport_introspection_c.h
-- Installing: /home/alexcc/repos/SPIDER_25008/install/spider_interfaces/lib/libspider_interfaces__rosidl_typesupport_introspection_c.so
-- Set non-toolchain portion of runtime path of "/home/alexcc/repos/SPIDER_25008/install/spider_interfaces/lib/libspider_interfaces__rosidl_typesupport_introspection_c.so" to ""
-- Installing: /home/alexcc/repos/SPIDER_25008/install/spider_interfaces/lib/libspider_interfaces__rosidl_typesupport_c.so
-- Set non-toolchain portion of runtime path of "/home/alexcc/repos/SPIDER_25008/install/spider_interfaces/lib/libspider_interfaces__rosidl_typesupport_c.so" to ""
-- Up-to-date: /home/alexcc/repos/SPIDER_25008/install/spider_interfaces/include/spider_interfaces/spider_interfaces
-- Up-to-date: /home/alexcc/repos/SPIDER_25008/install/spider_interfaces/include/spider_interfaces/spider_interfaces/msg
-- Up-to-date: /home/alexcc/repos/SPIDER_25008/install/spider_interfaces/include/spider_interfaces/spider_interfaces/msg/detail
-- Installing: /home/alexcc/repos/SPIDER_25008/install/spider_interfaces/include/spider_interfaces/spider_interfaces/msg/detail/loc_commands__type_support.cpp
-- Installing: /home/alexcc/repos/SPIDER_25008/install/spider_interfaces/include/spider_interfaces/spider_interfaces/msg/detail/loc_commands__rosidl_typesupport_introspection_cpp.hpp
-- Up-to-date: /home/alexcc/repos/SPIDER_25008/install/spider_interfaces/include/spider_interfaces/spider_interfaces/srv
-- Up-to-date: /home/alexcc/repos/SPIDER_25008/install/spider_interfaces/include/spider_interfaces/spider_interfaces/srv/detail
-- Installing: /home/alexcc/repos/SPIDER_25008/install/spider_interfaces/include/spider_interfaces/spider_interfaces/srv/detail/loc_service__type_support.cpp
-- Installing: /home/alexcc/repos/SPIDER_25008/install/spider_interfaces/include/spider_interfaces/spider_interfaces/srv/detail/loc_service__rosidl_typesupport_introspection_cpp.hpp
-- Installing: /home/alexcc/repos/SPIDER_25008/install/spider_interfaces/lib/libspider_interfaces__rosidl_typesupport_introspection_cpp.so
-- Set non-toolchain portion of runtime path of "/home/alexcc/repos/SPIDER_25008/install/spider_interfaces/lib/libspider_interfaces__rosidl_typesupport_introspection_cpp.so" to ""
-- Installing: /home/alexcc/repos/SPIDER_25008/install/spider_interfaces/lib/libspider_interfaces__rosidl_typesupport_cpp.so
-- Set non-toolchain portion of runtime path of "/home/alexcc/repos/SPIDER_25008/install/spider_interfaces/lib/libspider_interfaces__rosidl_typesupport_cpp.so" to ""
-- Installing: /home/alexcc/repos/SPIDER_25008/install/spider_interfaces/share/spider_interfaces/environment/pythonpath.sh
-- Installing: /home/alexcc/repos/SPIDER_25008/install/spider_interfaces/share/spider_interfaces/environment/pythonpath.dsv
-- Installing: /home/alexcc/repos/SPIDER_25008/install/spider_interfaces/local/lib/python3.10/dist-packages/spider_interfaces-0.0.0-py3.10.egg-info
-- Installing: /home/alexcc/repos/SPIDER_25008/install/spider_interfaces/local/lib/python3.10/dist-packages/spider_interfaces-0.0.0-py3.10.egg-info/dependency_links.txt
-- Installing: /home/alexcc/repos/SPIDER_25008/install/spider_interfaces/local/lib/python3.10/dist-packages/spider_interfaces-0.0.0-py3.10.egg-info/PKG-INFO
-- Installing: /home/alexcc/repos/SPIDER_25008/install/spider_interfaces/local/lib/python3.10/dist-packages/spider_interfaces-0.0.0-py3.10.egg-info/SOURCES.txt
-- Installing: /home/alexcc/repos/SPIDER_25008/install/spider_interfaces/local/lib/python3.10/dist-packages/spider_interfaces-0.0.0-py3.10.egg-info/top_level.txt
-- Installing: /home/alexcc/repos/SPIDER_25008/install/spider_interfaces/local/lib/python3.10/dist-packages/spider_interfaces
-- Installing: /home/alexcc/repos/SPIDER_25008/install/spider_interfaces/local/lib/python3.10/dist-packages/spider_interfaces/_spider_interfaces_s.ep.rosidl_typesupport_introspection_c.c
-- Installing: /home/alexcc/repos/SPIDER_25008/install/spider_interfaces/local/lib/python3.10/dist-packages/spider_interfaces/libspider_interfaces__rosidl_generator_py.so
-- Installing: /home/alexcc/repos/SPIDER_25008/install/spider_interfaces/local/lib/python3.10/dist-packages/spider_interfaces/_spider_interfaces_s.ep.rosidl_typesupport_fastrtps_c.c
-- Installing: /home/alexcc/repos/SPIDER_25008/install/spider_interfaces/local/lib/python3.10/dist-packages/spider_interfaces/spider_interfaces_s__rosidl_typesupport_fastrtps_c.cpython-310-aarch64-linux-gnu.so
-- Installing: /home/alexcc/repos/SPIDER_25008/install/spider_interfaces/local/lib/python3.10/dist-packages/spider_interfaces/_spider_interfaces_s.ep.rosidl_typesupport_c.c
-- Installing: /home/alexcc/repos/SPIDER_25008/install/spider_interfaces/local/lib/python3.10/dist-packages/spider_interfaces/spider_interfaces_s__rosidl_typesupport_c.cpython-310-aarch64-linux-gnu.so
-- Installing: /home/alexcc/repos/SPIDER_25008/install/spider_interfaces/local/lib/python3.10/dist-packages/spider_interfaces/msg
-- Installing: /home/alexcc/repos/SPIDER_25008/install/spider_interfaces/local/lib/python3.10/dist-packages/spider_interfaces/msg/_loc_commands.py
-- Installing: /home/alexcc/repos/SPIDER_25008/install/spider_interfaces/local/lib/python3.10/dist-packages/spider_interfaces/msg/__init__.py
-- Installing: /home/alexcc/repos/SPIDER_25008/install/spider_interfaces/local/lib/python3.10/dist-packages/spider_interfaces/msg/_loc_commands_s.c
-- Installing: /home/alexcc/repos/SPIDER_25008/install/spider_interfaces/local/lib/python3.10/dist-packages/spider_interfaces/__init__.py
-- Installing: /home/alexcc/repos/SPIDER_25008/install/spider_interfaces/local/lib/python3.10/dist-packages/spider_interfaces/srv
-- Installing: /home/alexcc/repos/SPIDER_25008/install/spider_interfaces/local/lib/python3.10/dist-packages/spider_interfaces/srv/_loc_service_s.c
-- Installing: /home/alexcc/repos/SPIDER_25008/install/spider_interfaces/local/lib/python3.10/dist-packages/spider_interfaces/srv/_loc_service.py
-- Installing: /home/alexcc/repos/SPIDER_25008/install/spider_interfaces/local/lib/python3.10/dist-packages/spider_interfaces/srv/__init__.py
-- Installing: /home/alexcc/repos/SPIDER_25008/install/spider_interfaces/local/lib/python3.10/dist-packages/spider_interfaces/spider_interfaces_s__rosidl_typesupport_introspection_c.cpython-310-aarch64-linux-gnu.so
Listing '/home/alexcc/repos/SPIDER_25008/install/spider_interfaces/local/lib/python3.10/dist-packages/spider_interfaces'...
Compiling '/home/alexcc/repos/SPIDER_25008/install/spider_interfaces/local/lib/python3.10/dist-packages/spider_interfaces/__init__.py'...
Listing '/home/alexcc/repos/SPIDER_25008/install/spider_interfaces/local/lib/python3.10/dist-packages/spider_interfaces/msg'...
Compiling '/home/alexcc/repos/SPIDER_25008/install/spider_interfaces/local/lib/python3.10/dist-packages/spider_interfaces/msg/__init__.py'...
Compiling '/home/alexcc/repos/SPIDER_25008/install/spider_interfaces/local/lib/python3.10/dist-packages/spider_interfaces/msg/_loc_commands.py'...
Listing '/home/alexcc/repos/SPIDER_25008/install/spider_interfaces/local/lib/python3.10/dist-packages/spider_interfaces/srv'...
Compiling '/home/alexcc/repos/SPIDER_25008/install/spider_interfaces/local/lib/python3.10/dist-packages/spider_interfaces/srv/__init__.py'...
Compiling '/home/alexcc/repos/SPIDER_25008/install/spider_interfaces/local/lib/python3.10/dist-packages/spider_interfaces/srv/_loc_service.py'...
-- Installing: /home/alexcc/repos/SPIDER_25008/install/spider_interfaces/local/lib/python3.10/dist-packages/spider_interfaces/spider_interfaces_s__rosidl_typesupport_fastrtps_c.cpython-310-aarch64-linux-gnu.so
-- Set non-toolchain portion of runtime path of "/home/alexcc/repos/SPIDER_25008/install/spider_interfaces/local/lib/python3.10/dist-packages/spider_interfaces/spider_interfaces_s__rosidl_typesupport_fastrtps_c.cpython-310-aarch64-linux-gnu.so" to ""
-- Installing: /home/alexcc/repos/SPIDER_25008/install/spider_interfaces/local/lib/python3.10/dist-packages/spider_interfaces/spider_interfaces_s__rosidl_typesupport_introspection_c.cpython-310-aarch64-linux-gnu.so
-- Set non-toolchain portion of runtime path of "/home/alexcc/repos/SPIDER_25008/install/spider_interfaces/local/lib/python3.10/dist-packages/spider_interfaces/spider_interfaces_s__rosidl_typesupport_introspection_c.cpython-310-aarch64-linux-gnu.so" to ""
-- Installing: /home/alexcc/repos/SPIDER_25008/install/spider_interfaces/local/lib/python3.10/dist-packages/spider_interfaces/spider_interfaces_s__rosidl_typesupport_c.cpython-310-aarch64-linux-gnu.so
-- Set non-toolchain portion of runtime path of "/home/alexcc/repos/SPIDER_25008/install/spider_interfaces/local/lib/python3.10/dist-packages/spider_interfaces/spider_interfaces_s__rosidl_typesupport_c.cpython-310-aarch64-linux-gnu.so" to ""
-- Installing: /home/alexcc/repos/SPIDER_25008/install/spider_interfaces/lib/libspider_interfaces__rosidl_generator_py.so
-- Set non-toolchain portion of runtime path of "/home/alexcc/repos/SPIDER_25008/install/spider_interfaces/lib/libspider_interfaces__rosidl_generator_py.so" to ""
-- Installing: /home/alexcc/repos/SPIDER_25008/install/spider_interfaces/share/spider_interfaces/msg/LocCommands.idl
-- Installing: /home/alexcc/repos/SPIDER_25008/install/spider_interfaces/share/spider_interfaces/srv/LocService.idl
-- Installing: /home/alexcc/repos/SPIDER_25008/install/spider_interfaces/share/spider_interfaces/msg/LocCommands.msg
-- Installing: /home/alexcc/repos/SPIDER_25008/install/spider_interfaces/share/spider_interfaces/srv/LocService.srv
-- Installing: /home/alexcc/repos/SPIDER_25008/install/spider_interfaces/share/spider_interfaces/srv/LocService_Request.msg
-- Installing: /home/alexcc/repos/SPIDER_25008/install/spider_interfaces/share/spider_interfaces/srv/LocService_Response.msg
-- Installing: /home/alexcc/repos/SPIDER_25008/install/spider_interfaces/share/ament_index/resource_index/package_run_dependencies/spider_interfaces
-- Installing: /home/alexcc/repos/SPIDER_25008/install/spider_interfaces/share/ament_index/resource_index/parent_prefix_path/spider_interfaces
-- Installing: /home/alexcc/repos/SPIDER_25008/install/spider_interfaces/share/spider_interfaces/environment/ament_prefix_path.sh
-- Installing: /home/alexcc/repos/SPIDER_25008/install/spider_interfaces/share/spider_interfaces/environment/ament_prefix_path.dsv
-- Installing: /home/alexcc/repos/SPIDER_25008/install/spider_interfaces/share/spider_interfaces/environment/path.sh
-- Installing: /home/alexcc/repos/SPIDER_25008/install/spider_interfaces/share/spider_interfaces/environment/path.dsv
-- Installing: /home/alexcc/repos/SPIDER_25008/install/spider_interfaces/share/spider_interfaces/local_setup.bash
-- Installing: /home/alexcc/repos/SPIDER_25008/install/spider_interfaces/share/spider_interfaces/local_setup.sh
-- Installing: /home/alexcc/repos/SPIDER_25008/install/spider_interfaces/share/spider_interfaces/local_setup.zsh
-- Installing: /home/alexcc/repos/SPIDER_25008/install/spider_interfaces/share/spider_interfaces/local_setup.dsv
-- Installing: /home/alexcc/repos/SPIDER_25008/install/spider_interfaces/share/spider_interfaces/package.dsv
-- Installing: /home/alexcc/repos/SPIDER_25008/install/spider_interfaces/share/ament_index/resource_index/packages/spider_interfaces
-- Installing: /home/alexcc/repos/SPIDER_25008/install/spider_interfaces/share/spider_interfaces/cmake/export_spider_interfaces__rosidl_generator_cExport.cmake
-- Installing: /home/alexcc/repos/SPIDER_25008/install/spider_interfaces/share/spider_interfaces/cmake/export_spider_interfaces__rosidl_generator_cExport-noconfig.cmake
-- Installing: /home/alexcc/repos/SPIDER_25008/install/spider_interfaces/share/spider_interfaces/cmake/export_spider_interfaces__rosidl_typesupport_fastrtps_cExport.cmake
-- Installing: /home/alexcc/repos/SPIDER_25008/install/spider_interfaces/share/spider_interfaces/cmake/export_spider_interfaces__rosidl_typesupport_fastrtps_cExport-noconfig.cmake
-- Installing: /home/alexcc/repos/SPIDER_25008/install/spider_interfaces/share/spider_interfaces/cmake/export_spider_interfaces__rosidl_generator_cppExport.cmake
-- Installing: /home/alexcc/repos/SPIDER_25008/install/spider_interfaces/share/spider_interfaces/cmake/export_spider_interfaces__rosidl_typesupport_fastrtps_cppExport.cmake
-- Installing: /home/alexcc/repos/SPIDER_25008/install/spider_interfaces/share/spider_interfaces/cmake/export_spider_interfaces__rosidl_typesupport_fastrtps_cppExport-noconfig.cmake
-- Installing: /home/alexcc/repos/SPIDER_25008/install/spider_interfaces/share/spider_interfaces/cmake/spider_interfaces__rosidl_typesupport_introspection_cExport.cmake
-- Installing: /home/alexcc/repos/SPIDER_25008/install/spider_interfaces/share/spider_interfaces/cmake/spider_interfaces__rosidl_typesupport_introspection_cExport-noconfig.cmake
-- Installing: /home/alexcc/repos/SPIDER_25008/install/spider_interfaces/share/spider_interfaces/cmake/spider_interfaces__rosidl_typesupport_cExport.cmake
-- Installing: /home/alexcc/repos/SPIDER_25008/install/spider_interfaces/share/spider_interfaces/cmake/spider_interfaces__rosidl_typesupport_cExport-noconfig.cmake
-- Installing: /home/alexcc/repos/SPIDER_25008/install/spider_interfaces/share/spider_interfaces/cmake/spider_interfaces__rosidl_typesupport_introspection_cppExport.cmake
-- Installing: /home/alexcc/repos/SPIDER_25008/install/spider_interfaces/share/spider_interfaces/cmake/spider_interfaces__rosidl_typesupport_introspection_cppExport-noconfig.cmake
-- Installing: /home/alexcc/repos/SPIDER_25008/install/spider_interfaces/share/spider_interfaces/cmake/spider_interfaces__rosidl_typesupport_cppExport.cmake
-- Installing: /home/alexcc/repos/SPIDER_25008/install/spider_interfaces/share/spider_interfaces/cmake/spider_interfaces__rosidl_typesupport_cppExport-noconfig.cmake
-- Installing: /home/alexcc/repos/SPIDER_25008/install/spider_interfaces/share/spider_interfaces/cmake/export_spider_interfaces__rosidl_generator_pyExport.cmake
-- Installing: /home/alexcc/repos/SPIDER_25008/install/spider_interfaces/share/spider_interfaces/cmake/export_spider_interfaces__rosidl_generator_pyExport-noconfig.cmake
-- Installing: /home/alexcc/repos/SPIDER_25008/install/spider_interfaces/share/spider_interfaces/cmake/rosidl_cmake-extras.cmake
-- Installing: /home/alexcc/repos/SPIDER_25008/install/spider_interfaces/share/spider_interfaces/cmake/ament_cmake_export_dependencies-extras.cmake
-- Installing: /home/alexcc/repos/SPIDER_25008/install/spider_interfaces/share/spider_interfaces/cmake/ament_cmake_export_include_directories-extras.cmake
-- Installing: /home/alexcc/repos/SPIDER_25008/install/spider_interfaces/share/spider_interfaces/cmake/ament_cmake_export_libraries-extras.cmake
-- Installing: /home/alexcc/repos/SPIDER_25008/install/spider_interfaces/share/spider_interfaces/cmake/ament_cmake_export_targets-extras.cmake
-- Installing: /home/alexcc/repos/SPIDER_25008/install/spider_interfaces/share/spider_interfaces/cmake/rosidl_cmake_export_typesupport_targets-extras.cmake
-- Installing: /home/alexcc/repos/SPIDER_25008/install/spider_interfaces/share/spider_interfaces/cmake/rosidl_cmake_export_typesupport_libraries-extras.cmake
-- Installing: /home/alexcc/repos/SPIDER_25008/install/spider_interfaces/share/spider_interfaces/cmake/spider_interfacesConfig.cmake
-- Installing: /home/alexcc/repos/SPIDER_25008/install/spider_interfaces/share/spider_interfaces/cmake/spider_interfacesConfig-version.cmake
-- Installing: /home/alexcc/repos/SPIDER_25008/install/spider_interfaces/share/spider_interfaces/package.xml
