running egg_info
writing ../../../build/weed_detection/weed_detection.egg-info/PKG-INFO
writing dependency_links to ../../../build/weed_detection/weed_detection.egg-info/dependency_links.txt
writing entry points to ../../../build/weed_detection/weed_detection.egg-info/entry_points.txt
writing requirements to ../../../build/weed_detection/weed_detection.egg-info/requires.txt
writing top-level names to ../../../build/weed_detection/weed_detection.egg-info/top_level.txt
reading manifest file '../../../build/weed_detection/weed_detection.egg-info/SOURCES.txt'
writing manifest file '../../../build/weed_detection/weed_detection.egg-info/SOURCES.txt'
running build
running build_py
copying weed_detection/__init__.py -> /home/alexcc/repos/SPIDER_25008/build/weed_detection/build/lib/weed_detection
running install
running install_lib
copying /home/alexcc/repos/SPIDER_25008/build/weed_detection/build/lib/weed_detection/__init__.py -> /home/alexcc/repos/SPIDER_25008/install/weed_detection/lib/python3.10/site-packages/weed_detection
byte-compiling /home/alexcc/repos/SPIDER_25008/install/weed_detection/lib/python3.10/site-packages/weed_detection/__init__.py to __init__.cpython-310.pyc
running install_data
copying resource/weed_detection -> /home/alexcc/repos/SPIDER_25008/install/weed_detection/share/ament_index/resource_index/packages
copying package.xml -> /home/alexcc/repos/SPIDER_25008/install/weed_detection/share/weed_detection
running install_egg_info
Copying ../../../build/weed_detection/weed_detection.egg-info to /home/alexcc/repos/SPIDER_25008/install/weed_detection/lib/python3.10/site-packages/weed_detection-0.0.0-py3.10.egg-info
running install_scripts
writing list of installed files to '/home/alexcc/repos/SPIDER_25008/build/weed_detection/install.log'
