[1.923s] Invoking command in '/home/alexcc/repos/SPIDER_25008/SPIDER_ws/src/weed_detection': AMENT_PREFIX_PATH=/home/alexcc/repos/SPIDER_25008/install/spider_interfaces:${AMENT_PREFIX_PATH} CMAKE_PREFIX_PATH=/home/alexcc/repos/SPIDER_25008/install/spider_interfaces LD_LIBRARY_PATH=/home/alexcc/repos/SPIDER_25008/install/spider_interfaces/lib:${LD_LIBRARY_PATH} PYTHONPATH=/home/alexcc/repos/SPIDER_25008/build/weed_detection/prefix_override:/usr/lib/python3/dist-packages/colcon_core/task/python/colcon_distutils_commands:/home/alexcc/repos/SPIDER_25008/install/weed_detection/lib/python3.10/site-packages:/home/alexcc/repos/SPIDER_25008/install/spider_interfaces/local/lib/python3.10/dist-packages:${PYTHONPATH} /usr/bin/python3 -W ignore:setup.py install is deprecated -W ignore:easy_install command is deprecated setup.py egg_info --egg-base ../../../build/weed_detection build --build-base /home/alexcc/repos/SPIDER_25008/build/weed_detection/build install --record /home/alexcc/repos/SPIDER_25008/build/weed_detection/install.log --single-version-externally-managed install_data
[2.420s] running egg_info
[2.422s] writing ../../../build/weed_detection/weed_detection.egg-info/PKG-INFO
[2.422s] writing dependency_links to ../../../build/weed_detection/weed_detection.egg-info/dependency_links.txt
[2.422s] writing entry points to ../../../build/weed_detection/weed_detection.egg-info/entry_points.txt
[2.423s] writing requirements to ../../../build/weed_detection/weed_detection.egg-info/requires.txt
[2.423s] writing top-level names to ../../../build/weed_detection/weed_detection.egg-info/top_level.txt
[2.426s] reading manifest file '../../../build/weed_detection/weed_detection.egg-info/SOURCES.txt'
[2.428s] writing manifest file '../../../build/weed_detection/weed_detection.egg-info/SOURCES.txt'
[2.428s] running build
[2.428s] running build_py
[2.429s] copying weed_detection/__init__.py -> /home/alexcc/repos/SPIDER_25008/build/weed_detection/build/lib/weed_detection
[2.429s] running install
[2.430s] running install_lib
[2.434s] copying /home/alexcc/repos/SPIDER_25008/build/weed_detection/build/lib/weed_detection/__init__.py -> /home/alexcc/repos/SPIDER_25008/install/weed_detection/lib/python3.10/site-packages/weed_detection
[2.435s] byte-compiling /home/alexcc/repos/SPIDER_25008/install/weed_detection/lib/python3.10/site-packages/weed_detection/__init__.py to __init__.cpython-310.pyc
[2.435s] running install_data
[2.436s] copying resource/weed_detection -> /home/alexcc/repos/SPIDER_25008/install/weed_detection/share/ament_index/resource_index/packages
[2.436s] copying package.xml -> /home/alexcc/repos/SPIDER_25008/install/weed_detection/share/weed_detection
[2.436s] running install_egg_info
[2.440s] Copying ../../../build/weed_detection/weed_detection.egg-info to /home/alexcc/repos/SPIDER_25008/install/weed_detection/lib/python3.10/site-packages/weed_detection-0.0.0-py3.10.egg-info
[2.442s] running install_scripts
[2.483s] writing list of installed files to '/home/alexcc/repos/SPIDER_25008/build/weed_detection/install.log'
[2.555s] Invoked command in '/home/alexcc/repos/SPIDER_25008/SPIDER_ws/src/weed_detection' returned '0': AMENT_PREFIX_PATH=/home/alexcc/repos/SPIDER_25008/install/spider_interfaces:${AMENT_PREFIX_PATH} CMAKE_PREFIX_PATH=/home/alexcc/repos/SPIDER_25008/install/spider_interfaces LD_LIBRARY_PATH=/home/alexcc/repos/SPIDER_25008/install/spider_interfaces/lib:${LD_LIBRARY_PATH} PYTHONPATH=/home/alexcc/repos/SPIDER_25008/build/weed_detection/prefix_override:/usr/lib/python3/dist-packages/colcon_core/task/python/colcon_distutils_commands:/home/alexcc/repos/SPIDER_25008/install/weed_detection/lib/python3.10/site-packages:/home/alexcc/repos/SPIDER_25008/install/spider_interfaces/local/lib/python3.10/dist-packages:${PYTHONPATH} /usr/bin/python3 -W ignore:setup.py install is deprecated -W ignore:easy_install command is deprecated setup.py egg_info --egg-base ../../../build/weed_detection build --build-base /home/alexcc/repos/SPIDER_25008/build/weed_detection/build install --record /home/alexcc/repos/SPIDER_25008/build/weed_detection/install.log --single-version-externally-managed install_data
