[0.225s] [34mcolcon[0m [1;30mDEBUG[0m [32mCommand line arguments: ['/usr/bin/colcon', 'build', '--symlink-install'][0m
[0.225s] [34mcolcon[0m [1;30mDEBUG[0m [32mParsed command line arguments: Namespace(log_base=None, log_level=None, verb_name='build', build_base='build', install_base='install', merge_install=False, symlink_install=True, test_result_base=None, continue_on_error=False, executor='parallel', parallel_workers=6, event_handlers=None, ignore_user_meta=False, metas=['./colcon.meta'], base_paths=['.'], packages_ignore=None, packages_ignore_regex=None, paths=None, packages_up_to=None, packages_up_to_regex=None, packages_above=None, packages_above_and_dependencies=None, packages_above_depth=None, packages_select_by_dep=None, packages_skip_by_dep=None, packages_skip_up_to=None, packages_select_build_failed=False, packages_skip_build_finished=False, packages_select_test_failures=False, packages_skip_test_passed=False, packages_select=None, packages_skip=None, packages_select_regex=None, packages_skip_regex=None, packages_start=None, packages_end=None, allow_overriding=[], cmake_args=None, cmake_target=None, cmake_target_skip_unavailable=False, cmake_clean_cache=False, cmake_clean_first=False, cmake_force_configure=False, ament_cmake_args=None, catkin_cmake_args=None, catkin_skip_building_tests=False, verb_parser=<colcon_defaults.argument_parser.defaults.DefaultArgumentsDecorator object at 0xffff8e326bc0>, verb_extension=<colcon_core.verb.build.BuildVerb object at 0xffff8e326770>, main=<bound method BuildVerb.main of <colcon_core.verb.build.BuildVerb object at 0xffff8e326770>>)[0m
[0.528s] [34mcolcon.colcon_core.package_discovery[0m [1;30mLevel 1[0m discover_packages(colcon_meta) check parameters
[0.528s] [34mcolcon.colcon_core.package_discovery[0m [1;30mLevel 1[0m discover_packages(recursive) check parameters
[0.529s] [34mcolcon.colcon_core.package_discovery[0m [1;30mLevel 1[0m discover_packages(ignore) check parameters
[0.529s] [34mcolcon.colcon_core.package_discovery[0m [1;30mLevel 1[0m discover_packages(path) check parameters
[0.529s] [34mcolcon.colcon_core.package_discovery[0m [1;30mLevel 1[0m discover_packages(colcon_meta) discover
[0.529s] [34mcolcon.colcon_core.package_discovery[0m [1;30mLevel 1[0m discover_packages(recursive) discover
[0.529s] [34mcolcon.colcon_core.package_discovery[0m [1;30mINFO[0m Crawling recursively for packages in '/home/alexcc/repos/SPIDER_25008/SPIDER_ws'
[0.529s] [34mcolcon.colcon_core.package_identification[0m [1;30mLevel 1[0m _identify(.) by extensions ['ignore', 'ignore_ament_install']
[0.529s] [34mcolcon.colcon_core.package_identification[0m [1;30mLevel 1[0m _identify(.) by extension 'ignore'
[0.530s] [34mcolcon.colcon_core.package_identification[0m [1;30mLevel 1[0m _identify(.) by extension 'ignore_ament_install'
[0.530s] [34mcolcon.colcon_core.package_identification[0m [1;30mLevel 1[0m _identify(.) by extensions ['colcon_pkg']
[0.530s] [34mcolcon.colcon_core.package_identification[0m [1;30mLevel 1[0m _identify(.) by extension 'colcon_pkg'
[0.530s] [34mcolcon.colcon_core.package_identification[0m [1;30mLevel 1[0m _identify(.) by extensions ['colcon_meta']
[0.530s] [34mcolcon.colcon_core.package_identification[0m [1;30mLevel 1[0m _identify(.) by extension 'colcon_meta'
[0.530s] [34mcolcon.colcon_core.package_identification[0m [1;30mLevel 1[0m _identify(.) by extensions ['ros']
[0.530s] [34mcolcon.colcon_core.package_identification[0m [1;30mLevel 1[0m _identify(.) by extension 'ros'
[0.554s] [34mcolcon.colcon_core.package_identification[0m [1;30mLevel 1[0m _identify(.) by extensions ['cmake', 'python']
[0.554s] [34mcolcon.colcon_core.package_identification[0m [1;30mLevel 1[0m _identify(.) by extension 'cmake'
[0.554s] [34mcolcon.colcon_core.package_identification[0m [1;30mLevel 1[0m _identify(.) by extension 'python'
[0.554s] [34mcolcon.colcon_core.package_identification[0m [1;30mLevel 1[0m _identify(.) by extensions ['python_setup_py']
[0.554s] [34mcolcon.colcon_core.package_identification[0m [1;30mLevel 1[0m _identify(.) by extension 'python_setup_py'
[0.555s] [34mcolcon.colcon_core.package_identification[0m [1;30mLevel 1[0m _identify(build) by extensions ['ignore', 'ignore_ament_install']
[0.555s] [34mcolcon.colcon_core.package_identification[0m [1;30mLevel 1[0m _identify(build) by extension 'ignore'
[0.555s] [34mcolcon.colcon_core.package_identification[0m [1;30mLevel 1[0m _identify(build) ignored
[0.555s] [34mcolcon.colcon_core.package_identification[0m [1;30mLevel 1[0m _identify(config) by extensions ['ignore', 'ignore_ament_install']
[0.555s] [34mcolcon.colcon_core.package_identification[0m [1;30mLevel 1[0m _identify(config) by extension 'ignore'
[0.555s] [34mcolcon.colcon_core.package_identification[0m [1;30mLevel 1[0m _identify(config) by extension 'ignore_ament_install'
[0.556s] [34mcolcon.colcon_core.package_identification[0m [1;30mLevel 1[0m _identify(config) by extensions ['colcon_pkg']
[0.556s] [34mcolcon.colcon_core.package_identification[0m [1;30mLevel 1[0m _identify(config) by extension 'colcon_pkg'
[0.556s] [34mcolcon.colcon_core.package_identification[0m [1;30mLevel 1[0m _identify(config) by extensions ['colcon_meta']
[0.556s] [34mcolcon.colcon_core.package_identification[0m [1;30mLevel 1[0m _identify(config) by extension 'colcon_meta'
[0.556s] [34mcolcon.colcon_core.package_identification[0m [1;30mLevel 1[0m _identify(config) by extensions ['ros']
[0.556s] [34mcolcon.colcon_core.package_identification[0m [1;30mLevel 1[0m _identify(config) by extension 'ros'
[0.556s] [34mcolcon.colcon_core.package_identification[0m [1;30mLevel 1[0m _identify(config) by extensions ['cmake', 'python']
[0.556s] [34mcolcon.colcon_core.package_identification[0m [1;30mLevel 1[0m _identify(config) by extension 'cmake'
[0.556s] [34mcolcon.colcon_core.package_identification[0m [1;30mLevel 1[0m _identify(config) by extension 'python'
[0.556s] [34mcolcon.colcon_core.package_identification[0m [1;30mLevel 1[0m _identify(config) by extensions ['python_setup_py']
[0.556s] [34mcolcon.colcon_core.package_identification[0m [1;30mLevel 1[0m _identify(config) by extension 'python_setup_py'
[0.557s] [34mcolcon.colcon_core.package_identification[0m [1;30mLevel 1[0m _identify(install) by extensions ['ignore', 'ignore_ament_install']
[0.557s] [34mcolcon.colcon_core.package_identification[0m [1;30mLevel 1[0m _identify(install) by extension 'ignore'
[0.557s] [34mcolcon.colcon_core.package_identification[0m [1;30mLevel 1[0m _identify(install) ignored
[0.558s] [34mcolcon.colcon_core.package_identification[0m [1;30mLevel 1[0m _identify(log) by extensions ['ignore', 'ignore_ament_install']
[0.558s] [34mcolcon.colcon_core.package_identification[0m [1;30mLevel 1[0m _identify(log) by extension 'ignore'
[0.558s] [34mcolcon.colcon_core.package_identification[0m [1;30mLevel 1[0m _identify(log) ignored
[0.558s] [34mcolcon.colcon_core.package_identification[0m [1;30mLevel 1[0m _identify(src) by extensions ['ignore', 'ignore_ament_install']
[0.558s] [34mcolcon.colcon_core.package_identification[0m [1;30mLevel 1[0m _identify(src) by extension 'ignore'
[0.558s] [34mcolcon.colcon_core.package_identification[0m [1;30mLevel 1[0m _identify(src) by extension 'ignore_ament_install'
[0.559s] [34mcolcon.colcon_core.package_identification[0m [1;30mLevel 1[0m _identify(src) by extensions ['colcon_pkg']
[0.559s] [34mcolcon.colcon_core.package_identification[0m [1;30mLevel 1[0m _identify(src) by extension 'colcon_pkg'
[0.559s] [34mcolcon.colcon_core.package_identification[0m [1;30mLevel 1[0m _identify(src) by extensions ['colcon_meta']
[0.559s] [34mcolcon.colcon_core.package_identification[0m [1;30mLevel 1[0m _identify(src) by extension 'colcon_meta'
[0.559s] [34mcolcon.colcon_core.package_identification[0m [1;30mLevel 1[0m _identify(src) by extensions ['ros']
[0.559s] [34mcolcon.colcon_core.package_identification[0m [1;30mLevel 1[0m _identify(src) by extension 'ros'
[0.559s] [34mcolcon.colcon_core.package_identification[0m [1;30mLevel 1[0m _identify(src) by extensions ['cmake', 'python']
[0.559s] [34mcolcon.colcon_core.package_identification[0m [1;30mLevel 1[0m _identify(src) by extension 'cmake'
[0.559s] [34mcolcon.colcon_core.package_identification[0m [1;30mLevel 1[0m _identify(src) by extension 'python'
[0.559s] [34mcolcon.colcon_core.package_identification[0m [1;30mLevel 1[0m _identify(src) by extensions ['python_setup_py']
[0.559s] [34mcolcon.colcon_core.package_identification[0m [1;30mLevel 1[0m _identify(src) by extension 'python_setup_py'
[0.560s] [34mcolcon.colcon_core.package_identification[0m [1;30mLevel 1[0m _identify(src/data_transfer) by extensions ['ignore', 'ignore_ament_install']
[0.560s] [34mcolcon.colcon_core.package_identification[0m [1;30mLevel 1[0m _identify(src/data_transfer) by extension 'ignore'
[0.560s] [34mcolcon.colcon_core.package_identification[0m [1;30mLevel 1[0m _identify(src/data_transfer) by extension 'ignore_ament_install'
[0.560s] [34mcolcon.colcon_core.package_identification[0m [1;30mLevel 1[0m _identify(src/data_transfer) by extensions ['colcon_pkg']
[0.560s] [34mcolcon.colcon_core.package_identification[0m [1;30mLevel 1[0m _identify(src/data_transfer) by extension 'colcon_pkg'
[0.560s] [34mcolcon.colcon_core.package_identification[0m [1;30mLevel 1[0m _identify(src/data_transfer) by extensions ['colcon_meta']
[0.560s] [34mcolcon.colcon_core.package_identification[0m [1;30mLevel 1[0m _identify(src/data_transfer) by extension 'colcon_meta'
[0.560s] [34mcolcon.colcon_core.package_identification[0m [1;30mLevel 1[0m _identify(src/data_transfer) by extensions ['ros']
[0.560s] [34mcolcon.colcon_core.package_identification[0m [1;30mLevel 1[0m _identify(src/data_transfer) by extension 'ros'
[0.566s] [34mcolcon.colcon_core.package_identification[0m [1;30mDEBUG[0m [32mPackage 'src/data_transfer' with type 'ros.ament_python' and name 'data_transfer'[0m
[0.566s] [34mcolcon.colcon_core.package_identification[0m [1;30mLevel 1[0m _identify(src/locomotion) by extensions ['ignore', 'ignore_ament_install']
[0.566s] [34mcolcon.colcon_core.package_identification[0m [1;30mLevel 1[0m _identify(src/locomotion) by extension 'ignore'
[0.566s] [34mcolcon.colcon_core.package_identification[0m [1;30mLevel 1[0m _identify(src/locomotion) by extension 'ignore_ament_install'
[0.567s] [34mcolcon.colcon_core.package_identification[0m [1;30mLevel 1[0m _identify(src/locomotion) by extensions ['colcon_pkg']
[0.567s] [34mcolcon.colcon_core.package_identification[0m [1;30mLevel 1[0m _identify(src/locomotion) by extension 'colcon_pkg'
[0.567s] [34mcolcon.colcon_core.package_identification[0m [1;30mLevel 1[0m _identify(src/locomotion) by extensions ['colcon_meta']
[0.567s] [34mcolcon.colcon_core.package_identification[0m [1;30mLevel 1[0m _identify(src/locomotion) by extension 'colcon_meta'
[0.567s] [34mcolcon.colcon_core.package_identification[0m [1;30mLevel 1[0m _identify(src/locomotion) by extensions ['ros']
[0.567s] [34mcolcon.colcon_core.package_identification[0m [1;30mLevel 1[0m _identify(src/locomotion) by extension 'ros'
[0.568s] [34mcolcon.colcon_core.package_identification[0m [1;30mDEBUG[0m [32mPackage 'src/locomotion' with type 'ros.ament_python' and name 'locomotion'[0m
[0.568s] [34mcolcon.colcon_core.package_identification[0m [1;30mLevel 1[0m _identify(src/spider_interfaces) by extensions ['ignore', 'ignore_ament_install']
[0.569s] [34mcolcon.colcon_core.package_identification[0m [1;30mLevel 1[0m _identify(src/spider_interfaces) by extension 'ignore'
[0.569s] [34mcolcon.colcon_core.package_identification[0m [1;30mLevel 1[0m _identify(src/spider_interfaces) by extension 'ignore_ament_install'
[0.569s] [34mcolcon.colcon_core.package_identification[0m [1;30mLevel 1[0m _identify(src/spider_interfaces) by extensions ['colcon_pkg']
[0.569s] [34mcolcon.colcon_core.package_identification[0m [1;30mLevel 1[0m _identify(src/spider_interfaces) by extension 'colcon_pkg'
[0.569s] [34mcolcon.colcon_core.package_identification[0m [1;30mLevel 1[0m _identify(src/spider_interfaces) by extensions ['colcon_meta']
[0.569s] [34mcolcon.colcon_core.package_identification[0m [1;30mLevel 1[0m _identify(src/spider_interfaces) by extension 'colcon_meta'
[0.569s] [34mcolcon.colcon_core.package_identification[0m [1;30mLevel 1[0m _identify(src/spider_interfaces) by extensions ['ros']
[0.569s] [34mcolcon.colcon_core.package_identification[0m [1;30mLevel 1[0m _identify(src/spider_interfaces) by extension 'ros'
[0.570s] [34mcolcon.colcon_core.package_identification[0m [1;30mDEBUG[0m [32mPackage 'src/spider_interfaces' with type 'ros.ament_cmake' and name 'spider_interfaces'[0m
[0.571s] [34mcolcon.colcon_core.package_identification[0m [1;30mLevel 1[0m _identify(src/spider_nav) by extensions ['ignore', 'ignore_ament_install']
[0.571s] [34mcolcon.colcon_core.package_identification[0m [1;30mLevel 1[0m _identify(src/spider_nav) by extension 'ignore'
[0.571s] [34mcolcon.colcon_core.package_identification[0m [1;30mLevel 1[0m _identify(src/spider_nav) by extension 'ignore_ament_install'
[0.571s] [34mcolcon.colcon_core.package_identification[0m [1;30mLevel 1[0m _identify(src/spider_nav) by extensions ['colcon_pkg']
[0.571s] [34mcolcon.colcon_core.package_identification[0m [1;30mLevel 1[0m _identify(src/spider_nav) by extension 'colcon_pkg'
[0.571s] [34mcolcon.colcon_core.package_identification[0m [1;30mLevel 1[0m _identify(src/spider_nav) by extensions ['colcon_meta']
[0.571s] [34mcolcon.colcon_core.package_identification[0m [1;30mLevel 1[0m _identify(src/spider_nav) by extension 'colcon_meta'
[0.571s] [34mcolcon.colcon_core.package_identification[0m [1;30mLevel 1[0m _identify(src/spider_nav) by extensions ['ros']
[0.571s] [34mcolcon.colcon_core.package_identification[0m [1;30mLevel 1[0m _identify(src/spider_nav) by extension 'ros'
[0.573s] [34mcolcon.colcon_core.package_identification[0m [1;30mDEBUG[0m [32mPackage 'src/spider_nav' with type 'ros.ament_python' and name 'spider_nav'[0m
[0.573s] [34mcolcon.colcon_core.package_discovery[0m [1;30mLevel 1[0m discover_packages(recursive) using defaults
[0.574s] [34mcolcon.colcon_core.package_discovery[0m [1;30mLevel 1[0m discover_packages(ignore) discover
[0.574s] [34mcolcon.colcon_core.package_discovery[0m [1;30mLevel 1[0m discover_packages(ignore) using defaults
[0.574s] [34mcolcon.colcon_core.package_discovery[0m [1;30mLevel 1[0m discover_packages(path) discover
[0.574s] [34mcolcon.colcon_core.package_discovery[0m [1;30mLevel 1[0m discover_packages(path) using defaults
[0.606s] [34mcolcon.colcon_core.package_discovery[0m [1;30mLevel 1[0m discover_packages(prefix_path) check parameters
[0.607s] [34mcolcon.colcon_core.package_discovery[0m [1;30mLevel 1[0m discover_packages(prefix_path) discover
[0.610s] [34mcolcon.colcon_installed_package_information.package_discovery[0m [1;30mDEBUG[0m [32mFound 172 installed packages in /opt/ros/humble[0m
[0.615s] [34mcolcon.colcon_core.package_discovery[0m [1;30mLevel 1[0m discover_packages(prefix_path) using defaults
[0.683s] [34mcolcon.colcon_core.verb[0m [1;30mLevel 5[0m set package 'spider_interfaces' build argument 'cmake_args' from command line to 'None'
[0.683s] [34mcolcon.colcon_core.verb[0m [1;30mLevel 5[0m set package 'spider_interfaces' build argument 'cmake_target' from command line to 'None'
[0.683s] [34mcolcon.colcon_core.verb[0m [1;30mLevel 5[0m set package 'spider_interfaces' build argument 'cmake_target_skip_unavailable' from command line to 'False'
[0.684s] [34mcolcon.colcon_core.verb[0m [1;30mLevel 5[0m set package 'spider_interfaces' build argument 'cmake_clean_cache' from command line to 'False'
[0.684s] [34mcolcon.colcon_core.verb[0m [1;30mLevel 5[0m set package 'spider_interfaces' build argument 'cmake_clean_first' from command line to 'False'
[0.684s] [34mcolcon.colcon_core.verb[0m [1;30mLevel 5[0m set package 'spider_interfaces' build argument 'cmake_force_configure' from command line to 'False'
[0.684s] [34mcolcon.colcon_core.verb[0m [1;30mLevel 5[0m set package 'spider_interfaces' build argument 'ament_cmake_args' from command line to 'None'
[0.684s] [34mcolcon.colcon_core.verb[0m [1;30mLevel 5[0m set package 'spider_interfaces' build argument 'catkin_cmake_args' from command line to 'None'
[0.684s] [34mcolcon.colcon_core.verb[0m [1;30mLevel 5[0m set package 'spider_interfaces' build argument 'catkin_skip_building_tests' from command line to 'False'
[0.684s] [34mcolcon.colcon_core.verb[0m [1;30mDEBUG[0m [32mBuilding package 'spider_interfaces' with the following arguments: {'ament_cmake_args': None, 'build_base': '/home/alexcc/repos/SPIDER_25008/SPIDER_ws/build/spider_interfaces', 'catkin_cmake_args': None, 'catkin_skip_building_tests': False, 'cmake_args': None, 'cmake_clean_cache': False, 'cmake_clean_first': False, 'cmake_force_configure': False, 'cmake_target': None, 'cmake_target_skip_unavailable': False, 'install_base': '/home/alexcc/repos/SPIDER_25008/SPIDER_ws/install/spider_interfaces', 'merge_install': False, 'path': '/home/alexcc/repos/SPIDER_25008/SPIDER_ws/src/spider_interfaces', 'symlink_install': True, 'test_result_base': None}[0m
[0.685s] [34mcolcon.colcon_core.verb[0m [1;30mLevel 5[0m set package 'locomotion' build argument 'cmake_args' from command line to 'None'
[0.685s] [34mcolcon.colcon_core.verb[0m [1;30mLevel 5[0m set package 'locomotion' build argument 'cmake_target' from command line to 'None'
[0.685s] [34mcolcon.colcon_core.verb[0m [1;30mLevel 5[0m set package 'locomotion' build argument 'cmake_target_skip_unavailable' from command line to 'False'
[0.685s] [34mcolcon.colcon_core.verb[0m [1;30mLevel 5[0m set package 'locomotion' build argument 'cmake_clean_cache' from command line to 'False'
[0.685s] [34mcolcon.colcon_core.verb[0m [1;30mLevel 5[0m set package 'locomotion' build argument 'cmake_clean_first' from command line to 'False'
[0.685s] [34mcolcon.colcon_core.verb[0m [1;30mLevel 5[0m set package 'locomotion' build argument 'cmake_force_configure' from command line to 'False'
[0.685s] [34mcolcon.colcon_core.verb[0m [1;30mLevel 5[0m set package 'locomotion' build argument 'ament_cmake_args' from command line to 'None'
[0.685s] [34mcolcon.colcon_core.verb[0m [1;30mLevel 5[0m set package 'locomotion' build argument 'catkin_cmake_args' from command line to 'None'
[0.685s] [34mcolcon.colcon_core.verb[0m [1;30mLevel 5[0m set package 'locomotion' build argument 'catkin_skip_building_tests' from command line to 'False'
[0.685s] [34mcolcon.colcon_core.verb[0m [1;30mDEBUG[0m [32mBuilding package 'locomotion' with the following arguments: {'ament_cmake_args': None, 'build_base': '/home/alexcc/repos/SPIDER_25008/SPIDER_ws/build/locomotion', 'catkin_cmake_args': None, 'catkin_skip_building_tests': False, 'cmake_args': None, 'cmake_clean_cache': False, 'cmake_clean_first': False, 'cmake_force_configure': False, 'cmake_target': None, 'cmake_target_skip_unavailable': False, 'install_base': '/home/alexcc/repos/SPIDER_25008/SPIDER_ws/install/locomotion', 'merge_install': False, 'path': '/home/alexcc/repos/SPIDER_25008/SPIDER_ws/src/locomotion', 'symlink_install': True, 'test_result_base': None}[0m
[0.686s] [34mcolcon.colcon_core.verb[0m [1;30mLevel 5[0m set package 'spider_nav' build argument 'cmake_args' from command line to 'None'
[0.686s] [34mcolcon.colcon_core.verb[0m [1;30mLevel 5[0m set package 'spider_nav' build argument 'cmake_target' from command line to 'None'
[0.686s] [34mcolcon.colcon_core.verb[0m [1;30mLevel 5[0m set package 'spider_nav' build argument 'cmake_target_skip_unavailable' from command line to 'False'
[0.686s] [34mcolcon.colcon_core.verb[0m [1;30mLevel 5[0m set package 'spider_nav' build argument 'cmake_clean_cache' from command line to 'False'
[0.686s] [34mcolcon.colcon_core.verb[0m [1;30mLevel 5[0m set package 'spider_nav' build argument 'cmake_clean_first' from command line to 'False'
[0.686s] [34mcolcon.colcon_core.verb[0m [1;30mLevel 5[0m set package 'spider_nav' build argument 'cmake_force_configure' from command line to 'False'
[0.686s] [34mcolcon.colcon_core.verb[0m [1;30mLevel 5[0m set package 'spider_nav' build argument 'ament_cmake_args' from command line to 'None'
[0.686s] [34mcolcon.colcon_core.verb[0m [1;30mLevel 5[0m set package 'spider_nav' build argument 'catkin_cmake_args' from command line to 'None'
[0.686s] [34mcolcon.colcon_core.verb[0m [1;30mLevel 5[0m set package 'spider_nav' build argument 'catkin_skip_building_tests' from command line to 'False'
[0.686s] [34mcolcon.colcon_core.verb[0m [1;30mDEBUG[0m [32mBuilding package 'spider_nav' with the following arguments: {'ament_cmake_args': None, 'build_base': '/home/alexcc/repos/SPIDER_25008/SPIDER_ws/build/spider_nav', 'catkin_cmake_args': None, 'catkin_skip_building_tests': False, 'cmake_args': None, 'cmake_clean_cache': False, 'cmake_clean_first': False, 'cmake_force_configure': False, 'cmake_target': None, 'cmake_target_skip_unavailable': False, 'install_base': '/home/alexcc/repos/SPIDER_25008/SPIDER_ws/install/spider_nav', 'merge_install': False, 'path': '/home/alexcc/repos/SPIDER_25008/SPIDER_ws/src/spider_nav', 'symlink_install': True, 'test_result_base': None}[0m
[0.687s] [34mcolcon.colcon_core.verb[0m [1;30mLevel 5[0m set package 'data_transfer' build argument 'cmake_args' from command line to 'None'
[0.687s] [34mcolcon.colcon_core.verb[0m [1;30mLevel 5[0m set package 'data_transfer' build argument 'cmake_target' from command line to 'None'
[0.687s] [34mcolcon.colcon_core.verb[0m [1;30mLevel 5[0m set package 'data_transfer' build argument 'cmake_target_skip_unavailable' from command line to 'False'
[0.687s] [34mcolcon.colcon_core.verb[0m [1;30mLevel 5[0m set package 'data_transfer' build argument 'cmake_clean_cache' from command line to 'False'
[0.687s] [34mcolcon.colcon_core.verb[0m [1;30mLevel 5[0m set package 'data_transfer' build argument 'cmake_clean_first' from command line to 'False'
[0.687s] [34mcolcon.colcon_core.verb[0m [1;30mLevel 5[0m set package 'data_transfer' build argument 'cmake_force_configure' from command line to 'False'
[0.687s] [34mcolcon.colcon_core.verb[0m [1;30mLevel 5[0m set package 'data_transfer' build argument 'ament_cmake_args' from command line to 'None'
[0.687s] [34mcolcon.colcon_core.verb[0m [1;30mLevel 5[0m set package 'data_transfer' build argument 'catkin_cmake_args' from command line to 'None'
[0.687s] [34mcolcon.colcon_core.verb[0m [1;30mLevel 5[0m set package 'data_transfer' build argument 'catkin_skip_building_tests' from command line to 'False'
[0.688s] [34mcolcon.colcon_core.verb[0m [1;30mDEBUG[0m [32mBuilding package 'data_transfer' with the following arguments: {'ament_cmake_args': None, 'build_base': '/home/alexcc/repos/SPIDER_25008/SPIDER_ws/build/data_transfer', 'catkin_cmake_args': None, 'catkin_skip_building_tests': False, 'cmake_args': None, 'cmake_clean_cache': False, 'cmake_clean_first': False, 'cmake_force_configure': False, 'cmake_target': None, 'cmake_target_skip_unavailable': False, 'install_base': '/home/alexcc/repos/SPIDER_25008/SPIDER_ws/install/data_transfer', 'merge_install': False, 'path': '/home/alexcc/repos/SPIDER_25008/SPIDER_ws/src/data_transfer', 'symlink_install': True, 'test_result_base': None}[0m
[0.688s] [34mcolcon.colcon_core.executor[0m [1;30mINFO[0m Executing jobs using 'parallel' executor
[0.690s] [34mcolcon.colcon_parallel_executor.executor.parallel[0m [1;30mDEBUG[0m [32mrun_until_complete[0m
[0.691s] [34mcolcon.colcon_ros.task.ament_cmake.build[0m [1;30mINFO[0m Building ROS package in '/home/alexcc/repos/SPIDER_25008/SPIDER_ws/src/spider_interfaces' with build type 'ament_cmake'
[0.691s] [34mcolcon.colcon_cmake.task.cmake.build[0m [1;30mINFO[0m Building CMake package in '/home/alexcc/repos/SPIDER_25008/SPIDER_ws/src/spider_interfaces'
[0.695s] [34mcolcon.colcon_core.plugin_system[0m [1;30mINFO[0m Skipping extension 'colcon_core.shell.bat': Not used on non-Windows systems
[0.696s] [34mcolcon.colcon_core.shell[0m [1;30mINFO[0m Skip shell extension 'powershell' for command environment: Not usable outside of PowerShell
[0.696s] [34mcolcon.colcon_core.shell[0m [1;30mDEBUG[0m [32mSkip shell extension 'dsv' for command environment[0m
[0.708s] [34mcolcon.colcon_core.event_handler.log_command[0m [1;30mDEBUG[0m [32mInvoking command in '/home/alexcc/repos/SPIDER_25008/SPIDER_ws/build/spider_interfaces': CMAKE_PREFIX_PATH=/opt/ros/humble /home/alexcc/.local/bin/cmake /home/alexcc/repos/SPIDER_25008/SPIDER_ws/src/spider_interfaces -DAMENT_CMAKE_SYMLINK_INSTALL=1 -DCMAKE_INSTALL_PREFIX=/home/alexcc/repos/SPIDER_25008/SPIDER_ws/install/spider_interfaces[0m
[6.128s] [34mcolcon.colcon_core.event_handler.log_command[0m [1;30mDEBUG[0m [32mInvoked command in '/home/alexcc/repos/SPIDER_25008/SPIDER_ws/build/spider_interfaces' returned '0': CMAKE_PREFIX_PATH=/opt/ros/humble /home/alexcc/.local/bin/cmake /home/alexcc/repos/SPIDER_25008/SPIDER_ws/src/spider_interfaces -DAMENT_CMAKE_SYMLINK_INSTALL=1 -DCMAKE_INSTALL_PREFIX=/home/alexcc/repos/SPIDER_25008/SPIDER_ws/install/spider_interfaces[0m
[6.132s] [34mcolcon.colcon_core.event_handler.log_command[0m [1;30mDEBUG[0m [32mInvoking command in '/home/alexcc/repos/SPIDER_25008/SPIDER_ws/build/spider_interfaces': CMAKE_PREFIX_PATH=/opt/ros/humble /home/alexcc/.local/bin/cmake --build /home/alexcc/repos/SPIDER_25008/SPIDER_ws/build/spider_interfaces -- -j6 -l6[0m
[11.046s] [34mcolcon.colcon_core.event_handler.log_command[0m [1;30mDEBUG[0m [32mInvoked command in '/home/alexcc/repos/SPIDER_25008/SPIDER_ws/build/spider_interfaces' returned '0': CMAKE_PREFIX_PATH=/opt/ros/humble /home/alexcc/.local/bin/cmake --build /home/alexcc/repos/SPIDER_25008/SPIDER_ws/build/spider_interfaces -- -j6 -l6[0m
[11.225s] [34mcolcon.colcon_core.event_handler.log_command[0m [1;30mDEBUG[0m [32mInvoking command in '/home/alexcc/repos/SPIDER_25008/SPIDER_ws/build/spider_interfaces': CMAKE_PREFIX_PATH=/opt/ros/humble /home/alexcc/.local/bin/cmake --install /home/alexcc/repos/SPIDER_25008/SPIDER_ws/build/spider_interfaces[0m
[11.521s] [34mcolcon.colcon_core.environment[0m [1;30mLevel 1[0m create_environment_scripts_only(spider_interfaces)
[11.522s] [34mcolcon.colcon_core.event_handler.log_command[0m [1;30mDEBUG[0m [32mInvoked command in '/home/alexcc/repos/SPIDER_25008/SPIDER_ws/build/spider_interfaces' returned '0': CMAKE_PREFIX_PATH=/opt/ros/humble /home/alexcc/.local/bin/cmake --install /home/alexcc/repos/SPIDER_25008/SPIDER_ws/build/spider_interfaces[0m
[11.528s] [34mcolcon.colcon_core.environment[0m [1;30mLevel 1[0m checking '/home/alexcc/repos/SPIDER_25008/SPIDER_ws/install/spider_interfaces' for CMake module files
[11.529s] [34mcolcon.colcon_core.environment[0m [1;30mLevel 1[0m checking '/home/alexcc/repos/SPIDER_25008/SPIDER_ws/install/spider_interfaces' for CMake config files
[11.533s] [34mcolcon.colcon_core.shell[0m [1;30mLevel 1[0m create_environment_hook('spider_interfaces', 'cmake_prefix_path')
[11.534s] [34mcolcon.colcon_core.shell[0m [1;30mINFO[0m Creating environment hook '/home/alexcc/repos/SPIDER_25008/SPIDER_ws/install/spider_interfaces/share/spider_interfaces/hook/cmake_prefix_path.ps1'
[11.536s] [34mcolcon.colcon_core.shell[0m [1;30mINFO[0m Creating environment descriptor '/home/alexcc/repos/SPIDER_25008/SPIDER_ws/install/spider_interfaces/share/spider_interfaces/hook/cmake_prefix_path.dsv'
[11.537s] [34mcolcon.colcon_core.shell[0m [1;30mINFO[0m Creating environment hook '/home/alexcc/repos/SPIDER_25008/SPIDER_ws/install/spider_interfaces/share/spider_interfaces/hook/cmake_prefix_path.sh'
[11.539s] [34mcolcon.colcon_core.environment[0m [1;30mLevel 1[0m checking '/home/alexcc/repos/SPIDER_25008/SPIDER_ws/install/spider_interfaces/lib'
[11.540s] [34mcolcon.colcon_core.shell[0m [1;30mLevel 1[0m create_environment_hook('spider_interfaces', 'ld_library_path_lib')
[11.540s] [34mcolcon.colcon_core.shell[0m [1;30mINFO[0m Creating environment hook '/home/alexcc/repos/SPIDER_25008/SPIDER_ws/install/spider_interfaces/share/spider_interfaces/hook/ld_library_path_lib.ps1'
[11.541s] [34mcolcon.colcon_core.shell[0m [1;30mINFO[0m Creating environment descriptor '/home/alexcc/repos/SPIDER_25008/SPIDER_ws/install/spider_interfaces/share/spider_interfaces/hook/ld_library_path_lib.dsv'
[11.542s] [34mcolcon.colcon_core.shell[0m [1;30mINFO[0m Creating environment hook '/home/alexcc/repos/SPIDER_25008/SPIDER_ws/install/spider_interfaces/share/spider_interfaces/hook/ld_library_path_lib.sh'
[11.543s] [34mcolcon.colcon_core.environment[0m [1;30mLevel 1[0m checking '/home/alexcc/repos/SPIDER_25008/SPIDER_ws/install/spider_interfaces/bin'
[11.543s] [34mcolcon.colcon_core.environment[0m [1;30mLevel 1[0m checking '/home/alexcc/repos/SPIDER_25008/SPIDER_ws/install/spider_interfaces/lib/pkgconfig/spider_interfaces.pc'
[11.544s] [34mcolcon.colcon_core.environment[0m [1;30mLevel 1[0m checking '/home/alexcc/repos/SPIDER_25008/SPIDER_ws/install/spider_interfaces/lib/python3.10/site-packages'
[11.544s] [34mcolcon.colcon_core.environment[0m [1;30mLevel 1[0m checking '/home/alexcc/repos/SPIDER_25008/SPIDER_ws/install/spider_interfaces/bin'
[11.545s] [34mcolcon.colcon_core.shell[0m [1;30mINFO[0m Creating package script '/home/alexcc/repos/SPIDER_25008/SPIDER_ws/install/spider_interfaces/share/spider_interfaces/package.ps1'
[11.546s] [34mcolcon.colcon_core.shell[0m [1;30mINFO[0m Creating package descriptor '/home/alexcc/repos/SPIDER_25008/SPIDER_ws/install/spider_interfaces/share/spider_interfaces/package.dsv'
[11.548s] [34mcolcon.colcon_core.shell[0m [1;30mINFO[0m Creating package script '/home/alexcc/repos/SPIDER_25008/SPIDER_ws/install/spider_interfaces/share/spider_interfaces/package.sh'
[11.550s] [34mcolcon.colcon_core.shell[0m [1;30mINFO[0m Creating package script '/home/alexcc/repos/SPIDER_25008/SPIDER_ws/install/spider_interfaces/share/spider_interfaces/package.bash'
[11.551s] [34mcolcon.colcon_core.shell[0m [1;30mINFO[0m Creating package script '/home/alexcc/repos/SPIDER_25008/SPIDER_ws/install/spider_interfaces/share/spider_interfaces/package.zsh'
[11.554s] [34mcolcon.colcon_core.environment[0m [1;30mLevel 1[0m create_file_with_runtime_dependencies(/home/alexcc/repos/SPIDER_25008/SPIDER_ws/install/spider_interfaces/share/colcon-core/packages/spider_interfaces)
[11.556s] [34mcolcon.colcon_core.environment[0m [1;30mLevel 1[0m create_environment_scripts_only(spider_interfaces)
[11.556s] [34mcolcon.colcon_core.environment[0m [1;30mLevel 1[0m checking '/home/alexcc/repos/SPIDER_25008/SPIDER_ws/install/spider_interfaces' for CMake module files
[11.558s] [34mcolcon.colcon_core.environment[0m [1;30mLevel 1[0m checking '/home/alexcc/repos/SPIDER_25008/SPIDER_ws/install/spider_interfaces' for CMake config files
[11.562s] [34mcolcon.colcon_core.shell[0m [1;30mLevel 1[0m create_environment_hook('spider_interfaces', 'cmake_prefix_path')
[11.562s] [34mcolcon.colcon_core.shell[0m [1;30mINFO[0m Creating environment hook '/home/alexcc/repos/SPIDER_25008/SPIDER_ws/install/spider_interfaces/share/spider_interfaces/hook/cmake_prefix_path.ps1'
[11.563s] [34mcolcon.colcon_core.shell[0m [1;30mINFO[0m Creating environment descriptor '/home/alexcc/repos/SPIDER_25008/SPIDER_ws/install/spider_interfaces/share/spider_interfaces/hook/cmake_prefix_path.dsv'
[11.564s] [34mcolcon.colcon_core.shell[0m [1;30mINFO[0m Creating environment hook '/home/alexcc/repos/SPIDER_25008/SPIDER_ws/install/spider_interfaces/share/spider_interfaces/hook/cmake_prefix_path.sh'
[11.565s] [34mcolcon.colcon_core.environment[0m [1;30mLevel 1[0m checking '/home/alexcc/repos/SPIDER_25008/SPIDER_ws/install/spider_interfaces/lib'
[11.565s] [34mcolcon.colcon_core.shell[0m [1;30mLevel 1[0m create_environment_hook('spider_interfaces', 'ld_library_path_lib')
[11.566s] [34mcolcon.colcon_core.shell[0m [1;30mINFO[0m Creating environment hook '/home/alexcc/repos/SPIDER_25008/SPIDER_ws/install/spider_interfaces/share/spider_interfaces/hook/ld_library_path_lib.ps1'
[11.567s] [34mcolcon.colcon_core.shell[0m [1;30mINFO[0m Creating environment descriptor '/home/alexcc/repos/SPIDER_25008/SPIDER_ws/install/spider_interfaces/share/spider_interfaces/hook/ld_library_path_lib.dsv'
[11.568s] [34mcolcon.colcon_core.shell[0m [1;30mINFO[0m Creating environment hook '/home/alexcc/repos/SPIDER_25008/SPIDER_ws/install/spider_interfaces/share/spider_interfaces/hook/ld_library_path_lib.sh'
[11.569s] [34mcolcon.colcon_core.environment[0m [1;30mLevel 1[0m checking '/home/alexcc/repos/SPIDER_25008/SPIDER_ws/install/spider_interfaces/bin'
[11.570s] [34mcolcon.colcon_core.environment[0m [1;30mLevel 1[0m checking '/home/alexcc/repos/SPIDER_25008/SPIDER_ws/install/spider_interfaces/lib/pkgconfig/spider_interfaces.pc'
[11.570s] [34mcolcon.colcon_core.environment[0m [1;30mLevel 1[0m checking '/home/alexcc/repos/SPIDER_25008/SPIDER_ws/install/spider_interfaces/lib/python3.10/site-packages'
[11.571s] [34mcolcon.colcon_core.environment[0m [1;30mLevel 1[0m checking '/home/alexcc/repos/SPIDER_25008/SPIDER_ws/install/spider_interfaces/bin'
[11.572s] [34mcolcon.colcon_core.shell[0m [1;30mINFO[0m Creating package script '/home/alexcc/repos/SPIDER_25008/SPIDER_ws/install/spider_interfaces/share/spider_interfaces/package.ps1'
[11.574s] [34mcolcon.colcon_core.shell[0m [1;30mINFO[0m Creating package descriptor '/home/alexcc/repos/SPIDER_25008/SPIDER_ws/install/spider_interfaces/share/spider_interfaces/package.dsv'
[11.575s] [34mcolcon.colcon_core.shell[0m [1;30mINFO[0m Creating package script '/home/alexcc/repos/SPIDER_25008/SPIDER_ws/install/spider_interfaces/share/spider_interfaces/package.sh'
[11.576s] [34mcolcon.colcon_core.shell[0m [1;30mINFO[0m Creating package script '/home/alexcc/repos/SPIDER_25008/SPIDER_ws/install/spider_interfaces/share/spider_interfaces/package.bash'
[11.577s] [34mcolcon.colcon_core.shell[0m [1;30mINFO[0m Creating package script '/home/alexcc/repos/SPIDER_25008/SPIDER_ws/install/spider_interfaces/share/spider_interfaces/package.zsh'
[11.578s] [34mcolcon.colcon_core.environment[0m [1;30mLevel 1[0m create_file_with_runtime_dependencies(/home/alexcc/repos/SPIDER_25008/SPIDER_ws/install/spider_interfaces/share/colcon-core/packages/spider_interfaces)
[11.579s] [34mcolcon.colcon_ros.task.ament_python.build[0m [1;30mINFO[0m Building ROS package in '/home/alexcc/repos/SPIDER_25008/SPIDER_ws/src/locomotion' with build type 'ament_python'
[11.580s] [34mcolcon.colcon_core.shell[0m [1;30mLevel 1[0m create_environment_hook('locomotion', 'ament_prefix_path')
[11.580s] [34mcolcon.colcon_core.shell[0m [1;30mINFO[0m Creating environment hook '/home/alexcc/repos/SPIDER_25008/SPIDER_ws/install/locomotion/share/locomotion/hook/ament_prefix_path.ps1'
[11.582s] [34mcolcon.colcon_core.shell[0m [1;30mINFO[0m Creating environment descriptor '/home/alexcc/repos/SPIDER_25008/SPIDER_ws/install/locomotion/share/locomotion/hook/ament_prefix_path.dsv'
[11.583s] [34mcolcon.colcon_core.shell[0m [1;30mINFO[0m Creating environment hook '/home/alexcc/repos/SPIDER_25008/SPIDER_ws/install/locomotion/share/locomotion/hook/ament_prefix_path.sh'
[11.585s] [34mcolcon.colcon_core.shell[0m [1;30mINFO[0m Skip shell extension 'powershell' for command environment: Not usable outside of PowerShell
[11.585s] [34mcolcon.colcon_core.shell[0m [1;30mDEBUG[0m [32mSkip shell extension 'dsv' for command environment[0m
[12.099s] [34mcolcon.colcon_core.task.python.build[0m [1;30mINFO[0m Building Python package in '/home/alexcc/repos/SPIDER_25008/SPIDER_ws/src/locomotion'
[12.100s] [34mcolcon.colcon_core.shell[0m [1;30mINFO[0m Skip shell extension 'powershell' for command environment: Not usable outside of PowerShell
[12.100s] [34mcolcon.colcon_core.shell[0m [1;30mDEBUG[0m [32mSkip shell extension 'dsv' for command environment[0m
[12.822s] [34mcolcon.colcon_core.event_handler.log_command[0m [1;30mDEBUG[0m [32mInvoking command in '/home/alexcc/repos/SPIDER_25008/SPIDER_ws/build/locomotion': AMENT_PREFIX_PATH=/home/alexcc/repos/SPIDER_25008/SPIDER_ws/install/spider_interfaces:${AMENT_PREFIX_PATH} CMAKE_PREFIX_PATH=/home/alexcc/repos/SPIDER_25008/SPIDER_ws/install/spider_interfaces LD_LIBRARY_PATH=/home/alexcc/repos/SPIDER_25008/SPIDER_ws/install/spider_interfaces/lib:${LD_LIBRARY_PATH} PYTHONPATH=/home/alexcc/repos/SPIDER_25008/SPIDER_ws/build/locomotion/prefix_override:/usr/lib/python3/dist-packages/colcon_core/task/python/colcon_distutils_commands:/home/alexcc/repos/SPIDER_25008/SPIDER_ws/install/locomotion/lib/python3.10/site-packages:/home/alexcc/repos/SPIDER_25008/SPIDER_ws/install/spider_interfaces/local/lib/python3.10/dist-packages:${PYTHONPATH} /usr/bin/python3 -W ignore:setup.py install is deprecated -W ignore:easy_install command is deprecated setup.py develop --editable --build-directory /home/alexcc/repos/SPIDER_25008/SPIDER_ws/build/locomotion/build --no-deps symlink_data[0m
[13.679s] [34mcolcon.colcon_core.event_handler.log_command[0m [1;30mDEBUG[0m [32mInvoked command in '/home/alexcc/repos/SPIDER_25008/SPIDER_ws/build/locomotion' returned '1': AMENT_PREFIX_PATH=/home/alexcc/repos/SPIDER_25008/SPIDER_ws/install/spider_interfaces:${AMENT_PREFIX_PATH} CMAKE_PREFIX_PATH=/home/alexcc/repos/SPIDER_25008/SPIDER_ws/install/spider_interfaces LD_LIBRARY_PATH=/home/alexcc/repos/SPIDER_25008/SPIDER_ws/install/spider_interfaces/lib:${LD_LIBRARY_PATH} PYTHONPATH=/home/alexcc/repos/SPIDER_25008/SPIDER_ws/build/locomotion/prefix_override:/usr/lib/python3/dist-packages/colcon_core/task/python/colcon_distutils_commands:/home/alexcc/repos/SPIDER_25008/SPIDER_ws/install/locomotion/lib/python3.10/site-packages:/home/alexcc/repos/SPIDER_25008/SPIDER_ws/install/spider_interfaces/local/lib/python3.10/dist-packages:${PYTHONPATH} /usr/bin/python3 -W ignore:setup.py install is deprecated -W ignore:easy_install command is deprecated setup.py develop --editable --build-directory /home/alexcc/repos/SPIDER_25008/SPIDER_ws/build/locomotion/build --no-deps symlink_data[0m
[13.688s] [34mcolcon.colcon_parallel_executor.executor.parallel[0m [1;30mDEBUG[0m [32mclosing loop[0m
[13.689s] [34mcolcon.colcon_parallel_executor.executor.parallel[0m [1;30mDEBUG[0m [32mloop closed[0m
[13.689s] [34mcolcon.colcon_parallel_executor.executor.parallel[0m [1;30mDEBUG[0m [32mrun_until_complete finished with '1'[0m
[13.690s] [34mcolcon.colcon_core.event_reactor[0m [1;30mDEBUG[0m [32mjoining thread[0m
[13.704s] [34mcolcon.colcon_core.plugin_system[0m [1;30mINFO[0m Skipping extension 'colcon_notification.desktop_notification.terminal_notifier': Not used on non-Darwin systems
[13.705s] [34mcolcon.colcon_core.plugin_system[0m [1;30mINFO[0m Skipping extension 'colcon_notification.desktop_notification.win32': Not used on non-Windows systems
[13.705s] [34mcolcon.colcon_notification.desktop_notification[0m [1;30mINFO[0m Sending desktop notification using 'notify2'
[13.752s] [34mcolcon.colcon_core.event_reactor[0m [1;30mDEBUG[0m [32mjoined thread[0m
[13.753s] [34mcolcon.colcon_core.shell[0m [1;30mINFO[0m Creating prefix script '/home/alexcc/repos/SPIDER_25008/SPIDER_ws/install/local_setup.ps1'
[13.756s] [34mcolcon.colcon_core.shell[0m [1;30mINFO[0m Creating prefix util module '/home/alexcc/repos/SPIDER_25008/SPIDER_ws/install/_local_setup_util_ps1.py'
[13.759s] [34mcolcon.colcon_core.shell[0m [1;30mINFO[0m Creating prefix chain script '/home/alexcc/repos/SPIDER_25008/SPIDER_ws/install/setup.ps1'
[13.762s] [34mcolcon.colcon_core.shell[0m [1;30mINFO[0m Creating prefix script '/home/alexcc/repos/SPIDER_25008/SPIDER_ws/install/local_setup.sh'
[13.764s] [34mcolcon.colcon_core.shell[0m [1;30mINFO[0m Creating prefix util module '/home/alexcc/repos/SPIDER_25008/SPIDER_ws/install/_local_setup_util_sh.py'
[13.765s] [34mcolcon.colcon_core.shell[0m [1;30mINFO[0m Creating prefix chain script '/home/alexcc/repos/SPIDER_25008/SPIDER_ws/install/setup.sh'
[13.767s] [34mcolcon.colcon_core.shell[0m [1;30mINFO[0m Creating prefix script '/home/alexcc/repos/SPIDER_25008/SPIDER_ws/install/local_setup.bash'
[13.768s] [34mcolcon.colcon_core.shell[0m [1;30mINFO[0m Creating prefix chain script '/home/alexcc/repos/SPIDER_25008/SPIDER_ws/install/setup.bash'
[13.770s] [34mcolcon.colcon_core.shell[0m [1;30mINFO[0m Creating prefix script '/home/alexcc/repos/SPIDER_25008/SPIDER_ws/install/local_setup.zsh'
[13.771s] [34mcolcon.colcon_core.shell[0m [1;30mINFO[0m Creating prefix chain script '/home/alexcc/repos/SPIDER_25008/SPIDER_ws/install/setup.zsh'
