[0.245s] [34mcolcon[0m [1;30mDEBUG[0m [32mCommand line arguments: ['/usr/bin/colcon', 'build', '--symlink-install'][0m
[0.245s] [34mcolcon[0m [1;30mDEBUG[0m [32mParsed command line arguments: Namespace(log_base=None, log_level=None, verb_name='build', build_base='build', install_base='install', merge_install=False, symlink_install=True, test_result_base=None, continue_on_error=False, executor='parallel', parallel_workers=6, event_handlers=None, ignore_user_meta=False, metas=['./colcon.meta'], base_paths=['.'], packages_ignore=None, packages_ignore_regex=None, paths=None, packages_up_to=None, packages_up_to_regex=None, packages_above=None, packages_above_and_dependencies=None, packages_above_depth=None, packages_select_by_dep=None, packages_skip_by_dep=None, packages_skip_up_to=None, packages_select_build_failed=False, packages_skip_build_finished=False, packages_select_test_failures=False, packages_skip_test_passed=False, packages_select=None, packages_skip=None, packages_select_regex=None, packages_skip_regex=None, packages_start=None, packages_end=None, allow_overriding=[], cmake_args=None, cmake_target=None, cmake_target_skip_unavailable=False, cmake_clean_cache=False, cmake_clean_first=False, cmake_force_configure=False, ament_cmake_args=None, catkin_cmake_args=None, catkin_skip_building_tests=False, verb_parser=<colcon_defaults.argument_parser.defaults.DefaultArgumentsDecorator object at 0xffffa3a26bc0>, verb_extension=<colcon_core.verb.build.BuildVerb object at 0xffffa3a26770>, main=<bound method BuildVerb.main of <colcon_core.verb.build.BuildVerb object at 0xffffa3a26770>>)[0m
[0.577s] [34mcolcon.colcon_core.package_discovery[0m [1;30mLevel 1[0m discover_packages(colcon_meta) check parameters
[0.577s] [34mcolcon.colcon_core.package_discovery[0m [1;30mLevel 1[0m discover_packages(recursive) check parameters
[0.577s] [34mcolcon.colcon_core.package_discovery[0m [1;30mLevel 1[0m discover_packages(ignore) check parameters
[0.577s] [34mcolcon.colcon_core.package_discovery[0m [1;30mLevel 1[0m discover_packages(path) check parameters
[0.577s] [34mcolcon.colcon_core.package_discovery[0m [1;30mLevel 1[0m discover_packages(colcon_meta) discover
[0.578s] [34mcolcon.colcon_core.package_discovery[0m [1;30mLevel 1[0m discover_packages(recursive) discover
[0.578s] [34mcolcon.colcon_core.package_discovery[0m [1;30mINFO[0m Crawling recursively for packages in '/home/alexcc/repos/SPIDER_25008/SPIDER_ws'
[0.578s] [34mcolcon.colcon_core.package_identification[0m [1;30mLevel 1[0m _identify(.) by extensions ['ignore', 'ignore_ament_install']
[0.578s] [34mcolcon.colcon_core.package_identification[0m [1;30mLevel 1[0m _identify(.) by extension 'ignore'
[0.578s] [34mcolcon.colcon_core.package_identification[0m [1;30mLevel 1[0m _identify(.) by extension 'ignore_ament_install'
[0.579s] [34mcolcon.colcon_core.package_identification[0m [1;30mLevel 1[0m _identify(.) by extensions ['colcon_pkg']
[0.579s] [34mcolcon.colcon_core.package_identification[0m [1;30mLevel 1[0m _identify(.) by extension 'colcon_pkg'
[0.579s] [34mcolcon.colcon_core.package_identification[0m [1;30mLevel 1[0m _identify(.) by extensions ['colcon_meta']
[0.579s] [34mcolcon.colcon_core.package_identification[0m [1;30mLevel 1[0m _identify(.) by extension 'colcon_meta'
[0.579s] [34mcolcon.colcon_core.package_identification[0m [1;30mLevel 1[0m _identify(.) by extensions ['ros']
[0.579s] [34mcolcon.colcon_core.package_identification[0m [1;30mLevel 1[0m _identify(.) by extension 'ros'
[0.604s] [34mcolcon.colcon_core.package_identification[0m [1;30mLevel 1[0m _identify(.) by extensions ['cmake', 'python']
[0.604s] [34mcolcon.colcon_core.package_identification[0m [1;30mLevel 1[0m _identify(.) by extension 'cmake'
[0.604s] [34mcolcon.colcon_core.package_identification[0m [1;30mLevel 1[0m _identify(.) by extension 'python'
[0.604s] [34mcolcon.colcon_core.package_identification[0m [1;30mLevel 1[0m _identify(.) by extensions ['python_setup_py']
[0.604s] [34mcolcon.colcon_core.package_identification[0m [1;30mLevel 1[0m _identify(.) by extension 'python_setup_py'
[0.605s] [34mcolcon.colcon_core.package_identification[0m [1;30mLevel 1[0m _identify(build) by extensions ['ignore', 'ignore_ament_install']
[0.605s] [34mcolcon.colcon_core.package_identification[0m [1;30mLevel 1[0m _identify(build) by extension 'ignore'
[0.605s] [34mcolcon.colcon_core.package_identification[0m [1;30mLevel 1[0m _identify(build) ignored
[0.605s] [34mcolcon.colcon_core.package_identification[0m [1;30mLevel 1[0m _identify(config) by extensions ['ignore', 'ignore_ament_install']
[0.605s] [34mcolcon.colcon_core.package_identification[0m [1;30mLevel 1[0m _identify(config) by extension 'ignore'
[0.605s] [34mcolcon.colcon_core.package_identification[0m [1;30mLevel 1[0m _identify(config) by extension 'ignore_ament_install'
[0.606s] [34mcolcon.colcon_core.package_identification[0m [1;30mLevel 1[0m _identify(config) by extensions ['colcon_pkg']
[0.606s] [34mcolcon.colcon_core.package_identification[0m [1;30mLevel 1[0m _identify(config) by extension 'colcon_pkg'
[0.606s] [34mcolcon.colcon_core.package_identification[0m [1;30mLevel 1[0m _identify(config) by extensions ['colcon_meta']
[0.606s] [34mcolcon.colcon_core.package_identification[0m [1;30mLevel 1[0m _identify(config) by extension 'colcon_meta'
[0.606s] [34mcolcon.colcon_core.package_identification[0m [1;30mLevel 1[0m _identify(config) by extensions ['ros']
[0.606s] [34mcolcon.colcon_core.package_identification[0m [1;30mLevel 1[0m _identify(config) by extension 'ros'
[0.606s] [34mcolcon.colcon_core.package_identification[0m [1;30mLevel 1[0m _identify(config) by extensions ['cmake', 'python']
[0.606s] [34mcolcon.colcon_core.package_identification[0m [1;30mLevel 1[0m _identify(config) by extension 'cmake'
[0.606s] [34mcolcon.colcon_core.package_identification[0m [1;30mLevel 1[0m _identify(config) by extension 'python'
[0.606s] [34mcolcon.colcon_core.package_identification[0m [1;30mLevel 1[0m _identify(config) by extensions ['python_setup_py']
[0.606s] [34mcolcon.colcon_core.package_identification[0m [1;30mLevel 1[0m _identify(config) by extension 'python_setup_py'
[0.607s] [34mcolcon.colcon_core.package_identification[0m [1;30mLevel 1[0m _identify(install) by extensions ['ignore', 'ignore_ament_install']
[0.607s] [34mcolcon.colcon_core.package_identification[0m [1;30mLevel 1[0m _identify(install) by extension 'ignore'
[0.607s] [34mcolcon.colcon_core.package_identification[0m [1;30mLevel 1[0m _identify(install) ignored
[0.608s] [34mcolcon.colcon_core.package_identification[0m [1;30mLevel 1[0m _identify(log) by extensions ['ignore', 'ignore_ament_install']
[0.608s] [34mcolcon.colcon_core.package_identification[0m [1;30mLevel 1[0m _identify(log) by extension 'ignore'
[0.608s] [34mcolcon.colcon_core.package_identification[0m [1;30mLevel 1[0m _identify(log) ignored
[0.608s] [34mcolcon.colcon_core.package_identification[0m [1;30mLevel 1[0m _identify(src) by extensions ['ignore', 'ignore_ament_install']
[0.608s] [34mcolcon.colcon_core.package_identification[0m [1;30mLevel 1[0m _identify(src) by extension 'ignore'
[0.609s] [34mcolcon.colcon_core.package_identification[0m [1;30mLevel 1[0m _identify(src) by extension 'ignore_ament_install'
[0.609s] [34mcolcon.colcon_core.package_identification[0m [1;30mLevel 1[0m _identify(src) by extensions ['colcon_pkg']
[0.609s] [34mcolcon.colcon_core.package_identification[0m [1;30mLevel 1[0m _identify(src) by extension 'colcon_pkg'
[0.609s] [34mcolcon.colcon_core.package_identification[0m [1;30mLevel 1[0m _identify(src) by extensions ['colcon_meta']
[0.609s] [34mcolcon.colcon_core.package_identification[0m [1;30mLevel 1[0m _identify(src) by extension 'colcon_meta'
[0.609s] [34mcolcon.colcon_core.package_identification[0m [1;30mLevel 1[0m _identify(src) by extensions ['ros']
[0.609s] [34mcolcon.colcon_core.package_identification[0m [1;30mLevel 1[0m _identify(src) by extension 'ros'
[0.609s] [34mcolcon.colcon_core.package_identification[0m [1;30mLevel 1[0m _identify(src) by extensions ['cmake', 'python']
[0.609s] [34mcolcon.colcon_core.package_identification[0m [1;30mLevel 1[0m _identify(src) by extension 'cmake'
[0.610s] [34mcolcon.colcon_core.package_identification[0m [1;30mLevel 1[0m _identify(src) by extension 'python'
[0.610s] [34mcolcon.colcon_core.package_identification[0m [1;30mLevel 1[0m _identify(src) by extensions ['python_setup_py']
[0.610s] [34mcolcon.colcon_core.package_identification[0m [1;30mLevel 1[0m _identify(src) by extension 'python_setup_py'
[0.610s] [34mcolcon.colcon_core.package_identification[0m [1;30mLevel 1[0m _identify(src/data_transfer) by extensions ['ignore', 'ignore_ament_install']
[0.610s] [34mcolcon.colcon_core.package_identification[0m [1;30mLevel 1[0m _identify(src/data_transfer) by extension 'ignore'
[0.610s] [34mcolcon.colcon_core.package_identification[0m [1;30mLevel 1[0m _identify(src/data_transfer) by extension 'ignore_ament_install'
[0.610s] [34mcolcon.colcon_core.package_identification[0m [1;30mLevel 1[0m _identify(src/data_transfer) by extensions ['colcon_pkg']
[0.610s] [34mcolcon.colcon_core.package_identification[0m [1;30mLevel 1[0m _identify(src/data_transfer) by extension 'colcon_pkg'
[0.610s] [34mcolcon.colcon_core.package_identification[0m [1;30mLevel 1[0m _identify(src/data_transfer) by extensions ['colcon_meta']
[0.611s] [34mcolcon.colcon_core.package_identification[0m [1;30mLevel 1[0m _identify(src/data_transfer) by extension 'colcon_meta'
[0.611s] [34mcolcon.colcon_core.package_identification[0m [1;30mLevel 1[0m _identify(src/data_transfer) by extensions ['ros']
[0.611s] [34mcolcon.colcon_core.package_identification[0m [1;30mLevel 1[0m _identify(src/data_transfer) by extension 'ros'
[0.616s] [34mcolcon.colcon_core.package_identification[0m [1;30mDEBUG[0m [32mPackage 'src/data_transfer' with type 'ros.ament_python' and name 'data_transfer'[0m
[0.617s] [34mcolcon.colcon_core.package_identification[0m [1;30mLevel 1[0m _identify(src/locomotion) by extensions ['ignore', 'ignore_ament_install']
[0.617s] [34mcolcon.colcon_core.package_identification[0m [1;30mLevel 1[0m _identify(src/locomotion) by extension 'ignore'
[0.617s] [34mcolcon.colcon_core.package_identification[0m [1;30mLevel 1[0m _identify(src/locomotion) by extension 'ignore_ament_install'
[0.617s] [34mcolcon.colcon_core.package_identification[0m [1;30mLevel 1[0m _identify(src/locomotion) by extensions ['colcon_pkg']
[0.617s] [34mcolcon.colcon_core.package_identification[0m [1;30mLevel 1[0m _identify(src/locomotion) by extension 'colcon_pkg'
[0.617s] [34mcolcon.colcon_core.package_identification[0m [1;30mLevel 1[0m _identify(src/locomotion) by extensions ['colcon_meta']
[0.617s] [34mcolcon.colcon_core.package_identification[0m [1;30mLevel 1[0m _identify(src/locomotion) by extension 'colcon_meta'
[0.617s] [34mcolcon.colcon_core.package_identification[0m [1;30mLevel 1[0m _identify(src/locomotion) by extensions ['ros']
[0.618s] [34mcolcon.colcon_core.package_identification[0m [1;30mLevel 1[0m _identify(src/locomotion) by extension 'ros'
[0.619s] [34mcolcon.colcon_core.package_identification[0m [1;30mDEBUG[0m [32mPackage 'src/locomotion' with type 'ros.ament_python' and name 'locomotion'[0m
[0.619s] [34mcolcon.colcon_core.package_identification[0m [1;30mLevel 1[0m _identify(src/spider_interfaces) by extensions ['ignore', 'ignore_ament_install']
[0.619s] [34mcolcon.colcon_core.package_identification[0m [1;30mLevel 1[0m _identify(src/spider_interfaces) by extension 'ignore'
[0.619s] [34mcolcon.colcon_core.package_identification[0m [1;30mLevel 1[0m _identify(src/spider_interfaces) by extension 'ignore_ament_install'
[0.620s] [34mcolcon.colcon_core.package_identification[0m [1;30mLevel 1[0m _identify(src/spider_interfaces) by extensions ['colcon_pkg']
[0.620s] [34mcolcon.colcon_core.package_identification[0m [1;30mLevel 1[0m _identify(src/spider_interfaces) by extension 'colcon_pkg'
[0.620s] [34mcolcon.colcon_core.package_identification[0m [1;30mLevel 1[0m _identify(src/spider_interfaces) by extensions ['colcon_meta']
[0.620s] [34mcolcon.colcon_core.package_identification[0m [1;30mLevel 1[0m _identify(src/spider_interfaces) by extension 'colcon_meta'
[0.620s] [34mcolcon.colcon_core.package_identification[0m [1;30mLevel 1[0m _identify(src/spider_interfaces) by extensions ['ros']
[0.620s] [34mcolcon.colcon_core.package_identification[0m [1;30mLevel 1[0m _identify(src/spider_interfaces) by extension 'ros'
[0.621s] [34mcolcon.colcon_core.package_identification[0m [1;30mDEBUG[0m [32mPackage 'src/spider_interfaces' with type 'ros.ament_cmake' and name 'spider_interfaces'[0m
[0.622s] [34mcolcon.colcon_core.package_identification[0m [1;30mLevel 1[0m _identify(src/spider_nav) by extensions ['ignore', 'ignore_ament_install']
[0.622s] [34mcolcon.colcon_core.package_identification[0m [1;30mLevel 1[0m _identify(src/spider_nav) by extension 'ignore'
[0.622s] [34mcolcon.colcon_core.package_identification[0m [1;30mLevel 1[0m _identify(src/spider_nav) by extension 'ignore_ament_install'
[0.622s] [34mcolcon.colcon_core.package_identification[0m [1;30mLevel 1[0m _identify(src/spider_nav) by extensions ['colcon_pkg']
[0.622s] [34mcolcon.colcon_core.package_identification[0m [1;30mLevel 1[0m _identify(src/spider_nav) by extension 'colcon_pkg'
[0.622s] [34mcolcon.colcon_core.package_identification[0m [1;30mLevel 1[0m _identify(src/spider_nav) by extensions ['colcon_meta']
[0.622s] [34mcolcon.colcon_core.package_identification[0m [1;30mLevel 1[0m _identify(src/spider_nav) by extension 'colcon_meta'
[0.622s] [34mcolcon.colcon_core.package_identification[0m [1;30mLevel 1[0m _identify(src/spider_nav) by extensions ['ros']
[0.622s] [34mcolcon.colcon_core.package_identification[0m [1;30mLevel 1[0m _identify(src/spider_nav) by extension 'ros'
[0.625s] [34mcolcon.colcon_core.package_identification[0m [1;30mDEBUG[0m [32mPackage 'src/spider_nav' with type 'ros.ament_python' and name 'spider_nav'[0m
[0.625s] [34mcolcon.colcon_core.package_discovery[0m [1;30mLevel 1[0m discover_packages(recursive) using defaults
[0.625s] [34mcolcon.colcon_core.package_discovery[0m [1;30mLevel 1[0m discover_packages(ignore) discover
[0.625s] [34mcolcon.colcon_core.package_discovery[0m [1;30mLevel 1[0m discover_packages(ignore) using defaults
[0.625s] [34mcolcon.colcon_core.package_discovery[0m [1;30mLevel 1[0m discover_packages(path) discover
[0.626s] [34mcolcon.colcon_core.package_discovery[0m [1;30mLevel 1[0m discover_packages(path) using defaults
[0.660s] [34mcolcon.colcon_core.package_discovery[0m [1;30mLevel 1[0m discover_packages(prefix_path) check parameters
[0.660s] [34mcolcon.colcon_core.package_discovery[0m [1;30mLevel 1[0m discover_packages(prefix_path) discover
[0.664s] [34mcolcon.colcon_installed_package_information.package_discovery[0m [1;30mDEBUG[0m [32mFound 172 installed packages in /opt/ros/humble[0m
[0.668s] [34mcolcon.colcon_core.package_discovery[0m [1;30mLevel 1[0m discover_packages(prefix_path) using defaults
[0.743s] [34mcolcon.colcon_core.verb[0m [1;30mLevel 5[0m set package 'spider_interfaces' build argument 'cmake_args' from command line to 'None'
[0.743s] [34mcolcon.colcon_core.verb[0m [1;30mLevel 5[0m set package 'spider_interfaces' build argument 'cmake_target' from command line to 'None'
[0.744s] [34mcolcon.colcon_core.verb[0m [1;30mLevel 5[0m set package 'spider_interfaces' build argument 'cmake_target_skip_unavailable' from command line to 'False'
[0.744s] [34mcolcon.colcon_core.verb[0m [1;30mLevel 5[0m set package 'spider_interfaces' build argument 'cmake_clean_cache' from command line to 'False'
[0.744s] [34mcolcon.colcon_core.verb[0m [1;30mLevel 5[0m set package 'spider_interfaces' build argument 'cmake_clean_first' from command line to 'False'
[0.744s] [34mcolcon.colcon_core.verb[0m [1;30mLevel 5[0m set package 'spider_interfaces' build argument 'cmake_force_configure' from command line to 'False'
[0.744s] [34mcolcon.colcon_core.verb[0m [1;30mLevel 5[0m set package 'spider_interfaces' build argument 'ament_cmake_args' from command line to 'None'
[0.744s] [34mcolcon.colcon_core.verb[0m [1;30mLevel 5[0m set package 'spider_interfaces' build argument 'catkin_cmake_args' from command line to 'None'
[0.744s] [34mcolcon.colcon_core.verb[0m [1;30mLevel 5[0m set package 'spider_interfaces' build argument 'catkin_skip_building_tests' from command line to 'False'
[0.744s] [34mcolcon.colcon_core.verb[0m [1;30mDEBUG[0m [32mBuilding package 'spider_interfaces' with the following arguments: {'ament_cmake_args': None, 'build_base': '/home/alexcc/repos/SPIDER_25008/SPIDER_ws/build/spider_interfaces', 'catkin_cmake_args': None, 'catkin_skip_building_tests': False, 'cmake_args': None, 'cmake_clean_cache': False, 'cmake_clean_first': False, 'cmake_force_configure': False, 'cmake_target': None, 'cmake_target_skip_unavailable': False, 'install_base': '/home/alexcc/repos/SPIDER_25008/SPIDER_ws/install/spider_interfaces', 'merge_install': False, 'path': '/home/alexcc/repos/SPIDER_25008/SPIDER_ws/src/spider_interfaces', 'symlink_install': True, 'test_result_base': None}[0m
[0.745s] [34mcolcon.colcon_core.verb[0m [1;30mLevel 5[0m set package 'locomotion' build argument 'cmake_args' from command line to 'None'
[0.745s] [34mcolcon.colcon_core.verb[0m [1;30mLevel 5[0m set package 'locomotion' build argument 'cmake_target' from command line to 'None'
[0.745s] [34mcolcon.colcon_core.verb[0m [1;30mLevel 5[0m set package 'locomotion' build argument 'cmake_target_skip_unavailable' from command line to 'False'
[0.745s] [34mcolcon.colcon_core.verb[0m [1;30mLevel 5[0m set package 'locomotion' build argument 'cmake_clean_cache' from command line to 'False'
[0.745s] [34mcolcon.colcon_core.verb[0m [1;30mLevel 5[0m set package 'locomotion' build argument 'cmake_clean_first' from command line to 'False'
[0.745s] [34mcolcon.colcon_core.verb[0m [1;30mLevel 5[0m set package 'locomotion' build argument 'cmake_force_configure' from command line to 'False'
[0.745s] [34mcolcon.colcon_core.verb[0m [1;30mLevel 5[0m set package 'locomotion' build argument 'ament_cmake_args' from command line to 'None'
[0.745s] [34mcolcon.colcon_core.verb[0m [1;30mLevel 5[0m set package 'locomotion' build argument 'catkin_cmake_args' from command line to 'None'
[0.745s] [34mcolcon.colcon_core.verb[0m [1;30mLevel 5[0m set package 'locomotion' build argument 'catkin_skip_building_tests' from command line to 'False'
[0.746s] [34mcolcon.colcon_core.verb[0m [1;30mDEBUG[0m [32mBuilding package 'locomotion' with the following arguments: {'ament_cmake_args': None, 'build_base': '/home/alexcc/repos/SPIDER_25008/SPIDER_ws/build/locomotion', 'catkin_cmake_args': None, 'catkin_skip_building_tests': False, 'cmake_args': None, 'cmake_clean_cache': False, 'cmake_clean_first': False, 'cmake_force_configure': False, 'cmake_target': None, 'cmake_target_skip_unavailable': False, 'install_base': '/home/alexcc/repos/SPIDER_25008/SPIDER_ws/install/locomotion', 'merge_install': False, 'path': '/home/alexcc/repos/SPIDER_25008/SPIDER_ws/src/locomotion', 'symlink_install': True, 'test_result_base': None}[0m
[0.746s] [34mcolcon.colcon_core.verb[0m [1;30mLevel 5[0m set package 'spider_nav' build argument 'cmake_args' from command line to 'None'
[0.746s] [34mcolcon.colcon_core.verb[0m [1;30mLevel 5[0m set package 'spider_nav' build argument 'cmake_target' from command line to 'None'
[0.746s] [34mcolcon.colcon_core.verb[0m [1;30mLevel 5[0m set package 'spider_nav' build argument 'cmake_target_skip_unavailable' from command line to 'False'
[0.746s] [34mcolcon.colcon_core.verb[0m [1;30mLevel 5[0m set package 'spider_nav' build argument 'cmake_clean_cache' from command line to 'False'
[0.746s] [34mcolcon.colcon_core.verb[0m [1;30mLevel 5[0m set package 'spider_nav' build argument 'cmake_clean_first' from command line to 'False'
[0.746s] [34mcolcon.colcon_core.verb[0m [1;30mLevel 5[0m set package 'spider_nav' build argument 'cmake_force_configure' from command line to 'False'
[0.747s] [34mcolcon.colcon_core.verb[0m [1;30mLevel 5[0m set package 'spider_nav' build argument 'ament_cmake_args' from command line to 'None'
[0.747s] [34mcolcon.colcon_core.verb[0m [1;30mLevel 5[0m set package 'spider_nav' build argument 'catkin_cmake_args' from command line to 'None'
[0.747s] [34mcolcon.colcon_core.verb[0m [1;30mLevel 5[0m set package 'spider_nav' build argument 'catkin_skip_building_tests' from command line to 'False'
[0.747s] [34mcolcon.colcon_core.verb[0m [1;30mDEBUG[0m [32mBuilding package 'spider_nav' with the following arguments: {'ament_cmake_args': None, 'build_base': '/home/alexcc/repos/SPIDER_25008/SPIDER_ws/build/spider_nav', 'catkin_cmake_args': None, 'catkin_skip_building_tests': False, 'cmake_args': None, 'cmake_clean_cache': False, 'cmake_clean_first': False, 'cmake_force_configure': False, 'cmake_target': None, 'cmake_target_skip_unavailable': False, 'install_base': '/home/alexcc/repos/SPIDER_25008/SPIDER_ws/install/spider_nav', 'merge_install': False, 'path': '/home/alexcc/repos/SPIDER_25008/SPIDER_ws/src/spider_nav', 'symlink_install': True, 'test_result_base': None}[0m
[0.747s] [34mcolcon.colcon_core.verb[0m [1;30mLevel 5[0m set package 'data_transfer' build argument 'cmake_args' from command line to 'None'
[0.747s] [34mcolcon.colcon_core.verb[0m [1;30mLevel 5[0m set package 'data_transfer' build argument 'cmake_target' from command line to 'None'
[0.747s] [34mcolcon.colcon_core.verb[0m [1;30mLevel 5[0m set package 'data_transfer' build argument 'cmake_target_skip_unavailable' from command line to 'False'
[0.748s] [34mcolcon.colcon_core.verb[0m [1;30mLevel 5[0m set package 'data_transfer' build argument 'cmake_clean_cache' from command line to 'False'
[0.748s] [34mcolcon.colcon_core.verb[0m [1;30mLevel 5[0m set package 'data_transfer' build argument 'cmake_clean_first' from command line to 'False'
[0.748s] [34mcolcon.colcon_core.verb[0m [1;30mLevel 5[0m set package 'data_transfer' build argument 'cmake_force_configure' from command line to 'False'
[0.748s] [34mcolcon.colcon_core.verb[0m [1;30mLevel 5[0m set package 'data_transfer' build argument 'ament_cmake_args' from command line to 'None'
[0.748s] [34mcolcon.colcon_core.verb[0m [1;30mLevel 5[0m set package 'data_transfer' build argument 'catkin_cmake_args' from command line to 'None'
[0.748s] [34mcolcon.colcon_core.verb[0m [1;30mLevel 5[0m set package 'data_transfer' build argument 'catkin_skip_building_tests' from command line to 'False'
[0.748s] [34mcolcon.colcon_core.verb[0m [1;30mDEBUG[0m [32mBuilding package 'data_transfer' with the following arguments: {'ament_cmake_args': None, 'build_base': '/home/alexcc/repos/SPIDER_25008/SPIDER_ws/build/data_transfer', 'catkin_cmake_args': None, 'catkin_skip_building_tests': False, 'cmake_args': None, 'cmake_clean_cache': False, 'cmake_clean_first': False, 'cmake_force_configure': False, 'cmake_target': None, 'cmake_target_skip_unavailable': False, 'install_base': '/home/alexcc/repos/SPIDER_25008/SPIDER_ws/install/data_transfer', 'merge_install': False, 'path': '/home/alexcc/repos/SPIDER_25008/SPIDER_ws/src/data_transfer', 'symlink_install': True, 'test_result_base': None}[0m
[0.748s] [34mcolcon.colcon_core.executor[0m [1;30mINFO[0m Executing jobs using 'parallel' executor
[0.750s] [34mcolcon.colcon_parallel_executor.executor.parallel[0m [1;30mDEBUG[0m [32mrun_until_complete[0m
[0.751s] [34mcolcon.colcon_ros.task.ament_cmake.build[0m [1;30mINFO[0m Building ROS package in '/home/alexcc/repos/SPIDER_25008/SPIDER_ws/src/spider_interfaces' with build type 'ament_cmake'
[0.751s] [34mcolcon.colcon_cmake.task.cmake.build[0m [1;30mINFO[0m Building CMake package in '/home/alexcc/repos/SPIDER_25008/SPIDER_ws/src/spider_interfaces'
[0.756s] [34mcolcon.colcon_core.plugin_system[0m [1;30mINFO[0m Skipping extension 'colcon_core.shell.bat': Not used on non-Windows systems
[0.756s] [34mcolcon.colcon_core.shell[0m [1;30mINFO[0m Skip shell extension 'powershell' for command environment: Not usable outside of PowerShell
[0.756s] [34mcolcon.colcon_core.shell[0m [1;30mDEBUG[0m [32mSkip shell extension 'dsv' for command environment[0m
[0.769s] [34mcolcon.colcon_core.event_handler.log_command[0m [1;30mDEBUG[0m [32mInvoking command in '/home/alexcc/repos/SPIDER_25008/SPIDER_ws/build/spider_interfaces': CMAKE_PREFIX_PATH=/opt/ros/humble /home/alexcc/.local/bin/cmake /home/alexcc/repos/SPIDER_25008/SPIDER_ws/src/spider_interfaces -DAMENT_CMAKE_SYMLINK_INSTALL=1 -DCMAKE_INSTALL_PREFIX=/home/alexcc/repos/SPIDER_25008/SPIDER_ws/install/spider_interfaces[0m
[6.450s] [34mcolcon.colcon_core.event_handler.log_command[0m [1;30mDEBUG[0m [32mInvoked command in '/home/alexcc/repos/SPIDER_25008/SPIDER_ws/build/spider_interfaces' returned '0': CMAKE_PREFIX_PATH=/opt/ros/humble /home/alexcc/.local/bin/cmake /home/alexcc/repos/SPIDER_25008/SPIDER_ws/src/spider_interfaces -DAMENT_CMAKE_SYMLINK_INSTALL=1 -DCMAKE_INSTALL_PREFIX=/home/alexcc/repos/SPIDER_25008/SPIDER_ws/install/spider_interfaces[0m
[6.454s] [34mcolcon.colcon_core.event_handler.log_command[0m [1;30mDEBUG[0m [32mInvoking command in '/home/alexcc/repos/SPIDER_25008/SPIDER_ws/build/spider_interfaces': CMAKE_PREFIX_PATH=/opt/ros/humble /home/alexcc/.local/bin/cmake --build /home/alexcc/repos/SPIDER_25008/SPIDER_ws/build/spider_interfaces -- -j6 -l6[0m
[11.278s] [34mcolcon.colcon_core.event_handler.log_command[0m [1;30mDEBUG[0m [32mInvoked command in '/home/alexcc/repos/SPIDER_25008/SPIDER_ws/build/spider_interfaces' returned '0': CMAKE_PREFIX_PATH=/opt/ros/humble /home/alexcc/.local/bin/cmake --build /home/alexcc/repos/SPIDER_25008/SPIDER_ws/build/spider_interfaces -- -j6 -l6[0m
[11.443s] [34mcolcon.colcon_core.event_handler.log_command[0m [1;30mDEBUG[0m [32mInvoking command in '/home/alexcc/repos/SPIDER_25008/SPIDER_ws/build/spider_interfaces': CMAKE_PREFIX_PATH=/opt/ros/humble /home/alexcc/.local/bin/cmake --install /home/alexcc/repos/SPIDER_25008/SPIDER_ws/build/spider_interfaces[0m
[11.756s] [34mcolcon.colcon_core.environment[0m [1;30mLevel 1[0m create_environment_scripts_only(spider_interfaces)
[11.758s] [34mcolcon.colcon_core.event_handler.log_command[0m [1;30mDEBUG[0m [32mInvoked command in '/home/alexcc/repos/SPIDER_25008/SPIDER_ws/build/spider_interfaces' returned '0': CMAKE_PREFIX_PATH=/opt/ros/humble /home/alexcc/.local/bin/cmake --install /home/alexcc/repos/SPIDER_25008/SPIDER_ws/build/spider_interfaces[0m
[11.766s] [34mcolcon.colcon_core.environment[0m [1;30mLevel 1[0m checking '/home/alexcc/repos/SPIDER_25008/SPIDER_ws/install/spider_interfaces' for CMake module files
[11.769s] [34mcolcon.colcon_core.environment[0m [1;30mLevel 1[0m checking '/home/alexcc/repos/SPIDER_25008/SPIDER_ws/install/spider_interfaces' for CMake config files
[11.773s] [34mcolcon.colcon_core.shell[0m [1;30mLevel 1[0m create_environment_hook('spider_interfaces', 'cmake_prefix_path')
[11.774s] [34mcolcon.colcon_core.shell[0m [1;30mINFO[0m Creating environment hook '/home/alexcc/repos/SPIDER_25008/SPIDER_ws/install/spider_interfaces/share/spider_interfaces/hook/cmake_prefix_path.ps1'
[11.776s] [34mcolcon.colcon_core.shell[0m [1;30mINFO[0m Creating environment descriptor '/home/alexcc/repos/SPIDER_25008/SPIDER_ws/install/spider_interfaces/share/spider_interfaces/hook/cmake_prefix_path.dsv'
[11.777s] [34mcolcon.colcon_core.shell[0m [1;30mINFO[0m Creating environment hook '/home/alexcc/repos/SPIDER_25008/SPIDER_ws/install/spider_interfaces/share/spider_interfaces/hook/cmake_prefix_path.sh'
[11.780s] [34mcolcon.colcon_core.environment[0m [1;30mLevel 1[0m checking '/home/alexcc/repos/SPIDER_25008/SPIDER_ws/install/spider_interfaces/lib'
[11.781s] [34mcolcon.colcon_core.shell[0m [1;30mLevel 1[0m create_environment_hook('spider_interfaces', 'ld_library_path_lib')
[11.782s] [34mcolcon.colcon_core.shell[0m [1;30mINFO[0m Creating environment hook '/home/alexcc/repos/SPIDER_25008/SPIDER_ws/install/spider_interfaces/share/spider_interfaces/hook/ld_library_path_lib.ps1'
[11.784s] [34mcolcon.colcon_core.shell[0m [1;30mINFO[0m Creating environment descriptor '/home/alexcc/repos/SPIDER_25008/SPIDER_ws/install/spider_interfaces/share/spider_interfaces/hook/ld_library_path_lib.dsv'
[11.785s] [34mcolcon.colcon_core.shell[0m [1;30mINFO[0m Creating environment hook '/home/alexcc/repos/SPIDER_25008/SPIDER_ws/install/spider_interfaces/share/spider_interfaces/hook/ld_library_path_lib.sh'
[11.786s] [34mcolcon.colcon_core.environment[0m [1;30mLevel 1[0m checking '/home/alexcc/repos/SPIDER_25008/SPIDER_ws/install/spider_interfaces/bin'
[11.786s] [34mcolcon.colcon_core.environment[0m [1;30mLevel 1[0m checking '/home/alexcc/repos/SPIDER_25008/SPIDER_ws/install/spider_interfaces/lib/pkgconfig/spider_interfaces.pc'
[11.787s] [34mcolcon.colcon_core.environment[0m [1;30mLevel 1[0m checking '/home/alexcc/repos/SPIDER_25008/SPIDER_ws/install/spider_interfaces/lib/python3.10/site-packages'
[11.787s] [34mcolcon.colcon_core.environment[0m [1;30mLevel 1[0m checking '/home/alexcc/repos/SPIDER_25008/SPIDER_ws/install/spider_interfaces/bin'
[11.788s] [34mcolcon.colcon_core.shell[0m [1;30mINFO[0m Creating package script '/home/alexcc/repos/SPIDER_25008/SPIDER_ws/install/spider_interfaces/share/spider_interfaces/package.ps1'
[11.790s] [34mcolcon.colcon_core.shell[0m [1;30mINFO[0m Creating package descriptor '/home/alexcc/repos/SPIDER_25008/SPIDER_ws/install/spider_interfaces/share/spider_interfaces/package.dsv'
[11.792s] [34mcolcon.colcon_core.shell[0m [1;30mINFO[0m Creating package script '/home/alexcc/repos/SPIDER_25008/SPIDER_ws/install/spider_interfaces/share/spider_interfaces/package.sh'
[11.793s] [34mcolcon.colcon_core.shell[0m [1;30mINFO[0m Creating package script '/home/alexcc/repos/SPIDER_25008/SPIDER_ws/install/spider_interfaces/share/spider_interfaces/package.bash'
[11.795s] [34mcolcon.colcon_core.shell[0m [1;30mINFO[0m Creating package script '/home/alexcc/repos/SPIDER_25008/SPIDER_ws/install/spider_interfaces/share/spider_interfaces/package.zsh'
[11.798s] [34mcolcon.colcon_core.environment[0m [1;30mLevel 1[0m create_file_with_runtime_dependencies(/home/alexcc/repos/SPIDER_25008/SPIDER_ws/install/spider_interfaces/share/colcon-core/packages/spider_interfaces)
[11.800s] [34mcolcon.colcon_core.environment[0m [1;30mLevel 1[0m create_environment_scripts_only(spider_interfaces)
[11.801s] [34mcolcon.colcon_core.environment[0m [1;30mLevel 1[0m checking '/home/alexcc/repos/SPIDER_25008/SPIDER_ws/install/spider_interfaces' for CMake module files
[11.803s] [34mcolcon.colcon_core.environment[0m [1;30mLevel 1[0m checking '/home/alexcc/repos/SPIDER_25008/SPIDER_ws/install/spider_interfaces' for CMake config files
[11.807s] [34mcolcon.colcon_core.shell[0m [1;30mLevel 1[0m create_environment_hook('spider_interfaces', 'cmake_prefix_path')
[11.808s] [34mcolcon.colcon_core.shell[0m [1;30mINFO[0m Creating environment hook '/home/alexcc/repos/SPIDER_25008/SPIDER_ws/install/spider_interfaces/share/spider_interfaces/hook/cmake_prefix_path.ps1'
[11.809s] [34mcolcon.colcon_core.shell[0m [1;30mINFO[0m Creating environment descriptor '/home/alexcc/repos/SPIDER_25008/SPIDER_ws/install/spider_interfaces/share/spider_interfaces/hook/cmake_prefix_path.dsv'
[11.810s] [34mcolcon.colcon_core.shell[0m [1;30mINFO[0m Creating environment hook '/home/alexcc/repos/SPIDER_25008/SPIDER_ws/install/spider_interfaces/share/spider_interfaces/hook/cmake_prefix_path.sh'
[11.811s] [34mcolcon.colcon_core.environment[0m [1;30mLevel 1[0m checking '/home/alexcc/repos/SPIDER_25008/SPIDER_ws/install/spider_interfaces/lib'
[11.811s] [34mcolcon.colcon_core.shell[0m [1;30mLevel 1[0m create_environment_hook('spider_interfaces', 'ld_library_path_lib')
[11.812s] [34mcolcon.colcon_core.shell[0m [1;30mINFO[0m Creating environment hook '/home/alexcc/repos/SPIDER_25008/SPIDER_ws/install/spider_interfaces/share/spider_interfaces/hook/ld_library_path_lib.ps1'
[11.813s] [34mcolcon.colcon_core.shell[0m [1;30mINFO[0m Creating environment descriptor '/home/alexcc/repos/SPIDER_25008/SPIDER_ws/install/spider_interfaces/share/spider_interfaces/hook/ld_library_path_lib.dsv'
[11.814s] [34mcolcon.colcon_core.shell[0m [1;30mINFO[0m Creating environment hook '/home/alexcc/repos/SPIDER_25008/SPIDER_ws/install/spider_interfaces/share/spider_interfaces/hook/ld_library_path_lib.sh'
[11.816s] [34mcolcon.colcon_core.environment[0m [1;30mLevel 1[0m checking '/home/alexcc/repos/SPIDER_25008/SPIDER_ws/install/spider_interfaces/bin'
[11.816s] [34mcolcon.colcon_core.environment[0m [1;30mLevel 1[0m checking '/home/alexcc/repos/SPIDER_25008/SPIDER_ws/install/spider_interfaces/lib/pkgconfig/spider_interfaces.pc'
[11.817s] [34mcolcon.colcon_core.environment[0m [1;30mLevel 1[0m checking '/home/alexcc/repos/SPIDER_25008/SPIDER_ws/install/spider_interfaces/lib/python3.10/site-packages'
[11.817s] [34mcolcon.colcon_core.environment[0m [1;30mLevel 1[0m checking '/home/alexcc/repos/SPIDER_25008/SPIDER_ws/install/spider_interfaces/bin'
[11.818s] [34mcolcon.colcon_core.shell[0m [1;30mINFO[0m Creating package script '/home/alexcc/repos/SPIDER_25008/SPIDER_ws/install/spider_interfaces/share/spider_interfaces/package.ps1'
[11.820s] [34mcolcon.colcon_core.shell[0m [1;30mINFO[0m Creating package descriptor '/home/alexcc/repos/SPIDER_25008/SPIDER_ws/install/spider_interfaces/share/spider_interfaces/package.dsv'
[11.821s] [34mcolcon.colcon_core.shell[0m [1;30mINFO[0m Creating package script '/home/alexcc/repos/SPIDER_25008/SPIDER_ws/install/spider_interfaces/share/spider_interfaces/package.sh'
[11.822s] [34mcolcon.colcon_core.shell[0m [1;30mINFO[0m Creating package script '/home/alexcc/repos/SPIDER_25008/SPIDER_ws/install/spider_interfaces/share/spider_interfaces/package.bash'
[11.823s] [34mcolcon.colcon_core.shell[0m [1;30mINFO[0m Creating package script '/home/alexcc/repos/SPIDER_25008/SPIDER_ws/install/spider_interfaces/share/spider_interfaces/package.zsh'
[11.824s] [34mcolcon.colcon_core.environment[0m [1;30mLevel 1[0m create_file_with_runtime_dependencies(/home/alexcc/repos/SPIDER_25008/SPIDER_ws/install/spider_interfaces/share/colcon-core/packages/spider_interfaces)
[11.825s] [34mcolcon.colcon_ros.task.ament_python.build[0m [1;30mINFO[0m Building ROS package in '/home/alexcc/repos/SPIDER_25008/SPIDER_ws/src/locomotion' with build type 'ament_python'
[11.826s] [34mcolcon.colcon_core.shell[0m [1;30mLevel 1[0m create_environment_hook('locomotion', 'ament_prefix_path')
[11.826s] [34mcolcon.colcon_core.shell[0m [1;30mINFO[0m Creating environment hook '/home/alexcc/repos/SPIDER_25008/SPIDER_ws/install/locomotion/share/locomotion/hook/ament_prefix_path.ps1'
[11.828s] [34mcolcon.colcon_core.shell[0m [1;30mINFO[0m Creating environment descriptor '/home/alexcc/repos/SPIDER_25008/SPIDER_ws/install/locomotion/share/locomotion/hook/ament_prefix_path.dsv'
[11.830s] [34mcolcon.colcon_core.shell[0m [1;30mINFO[0m Creating environment hook '/home/alexcc/repos/SPIDER_25008/SPIDER_ws/install/locomotion/share/locomotion/hook/ament_prefix_path.sh'
[11.831s] [34mcolcon.colcon_core.shell[0m [1;30mINFO[0m Skip shell extension 'powershell' for command environment: Not usable outside of PowerShell
[11.832s] [34mcolcon.colcon_core.shell[0m [1;30mDEBUG[0m [32mSkip shell extension 'dsv' for command environment[0m
[12.347s] [34mcolcon.colcon_core.task.python.build[0m [1;30mINFO[0m Building Python package in '/home/alexcc/repos/SPIDER_25008/SPIDER_ws/src/locomotion'
[12.348s] [34mcolcon.colcon_core.shell[0m [1;30mINFO[0m Skip shell extension 'powershell' for command environment: Not usable outside of PowerShell
[12.348s] [34mcolcon.colcon_core.shell[0m [1;30mDEBUG[0m [32mSkip shell extension 'dsv' for command environment[0m
[13.073s] [34mcolcon.colcon_core.event_handler.log_command[0m [1;30mDEBUG[0m [32mInvoking command in '/home/alexcc/repos/SPIDER_25008/SPIDER_ws/build/locomotion': AMENT_PREFIX_PATH=/home/alexcc/repos/SPIDER_25008/SPIDER_ws/install/spider_interfaces:${AMENT_PREFIX_PATH} CMAKE_PREFIX_PATH=/home/alexcc/repos/SPIDER_25008/SPIDER_ws/install/spider_interfaces LD_LIBRARY_PATH=/home/alexcc/repos/SPIDER_25008/SPIDER_ws/install/spider_interfaces/lib:${LD_LIBRARY_PATH} PYTHONPATH=/home/alexcc/repos/SPIDER_25008/SPIDER_ws/build/locomotion/prefix_override:/usr/lib/python3/dist-packages/colcon_core/task/python/colcon_distutils_commands:/home/alexcc/repos/SPIDER_25008/SPIDER_ws/install/locomotion/lib/python3.10/site-packages:/home/alexcc/repos/SPIDER_25008/SPIDER_ws/install/spider_interfaces/local/lib/python3.10/dist-packages:${PYTHONPATH} /usr/bin/python3 -W ignore:setup.py install is deprecated -W ignore:easy_install command is deprecated setup.py develop --editable --build-directory /home/alexcc/repos/SPIDER_25008/SPIDER_ws/build/locomotion/build --no-deps symlink_data[0m
[13.936s] [34mcolcon.colcon_core.event_handler.log_command[0m [1;30mDEBUG[0m [32mInvoked command in '/home/alexcc/repos/SPIDER_25008/SPIDER_ws/build/locomotion' returned '1': AMENT_PREFIX_PATH=/home/alexcc/repos/SPIDER_25008/SPIDER_ws/install/spider_interfaces:${AMENT_PREFIX_PATH} CMAKE_PREFIX_PATH=/home/alexcc/repos/SPIDER_25008/SPIDER_ws/install/spider_interfaces LD_LIBRARY_PATH=/home/alexcc/repos/SPIDER_25008/SPIDER_ws/install/spider_interfaces/lib:${LD_LIBRARY_PATH} PYTHONPATH=/home/alexcc/repos/SPIDER_25008/SPIDER_ws/build/locomotion/prefix_override:/usr/lib/python3/dist-packages/colcon_core/task/python/colcon_distutils_commands:/home/alexcc/repos/SPIDER_25008/SPIDER_ws/install/locomotion/lib/python3.10/site-packages:/home/alexcc/repos/SPIDER_25008/SPIDER_ws/install/spider_interfaces/local/lib/python3.10/dist-packages:${PYTHONPATH} /usr/bin/python3 -W ignore:setup.py install is deprecated -W ignore:easy_install command is deprecated setup.py develop --editable --build-directory /home/alexcc/repos/SPIDER_25008/SPIDER_ws/build/locomotion/build --no-deps symlink_data[0m
[13.945s] [34mcolcon.colcon_parallel_executor.executor.parallel[0m [1;30mDEBUG[0m [32mclosing loop[0m
[13.946s] [34mcolcon.colcon_parallel_executor.executor.parallel[0m [1;30mDEBUG[0m [32mloop closed[0m
[13.947s] [34mcolcon.colcon_parallel_executor.executor.parallel[0m [1;30mDEBUG[0m [32mrun_until_complete finished with '1'[0m
[13.947s] [34mcolcon.colcon_core.event_reactor[0m [1;30mDEBUG[0m [32mjoining thread[0m
[13.968s] [34mcolcon.colcon_core.plugin_system[0m [1;30mINFO[0m Skipping extension 'colcon_notification.desktop_notification.terminal_notifier': Not used on non-Darwin systems
[13.968s] [34mcolcon.colcon_core.plugin_system[0m [1;30mINFO[0m Skipping extension 'colcon_notification.desktop_notification.win32': Not used on non-Windows systems
[13.968s] [34mcolcon.colcon_notification.desktop_notification[0m [1;30mINFO[0m Sending desktop notification using 'notify2'
[14.013s] [34mcolcon.colcon_core.event_reactor[0m [1;30mDEBUG[0m [32mjoined thread[0m
[14.015s] [34mcolcon.colcon_core.shell[0m [1;30mINFO[0m Creating prefix script '/home/alexcc/repos/SPIDER_25008/SPIDER_ws/install/local_setup.ps1'
[14.018s] [34mcolcon.colcon_core.shell[0m [1;30mINFO[0m Creating prefix util module '/home/alexcc/repos/SPIDER_25008/SPIDER_ws/install/_local_setup_util_ps1.py'
[14.024s] [34mcolcon.colcon_core.shell[0m [1;30mINFO[0m Creating prefix chain script '/home/alexcc/repos/SPIDER_25008/SPIDER_ws/install/setup.ps1'
[14.028s] [34mcolcon.colcon_core.shell[0m [1;30mINFO[0m Creating prefix script '/home/alexcc/repos/SPIDER_25008/SPIDER_ws/install/local_setup.sh'
[14.032s] [34mcolcon.colcon_core.shell[0m [1;30mINFO[0m Creating prefix util module '/home/alexcc/repos/SPIDER_25008/SPIDER_ws/install/_local_setup_util_sh.py'
[14.035s] [34mcolcon.colcon_core.shell[0m [1;30mINFO[0m Creating prefix chain script '/home/alexcc/repos/SPIDER_25008/SPIDER_ws/install/setup.sh'
[14.039s] [34mcolcon.colcon_core.shell[0m [1;30mINFO[0m Creating prefix script '/home/alexcc/repos/SPIDER_25008/SPIDER_ws/install/local_setup.bash'
[14.041s] [34mcolcon.colcon_core.shell[0m [1;30mINFO[0m Creating prefix chain script '/home/alexcc/repos/SPIDER_25008/SPIDER_ws/install/setup.bash'
[14.044s] [34mcolcon.colcon_core.shell[0m [1;30mINFO[0m Creating prefix script '/home/alexcc/repos/SPIDER_25008/SPIDER_ws/install/local_setup.zsh'
[14.046s] [34mcolcon.colcon_core.shell[0m [1;30mINFO[0m Creating prefix chain script '/home/alexcc/repos/SPIDER_25008/SPIDER_ws/install/setup.zsh'
